Archive member included because of file (symbol)

e:/arduino-1.5.8/hardware/tools/gcc-arm-none-eabi-4.8.3-2014q1/bin/../lib/gcc/arm-none-eabi/4.8.3/armv7e-m\libgcc.a(_arm_addsubdf3.o)
                              ./src/PanelDue.o (__aeabi_dsub)
e:/arduino-1.5.8/hardware/tools/gcc-arm-none-eabi-4.8.3-2014q1/bin/../lib/gcc/arm-none-eabi/4.8.3/armv7e-m\libgcc.a(_arm_muldivdf3.o)
                              ./src/PanelDue.o (__aeabi_dmul)
e:/arduino-1.5.8/hardware/tools/gcc-arm-none-eabi-4.8.3-2014q1/bin/../lib/gcc/arm-none-eabi/4.8.3/armv7e-m\libgcc.a(_arm_fixdfsi.o)
                              ./src/PanelDue.o (__aeabi_d2iz)
e:/arduino-1.5.8/hardware/tools/gcc-arm-none-eabi-4.8.3-2014q1/bin/../lib/gcc/arm-none-eabi/4.8.3/armv7e-m\libgcc.a(_arm_fixunsdfsi.o)
                              ./src/PanelDue.o (__aeabi_d2uiz)
e:/arduino-1.5.8/hardware/tools/gcc-arm-none-eabi-4.8.3-2014q1/bin/../lib/gcc/arm-none-eabi/4.8.3/armv7e-m\libgcc.a(_arm_truncdfsf2.o)
                              ./src/Print.o (__aeabi_d2f)
e:/arduino-1.5.8/hardware/tools/gcc-arm-none-eabi-4.8.3-2014q1/bin/../lib/gcc/arm-none-eabi/4.8.3/armv7e-m\libgcc.a(_arm_addsubsf3.o)
                              ./src/Print.o (__aeabi_fsub)
e:/arduino-1.5.8/hardware/tools/gcc-arm-none-eabi-4.8.3-2014q1/bin/../lib/gcc/arm-none-eabi/4.8.3/armv7e-m\libgcc.a(_arm_muldivsf3.o)
                              ./src/Print.o (__aeabi_fmul)
e:/arduino-1.5.8/hardware/tools/gcc-arm-none-eabi-4.8.3-2014q1/bin/../lib/gcc/arm-none-eabi/4.8.3/armv7e-m\libgcc.a(_arm_cmpsf2.o)
                              ./src/PanelDue.o (__aeabi_fcmplt)
e:/arduino-1.5.8/hardware/tools/gcc-arm-none-eabi-4.8.3-2014q1/bin/../lib/gcc/arm-none-eabi/4.8.3/armv7e-m\libgcc.a(_arm_unordsf2.o)
                              ./src/Print.o (__aeabi_fcmpun)
e:/arduino-1.5.8/hardware/tools/gcc-arm-none-eabi-4.8.3-2014q1/bin/../lib/gcc/arm-none-eabi/4.8.3/armv7e-m\libgcc.a(_arm_fixsfsi.o)
                              ./src/PanelDue.o (__aeabi_f2iz)
e:/arduino-1.5.8/hardware/tools/gcc-arm-none-eabi-4.8.3-2014q1/bin/../lib/gcc/arm-none-eabi/4.8.3/armv7e-m\libgcc.a(_arm_fixunssfsi.o)
                              ./src/Print.o (__aeabi_f2uiz)
e:/arduino-1.5.8/hardware/tools/gcc-arm-none-eabi-4.8.3-2014q1/bin/../lib/gcc/arm-none-eabi/4.8.3/../../../../arm-none-eabi/lib/armv7e-m\libc_s.a(lib_a-exit.o)
                              e:/arduino-1.5.8/hardware/tools/gcc-arm-none-eabi-4.8.3-2014q1/bin/../lib/gcc/arm-none-eabi/4.8.3/../../../../arm-none-eabi/lib/armv7e-m/crt0.o (exit)
e:/arduino-1.5.8/hardware/tools/gcc-arm-none-eabi-4.8.3-2014q1/bin/../lib/gcc/arm-none-eabi/4.8.3/../../../../arm-none-eabi/lib/armv7e-m\libc_s.a(lib_a-impure.o)
                              e:/arduino-1.5.8/hardware/tools/gcc-arm-none-eabi-4.8.3-2014q1/bin/../lib/gcc/arm-none-eabi/4.8.3/../../../../arm-none-eabi/lib/armv7e-m\libc_s.a(lib_a-exit.o) (_global_impure_ptr)
e:/arduino-1.5.8/hardware/tools/gcc-arm-none-eabi-4.8.3-2014q1/bin/../lib/gcc/arm-none-eabi/4.8.3/../../../../arm-none-eabi/lib/armv7e-m\libc_s.a(lib_a-init.o)
                              e:/arduino-1.5.8/hardware/tools/gcc-arm-none-eabi-4.8.3-2014q1/bin/../lib/gcc/arm-none-eabi/4.8.3/../../../../arm-none-eabi/lib/armv7e-m/crt0.o (__libc_init_array)
e:/arduino-1.5.8/hardware/tools/gcc-arm-none-eabi-4.8.3-2014q1/bin/../lib/gcc/arm-none-eabi/4.8.3/../../../../arm-none-eabi/lib/armv7e-m\libc_s.a(lib_a-memcmp.o)
                              ./src/UserInterface.o (memcmp)
e:/arduino-1.5.8/hardware/tools/gcc-arm-none-eabi-4.8.3-2014q1/bin/../lib/gcc/arm-none-eabi/4.8.3/../../../../arm-none-eabi/lib/armv7e-m\libc_s.a(lib_a-memcpy-stub.o)
                              ./src/Hardware/FlashStorage.o (memcpy)
e:/arduino-1.5.8/hardware/tools/gcc-arm-none-eabi-4.8.3-2014q1/bin/../lib/gcc/arm-none-eabi/4.8.3/../../../../arm-none-eabi/lib/armv7e-m\libc_s.a(lib_a-memset.o)
                              e:/arduino-1.5.8/hardware/tools/gcc-arm-none-eabi-4.8.3-2014q1/bin/../lib/gcc/arm-none-eabi/4.8.3/../../../../arm-none-eabi/lib/armv7e-m/crt0.o (memset)
e:/arduino-1.5.8/hardware/tools/gcc-arm-none-eabi-4.8.3-2014q1/bin/../lib/gcc/arm-none-eabi/4.8.3/../../../../arm-none-eabi/lib/armv7e-m\libc_s.a(lib_a-printf.o)
                              ./src/ASF/sam/utils/syscalls/gcc/syscalls.o (printf)
e:/arduino-1.5.8/hardware/tools/gcc-arm-none-eabi-4.8.3-2014q1/bin/../lib/gcc/arm-none-eabi/4.8.3/../../../../arm-none-eabi/lib/armv7e-m\libc_s.a(lib_a-snprintf.o)
                              ./src/MessageLog.o (snprintf)
e:/arduino-1.5.8/hardware/tools/gcc-arm-none-eabi-4.8.3-2014q1/bin/../lib/gcc/arm-none-eabi/4.8.3/../../../../arm-none-eabi/lib/armv7e-m\libc_s.a(lib_a-strcasecmp.o)
                              ./src/FileManager.o (strcasecmp)
e:/arduino-1.5.8/hardware/tools/gcc-arm-none-eabi-4.8.3-2014q1/bin/../lib/gcc/arm-none-eabi/4.8.3/../../../../arm-none-eabi/lib/armv7e-m\libc_s.a(lib_a-strchr.o)
                              ./src/Hardware/UTFT.o (strchr)
[...]
Memory Configuration

Name             Origin             Length             Attributes
rom              0x00400000         0x00040000         xr
ram              0x20000000         0x00010000         xrw
*default*        0x00000000         0xffffffff

Linker script and memory map

LOAD e:/arduino-1.5.8/hardware/tools/gcc-arm-none-eabi-4.8.3-2014q1/bin/../lib/gcc/arm-none-eabi/4.8.3/armv7e-m/crti.o
LOAD e:/arduino-1.5.8/hardware/tools/gcc-arm-none-eabi-4.8.3-2014q1/bin/../lib/gcc/arm-none-eabi/4.8.3/armv7e-m/crtbegin.o
LOAD e:/arduino-1.5.8/hardware/tools/gcc-arm-none-eabi-4.8.3-2014q1/bin/../lib/gcc/arm-none-eabi/4.8.3/../../../../arm-none-eabi/lib/armv7e-m/crt0.o
                0x00001000                __stack_size__ = 0x1000
LOAD ./src/Library/Misc.o
LOAD ./src/Icons/HomeIcons.o
LOAD ./src/Icons/KeyIcons.o
LOAD ./src/Icons/MiscIcons.o
LOAD ./src/Icons/NozzleIcons.o
LOAD ./src/Hardware/Buzzer.o
LOAD ./src/Hardware/FlashStorage.o
LOAD ./src/Hardware/Mem.o
LOAD ./src/Hardware/OneBitPort.o
LOAD ./src/Hardware/SerialIo.o
LOAD ./src/Hardware/SysTick.o
LOAD ./src/Hardware/UTFT.o
LOAD ./src/Hardware/UTouch.o
LOAD ./src/Fonts/glcd10x10.o
LOAD ./src/Fonts/glcd16x16.o
LOAD ./src/Fonts/glcd19x20.o
LOAD ./src/Fonts/glcd19x21.o
LOAD ./src/Fonts/glcd20x30.o
LOAD ./src/Fonts/glcd22x32.o
LOAD ./src/Fonts/glcd28x32.o
LOAD ./src/ASF/sam/utils/syscalls/gcc/syscalls.o
LOAD ./src/ASF/sam/utils/cmsis/sam4s/source/templates/gcc/startup_sam4s.o
LOAD ./src/ASF/sam/utils/cmsis/sam4s/source/templates/system_sam4s.o
LOAD ./src/ASF/sam/services/flash_efc/flash_efc.o
LOAD ./src/ASF/sam/drivers/wdt/wdt.o
LOAD ./src/ASF/sam/drivers/uart/uart.o
LOAD ./src/ASF/sam/drivers/rstc/rstc.o
LOAD ./src/ASF/sam/drivers/pwm/pwm.o
LOAD ./src/ASF/sam/drivers/pmc/pmc.o
LOAD ./src/ASF/sam/drivers/pmc/sleep.o
LOAD ./src/ASF/sam/drivers/pio/pio.o
LOAD ./src/ASF/sam/drivers/pio/pio_handler.o
LOAD ./src/ASF/sam/drivers/matrix/matrix.o
LOAD ./src/ASF/sam/drivers/efc/efc.o
LOAD ./src/ASF/common/utils/interrupt/interrupt_sam_nvic.o
LOAD ./src/ASF/common/services/delay/sam/cycle_counter.o
LOAD ./src/ASF/common/services/clock/sam4s/sysclk.o
LOAD ./src/ASF/common/boards/user_board/init.o
LOAD ./src/ColourSchemes.o
LOAD ./src/Display.o
LOAD ./src/FileManager.o
LOAD ./src/MessageLog.o
LOAD ./src/PanelDue.o
LOAD ./src/Print.o
LOAD ./src/RequestTimer.o
LOAD ./src/UserInterface.o
LOAD e:/arduino-1.5.8/hardware/tools/gcc-arm-none-eabi-4.8.3-2014q1/bin/../lib/gcc/arm-none-eabi/4.8.3/../../../../arm-none-eabi/lib/armv7e-m\libstdc++_s.a
LOAD e:/arduino-1.5.8/hardware/tools/gcc-arm-none-eabi-4.8.3-2014q1/bin/../lib/gcc/arm-none-eabi/4.8.3/../../../../arm-none-eabi/lib/armv7e-m\libm.a
START GROUP
LOAD e:/arduino-1.5.8/hardware/tools/gcc-arm-none-eabi-4.8.3-2014q1/bin/../lib/gcc/arm-none-eabi/4.8.3/armv7e-m\libgcc.a
LOAD e:/arduino-1.5.8/hardware/tools/gcc-arm-none-eabi-4.8.3-2014q1/bin/../lib/gcc/arm-none-eabi/4.8.3/../../../../arm-none-eabi/lib/armv7e-m\libc_s.a
END GROUP
START GROUP
LOAD e:/arduino-1.5.8/hardware/tools/gcc-arm-none-eabi-4.8.3-2014q1/bin/../lib/gcc/arm-none-eabi/4.8.3/armv7e-m\libgcc.a
LOAD e:/arduino-1.5.8/hardware/tools/gcc-arm-none-eabi-4.8.3-2014q1/bin/../lib/gcc/arm-none-eabi/4.8.3/../../../../arm-none-eabi/lib/armv7e-m\libc_s.a
END GROUP
LOAD e:/arduino-1.5.8/hardware/tools/gcc-arm-none-eabi-4.8.3-2014q1/bin/../lib/gcc/arm-none-eabi/4.8.3/armv7e-m/crtend.o
LOAD e:/arduino-1.5.8/hardware/tools/gcc-arm-none-eabi-4.8.3-2014q1/bin/../lib/gcc/arm-none-eabi/4.8.3/armv7e-m/crtn.o
                0x00003000                __stack_size__ = DEFINED (__stack_size__)?__stack_size__:0x3000
                0x2000fffc                __ram_end__ = ((ORIGIN (ram) + 0x10000) - 0x4)
                0x00400000                __flash_start__ = ORIGIN (rom)
                0x00440000                __flash_end__ = (ORIGIN (rom) + 0x40000)

.text           0x00400000    0x16d5c
                0x00400000                . = ALIGN (0x4)
                0x00400000                _sfixed = .
 *(.vectors .vectors.*)
 .vectors       0x00400000       0xcc ./src/ASF/sam/utils/cmsis/sam4s/source/templates/gcc/startup_sam4s.o
                0x00400000                exception_table
 *(.text .text.* .gnu.linkonce.t.*)
 .text          0x004000cc       0x54 e:/arduino-1.5.8/hardware/tools/gcc-arm-none-eabi-4.8.3-2014q1/bin/../lib/gcc/arm-none-eabi/4.8.3/armv7e-m/crtbegin.o
 .text._Z11safeStrncpyPcPKcj
                0x00400120       0x1c ./src/Library/Misc.o
                0x00400120                safeStrncpy(char*, char const*, unsigned int)
 .text._Z16stringStartsWithPKcS0_
                0x0040013c       0x18 ./src/Library/Misc.o
                0x0040013c                stringStartsWith(char const*, char const*)
 .text._ZN6Buzzer4InitEv
                0x00400154       0x84 ./src/Hardware/Buzzer.o
                0x00400154                Buzzer::Init()
 .text._ZN6Buzzer4BeepEmmm
                0x004001d8       0xc4 ./src/Hardware/Buzzer.o
                0x004001d8                Buzzer::Beep(unsigned long, unsigned long, unsigned long)
 .text._ZN6Buzzer4TickEv
                0x0040029c       0x44 ./src/Hardware/Buzzer.o
                0x0040029c                Buzzer::Tick()
 .text._ZN6Buzzer5NoisyEv
                0x004002e0       0x10 ./src/Hardware/Buzzer.o
                0x004002e0                Buzzer::Noisy()
 .text._ZN6Buzzer12SetBacklightEm
                0x004002f0       0x44 ./src/Hardware/Buzzer.o
                0x004002f0                Buzzer::SetBacklight(unsigned long)
 .text._Znwj    0x00400334       0x1c ./src/Hardware/Mem.o
                0x00400334                operator new(unsigned int)
 .text._Z13getFreeMemoryv
                0x00400350       0x20 ./src/Hardware/Mem.o
                0x00400350                getFreeMemory()
 .text._ZN10OneBitPortC2Ej
                0x00400370       0x24 ./src/Hardware/OneBitPort.o
                0x00400370                OneBitPort::OneBitPort(unsigned int)
                0x00400370                OneBitPort::OneBitPort(unsigned int)
 .text._ZN10OneBitPort7setModeENS_8PortModeE
                0x00400394       0x24 ./src/Hardware/OneBitPort.o
                0x00400394                OneBitPort::setMode(OneBitPort::PortMode)
 .text._ZN10OneBitPort5delayEh
                0x004003b8        0xc ./src/Hardware/OneBitPort.o
                0x004003b8                OneBitPort::delay(unsigned char)
 .text._ZN8SerialIoL12ProcessFieldEv
                0x004003c4       0x28 ./src/Hardware/SerialIo.o
 .text._ZN8SerialIoL8EndArrayEv
                0x004003ec       0x20 ./src/Hardware/SerialIo.o
 .text._ZN8SerialIo4InitEm
                0x0040040c       0x74 ./src/Hardware/SerialIo.o
                0x0040040c                SerialIo::Init(unsigned long)
 .text._ZN8SerialIo11RawSendCharEc
                0x00400480       0x1c ./src/Hardware/SerialIo.o
                0x00400480                SerialIo::RawSendChar(char)
 .text._ZN8SerialIo19SendCharAndChecksumEc
                0x0040049c       0x24 ./src/Hardware/SerialIo.o
                0x0040049c                SerialIo::SendCharAndChecksum(char)
 .text._ZN8SerialIo7SendIntEi
                0x004004c0       0x30 ./src/Hardware/SerialIo.o
                0x004004c0                SerialIo::SendInt(int)
 .text._ZN8SerialIo8SendCharEc
                0x004004f0       0x8c ./src/Hardware/SerialIo.o
                0x004004f0                SerialIo::SendChar(char)
 .text._ZN8SerialIo10SendStringEPKc
                0x0040057c       0x18 ./src/Hardware/SerialIo.o
                0x0040057c                SerialIo::SendString(char const*)
 .text._ZN8SerialIo12SendFilenameEPKcS1_
                0x00400594       0x2c ./src/Hardware/SerialIo.o
                0x00400594                SerialIo::SendFilename(char const*, char const*)
 .text._ZN8SerialIo10CheckInputEv
                0x004005c0      0x424 ./src/Hardware/SerialIo.o
                0x004005c0                SerialIo::CheckInput()
 .text._ZN8SerialIo11receiveCharEc
                0x004009e4       0x48 ./src/Hardware/SerialIo.o
                0x004009e4                SerialIo::receiveChar(char)
 .text.UART0_Handler
                0x00400a2c       0x34 ./src/Hardware/SerialIo.o
                0x00400a2c                UART0_Handler
 .text.startup._GLOBAL__sub_I__ZN8SerialIo7trGraveE
                0x00400a60       0x18 ./src/Hardware/SerialIo.o
 .text._ZN10SystemTick12GetTickCountEv
                0x00400a78        0xc ./src/Hardware/SysTick.o
                0x00400a78                SystemTick::GetTickCount()
 .text.SysTick_Handler
                0x00400a84       0x28 ./src/Hardware/SysTick.o
                0x00400a84                SysTick_Handler
 .text._ZN4UTFT15LCD_Write_AgainEm
                0x00400aac       0x24 ./src/Hardware/UTFT.o
                0x00400aac                UTFT::LCD_Write_Again(unsigned long)
 .text._ZN4UTFTC2E11DisplayTypejjjjj
                0x00400ad0      0x110 ./src/Hardware/UTFT.o
                0x00400ad0                UTFT::UTFT(DisplayType, unsigned int, unsigned int, unsigned int, unsigned int, unsigned int)
                0x00400ad0                UTFT::UTFT(DisplayType, unsigned int, unsigned int, unsigned int, unsigned int, unsigned int)
 .text._ZN4UTFT13LCD_Write_BusEt
                0x00400be0       0x28 ./src/Hardware/UTFT.o
                0x00400be0                UTFT::LCD_Write_Bus(unsigned short)
 .text._ZN4UTFT13LCD_Write_COMEh
                0x00400c08       0x14 ./src/Hardware/UTFT.o
                0x00400c08                UTFT::LCD_Write_COM(unsigned char)
 .text._ZN4UTFT16LCD_Write_DATA16Et
                0x00400c1c       0x14 ./src/Hardware/UTFT.o
                0x00400c1c                UTFT::LCD_Write_DATA16(unsigned short)
 .text._ZN4UTFT25LCD_Write_Repeated_DATA16Etm
                0x00400c30       0x24 ./src/Hardware/UTFT.o
                0x00400c30                UTFT::LCD_Write_Repeated_DATA16(unsigned short, unsigned long)
 .text._ZN4UTFT15LCD_Write_DATA8Eh
                0x00400c54       0x14 ./src/Hardware/UTFT.o
                0x00400c54                UTFT::LCD_Write_DATA8(unsigned char)
 .text._ZN4UTFT20LCD_Write_COM_DATA16Eht
                0x00400c68       0x1c ./src/Hardware/UTFT.o
                0x00400c68                UTFT::LCD_Write_COM_DATA16(unsigned char, unsigned short)
 .text._ZN4UTFT5setXYEtttt
                0x00400c84       0xc4 ./src/Hardware/UTFT.o
                0x00400c84                UTFT::setXY(unsigned short, unsigned short, unsigned short, unsigned short)
 .text._ZN4UTFT7InitLCDE18DisplayOrientationbb
                0x00400d48      0x37c ./src/Hardware/UTFT.o
                0x00400d48                UTFT::InitLCD(DisplayOrientation, bool, bool)
 .text._ZN4UTFT10fillCircleEiii
                0x004010c4      0x16c ./src/Hardware/UTFT.o
                0x004010c4                UTFT::fillCircle(int, int, int)
 .text._ZN4UTFT9drawPixelEii
                0x00401230       0x30 ./src/Hardware/UTFT.o
                0x00401230                UTFT::drawPixel(int, int)
 .text._ZN4UTFT9drawHLineEiii
                0x00401260       0x38 ./src/Hardware/UTFT.o
                0x00401260                UTFT::drawHLine(int, int, int)
 .text._ZN4UTFT13fillRoundRectEiiiith
                0x00401298       0xe4 ./src/Hardware/UTFT.o
                0x00401298                UTFT::fillRoundRect(int, int, int, int, unsigned short, unsigned char)
 .text._ZN4UTFT9drawVLineEiii
                0x0040137c       0x38 ./src/Hardware/UTFT.o
                0x0040137c                UTFT::drawVLine(int, int, int)
 .text._ZN4UTFT8drawRectEiiii
                0x004013b4       0x60 ./src/Hardware/UTFT.o
                0x004013b4                UTFT::drawRect(int, int, int, int)
 .text._ZN4UTFT13drawRoundRectEiiii
                0x00401414       0xc8 ./src/Hardware/UTFT.o
                0x00401414                UTFT::drawRoundRect(int, int, int, int)
 .text._ZN4UTFT8fillRectEiiiith
                0x004014dc       0xa4 ./src/Hardware/UTFT.o
                0x004014dc                UTFT::fillRect(int, int, int, int, unsigned short, unsigned char)
 .text._ZN4UTFT8drawLineEiiii
                0x00401580       0xe0 ./src/Hardware/UTFT.o
                0x00401580                UTFT::drawLine(int, int, int, int)
 .text._ZN4UTFT7setFontEPKh
                0x00401660       0x2e ./src/Hardware/UTFT.o
                0x00401660                UTFT::setFont(unsigned char const*)
 *fill*         0x0040168e        0x2 
 .text._ZN4UTFT12drawBitmap16EiiiiPKtib
                0x00401690      0x104 ./src/Hardware/UTFT.o
                0x00401690                UTFT::drawBitmap16(int, int, int, int, unsigned short const*, int, bool)
 .text._ZN4UTFT11drawBitmap4EiiiiPKhPKtib
                0x00401794      0x120 ./src/Hardware/UTFT.o
                0x00401794                UTFT::drawBitmap4(int, int, int, int, unsigned char const*, unsigned short const*, int, bool)
 .text._ZNK4UTFT15getDisplayXSizeEv
                0x004018b4       0x10 ./src/Hardware/UTFT.o
                0x004018b4                UTFT::getDisplayXSize() const
 .text._ZN4UTFT10setTextPosEttt
                0x004018c4       0x28 ./src/Hardware/UTFT.o
                0x004018c4                UTFT::setTextPos(unsigned short, unsigned short, unsigned short)
 .text._ZNK4UTFT15getDisplayYSizeEv
                0x004018ec       0x10 ./src/Hardware/UTFT.o
                0x004018ec                UTFT::getDisplayYSize() const
 .text._ZN4UTFT7fillScrEtt
                0x004018fc       0x68 ./src/Hardware/UTFT.o
                0x004018fc                UTFT::fillScr(unsigned short, unsigned short)
 .text._ZN4UTFT13clearToMarginEv
                0x00401964       0x78 ./src/Hardware/UTFT.o
                0x00401964                UTFT::clearToMargin()
 .text._ZN4UTFT11writeNativeEh
                0x004019dc      0x24c ./src/Hardware/UTFT.o
                0x004019dc                UTFT::writeNative(unsigned char)
 .text._ZN4UTFT5writeEh
                0x00401c28       0xb0 ./src/Hardware/UTFT.o
                0x00401c28                UTFT::write(unsigned char)
 .text._ZN6UTouchC2Ejjjjj
                0x00401cd8       0x34 ./src/Hardware/UTouch.o
                0x00401cd8                UTouch::UTouch(unsigned int, unsigned int, unsigned int, unsigned int, unsigned int)
                0x00401cd8                UTouch::UTouch(unsigned int, unsigned int, unsigned int, unsigned int, unsigned int)
 .text._ZN6UTouch4initEtt18DisplayOrientation
                0x00401d0c       0x68 ./src/Hardware/UTouch.o
                0x00401d0c                UTouch::init(unsigned short, unsigned short, DisplayOrientation)
 .text._ZN6UTouch18touch_WriteCommandEh
                0x00401d74       0x3c ./src/Hardware/UTouch.o
                0x00401d74                UTouch::touch_WriteCommand(unsigned char)
 .text._ZN6UTouch14touch_ReadDataEh
                0x00401db0       0x64 ./src/Hardware/UTouch.o
                0x00401db0                UTouch::touch_ReadData(unsigned char)
 .text._ZN6UTouch12getTouchDataEbRt
                0x00401e14       0xb4 ./src/Hardware/UTouch.o
                0x00401e14                UTouch::getTouchData(bool, unsigned short&)
 .text._ZN6UTouch4readERtS0_PtS1_
                0x00401ec8       0xfc ./src/Hardware/UTouch.o
                0x00401ec8                UTouch::read(unsigned short&, unsigned short&, unsigned short*, unsigned short*)
 .text._ZN6UTouch9calibrateEttttt
                0x00401fc4       0x46 ./src/Hardware/UTouch.o
                0x00401fc4                UTouch::calibrate(unsigned short, unsigned short, unsigned short, unsigned short, unsigned short)
 *fill*         0x0040200a        0x2 
 .text._sbrk    0x0040200c       0x2c ./src/ASF/sam/utils/syscalls/gcc/syscalls.o
                0x0040200c                _sbrk
 .text.Dummy_Handler
                0x00402038        0x2 ./src/ASF/sam/utils/cmsis/sam4s/source/templates/gcc/startup_sam4s.o
                0x00402038                DACC_Handler
                0x00402038                DebugMon_Handler
                0x00402038                HardFault_Handler
                0x00402038                TC2_Handler
                0x00402038                SPI_Handler
                0x00402038                TWI1_Handler
                0x00402038                PendSV_Handler
                0x00402038                NMI_Handler
                0x00402038                ADC_Handler
                0x00402038                CRCCU_Handler
                0x00402038                USART0_Handler
                0x00402038                RTT_Handler
                0x00402038                RTC_Handler
                0x00402038                UsageFault_Handler
                0x00402038                WDT_Handler
                0x00402038                TC1_Handler
                0x00402038                HSMCI_Handler
                0x00402038                UART1_Handler
                0x00402038                Dummy_Handler
                0x00402038                TWI0_Handler
                0x00402038                USART1_Handler
                0x00402038                SSC_Handler
                0x00402038                EFC0_Handler
                0x00402038                ACC_Handler
                0x00402038                PMC_Handler
                0x00402038                PWM_Handler
                0x00402038                MemManage_Handler
                0x00402038                SUPC_Handler
                0x00402038                SVC_Handler
                0x00402038                UDP_Handler
                0x00402038                BusFault_Handler
                0x00402038                RSTC_Handler
                0x00402038                TC0_Handler
 *fill*         0x0040203a        0x2 
 .text.Reset_Handler
                0x0040203c       0x88 ./src/ASF/sam/utils/cmsis/sam4s/source/templates/gcc/startup_sam4s.o
                0x0040203c                Reset_Handler
 .text.SystemInit
                0x004020c4        0xc ./src/ASF/sam/utils/cmsis/sam4s/source/templates/system_sam4s.o
                0x004020c4                SystemInit
 .text.SystemCoreClockUpdate
                0x004020d0       0xcc ./src/ASF/sam/utils/cmsis/sam4s/source/templates/system_sam4s.o
                0x004020d0                SystemCoreClockUpdate
 .text.system_init_flash
                0x0040219c       0x54 ./src/ASF/sam/utils/cmsis/sam4s/source/templates/system_sam4s.o
                0x0040219c                system_init_flash
 .text.flash_read_user_signature
                0x004021f0       0x2c ./src/ASF/sam/services/flash_efc/flash_efc.o
                0x004021f0                flash_read_user_signature
 .text.flash_write_user_signature
                0x0040221c       0x5c ./src/ASF/sam/services/flash_efc/flash_efc.o
                0x0040221c                flash_write_user_signature
 .text.flash_erase_user_signature
                0x00402278       0x18 ./src/ASF/sam/services/flash_efc/flash_efc.o
                0x00402278                flash_erase_user_signature
 .text.wdt_init
                0x00402290       0x18 ./src/ASF/sam/drivers/wdt/wdt.o
                0x00402290                wdt_init
 .text.wdt_restart
                0x004022a8       0x14 ./src/ASF/sam/drivers/wdt/wdt.o
                0x004022a8                wdt_restart
 .text.uart_init
                0x004022bc       0x34 ./src/ASF/sam/drivers/uart/uart.o
                0x004022bc                uart_init
 .text.uart_enable_interrupt
                0x004022f0        0x4 ./src/ASF/sam/drivers/uart/uart.o
                0x004022f0                uart_enable_interrupt
 .text.uart_disable_interrupt
                0x004022f4        0x4 ./src/ASF/sam/drivers/uart/uart.o
                0x004022f4                uart_disable_interrupt
 .text.uart_write
                0x004022f8        0xe ./src/ASF/sam/drivers/uart/uart.o
                0x004022f8                uart_write
 *fill*         0x00402306        0x2 
 .text.rstc_start_software_reset
                0x00402308        0xc ./src/ASF/sam/drivers/rstc/rstc.o
                0x00402308                rstc_start_software_reset
 .text.pwm_clocks_generate
                0x00402314       0x4c ./src/ASF/sam/drivers/pwm/pwm.o
 .text.pwm_init
                0x00402360       0x40 ./src/ASF/sam/drivers/pwm/pwm.o
                0x00402360                pwm_init
 .text.pwm_channel_init
                0x004023a0       0xd8 ./src/ASF/sam/drivers/pwm/pwm.o
                0x004023a0                pwm_channel_init
 .text.pwm_channel_enable
                0x00402478        0xa ./src/ASF/sam/drivers/pwm/pwm.o
                0x00402478                pwm_channel_enable
 .text.pwm_channel_disable
                0x00402482        0xa ./src/ASF/sam/drivers/pwm/pwm.o
                0x00402482                pwm_channel_disable
 .text.pmc_switch_mck_to_pllack
                0x0040248c       0x44 ./src/ASF/sam/drivers/pmc/pmc.o
                0x0040248c                pmc_switch_mck_to_pllack
 .text.pmc_switch_sclk_to_32kxtal
                0x004024d0       0x20 ./src/ASF/sam/drivers/pmc/pmc.o
                0x004024d0                pmc_switch_sclk_to_32kxtal
 .text.pmc_switch_mainck_to_fastrc
                0x004024f0       0x48 ./src/ASF/sam/drivers/pmc/pmc.o
                0x004024f0                pmc_switch_mainck_to_fastrc
 .text.pmc_switch_mainck_to_xtal
                0x00402538       0x4c ./src/ASF/sam/drivers/pmc/pmc.o
                0x00402538                pmc_switch_mainck_to_xtal
 .text.pmc_osc_is_ready_mainck
                0x00402584       0x10 ./src/ASF/sam/drivers/pmc/pmc.o
                0x00402584                pmc_osc_is_ready_mainck
 .text.pmc_disable_pllack
                0x00402594       0x10 ./src/ASF/sam/drivers/pmc/pmc.o
                0x00402594                pmc_disable_pllack
 .text.pmc_is_locked_pllack
                0x004025a4       0x10 ./src/ASF/sam/drivers/pmc/pmc.o
                0x004025a4                pmc_is_locked_pllack
 .text.pmc_enable_periph_clk
                0x004025b4       0x44 ./src/ASF/sam/drivers/pmc/pmc.o
                0x004025b4                pmc_enable_periph_clk
 .text.pio_set_peripheral
                0x004025f8       0x7c ./src/ASF/sam/drivers/pio/pio.o
                0x004025f8                pio_set_peripheral
 .text.pio_set_input
                0x00402674       0x2c ./src/ASF/sam/drivers/pio/pio.o
                0x00402674                pio_set_input
 .text.pio_set_output
                0x004026a0       0x24 ./src/ASF/sam/drivers/pio/pio.o
                0x004026a0                pio_set_output
 .text.pio_configure
                0x004026c4       0x88 ./src/ASF/sam/drivers/pio/pio.o
                0x004026c4                pio_configure
 .text.pio_enable_output_write
                0x0040274c        0x6 ./src/ASF/sam/drivers/pio/pio.o
                0x0040274c                pio_enable_output_write
 .text.pio_get_interrupt_status
                0x00402752        0x4 ./src/ASF/sam/drivers/pio/pio.o
                0x00402752                pio_get_interrupt_status
 .text.pio_get_interrupt_mask
                0x00402756        0x4 ./src/ASF/sam/drivers/pio/pio.o
                0x00402756                pio_get_interrupt_mask
 *fill*         0x0040275a        0x2 
 .text.pio_handler_process
                0x0040275c       0x74 ./src/ASF/sam/drivers/pio/pio_handler.o
                0x0040275c                pio_handler_process
 .text.PIOA_Handler
                0x004027d0       0x14 ./src/ASF/sam/drivers/pio/pio_handler.o
                0x004027d0                PIOA_Handler
 .text.PIOB_Handler
                0x004027e4       0x14 ./src/ASF/sam/drivers/pio/pio_handler.o
                0x004027e4                PIOB_Handler
 .text.matrix_set_system_io
                0x004027f8        0xc ./src/ASF/sam/drivers/matrix/matrix.o
                0x004027f8                matrix_set_system_io
 .text.efc_perform_command
                0x00402804       0x2c ./src/ASF/sam/drivers/efc/efc.o
                0x00402804                efc_perform_command
 .text.osc_enable
                0x00402830       0x48 ./src/ASF/common/services/clock/sam4s/sysclk.o
 .text.osc_wait_ready.constprop.5
                0x00402878       0x10 ./src/ASF/common/services/clock/sam4s/sysclk.o
 .text.sysclk_init
                0x00402888       0x60 ./src/ASF/common/services/clock/sam4s/sysclk.o
                0x00402888                sysclk_init
 .text._ZNK12DisplayField8IsButtonEv
                0x004028e8        0x4 ./src/Display.o
                0x004028e8                DisplayField::IsButton() const
 .text._ZNK12DisplayField8GetEventEv
                0x004028ec        0x4 ./src/Display.o
                0x004028ec                DisplayField::GetEvent() const
 .text._ZNK6Window4XposEv
                0x004028f0        0x4 ./src/Display.o
                0x004028f0                Window::Xpos() const
 .text._ZNK6Window4YposEv
                0x004028f4        0x4 ./src/Display.o
                0x004028f4                Window::Ypos() const
 .text._ZNK11PopupWindow4XposEv
                0x004028f8        0x4 ./src/Display.o
                0x004028f8                PopupWindow::Xpos() const
 .text._ZNK11PopupWindow4YposEv
                0x004028fc        0x4 ./src/Display.o
                0x004028fc                PopupWindow::Ypos() const
 .text._ZNK10ButtonBase8GetEventEv
                0x00402900        0x4 ./src/Display.o
                0x00402900                ButtonBase::GetEvent() const
 .text._ZNK10ButtonBase9GetSParamEj
                0x00402904        0x4 ./src/Display.o
                0x00402904                ButtonBase::GetSParam(unsigned int) const
 .text._ZNK10ButtonBase9GetIParamEj
                0x00402908        0x4 ./src/Display.o
                0x00402908                ButtonBase::GetIParam(unsigned int) const
 .text._ZN10ButtonBase5PressEbi
                0x0040290c        0x2 ./src/Display.o
                0x0040290c                ButtonBase::Press(bool, int)
 .text._ZNK12SingleButton8IsButtonEv
                0x0040290e        0x4 ./src/Display.o
                0x0040290e                SingleButton::IsButton() const
 .text._ZNK12SingleButton9GetSParamEj
                0x00402912        0x4 ./src/Display.o
                0x00402912                SingleButton::GetSParam(unsigned int) const
 .text._ZNK12SingleButton9GetIParamEj
                0x00402916        0x4 ./src/Display.o
                0x00402916                SingleButton::GetIParam(unsigned int) const
 .text._ZN12SingleButton5PressEbi
                0x0040291a       0x12 ./src/Display.o
                0x0040291a                SingleButton::Press(bool, int)
 .text._ZNK10IconButton9GetHeightEv
                0x0040292c       0x18 ./src/Display.o
                0x0040292c                IconButton::GetHeight() const
 .text._ZNK11ProgressBar9GetHeightEv
                0x00402944        0x4 ./src/Display.o
                0x00402944                ProgressBar::GetHeight() const
 .text._ZNK10MainWindow8ContainsEtttt
                0x00402948        0x4 ./src/Display.o
                0x00402948                MainWindow::Contains(unsigned short, unsigned short, unsigned short, unsigned short) const
 .text._ZNK11PopupWindow8ContainsEtttt
                0x0040294c       0x34 ./src/Display.o
                0x0040294c                PopupWindow::Contains(unsigned short, unsigned short, unsigned short, unsigned short) const
 .text._ZNK13FieldWithText9GetHeightEv
                0x00402980       0x26 ./src/Display.o
                0x00402980                FieldWithText::GetHeight() const
 *fill*         0x004029a6        0x2 
 .text._ZNK14ButtonWithText9GetHeightEv
                0x004029a8       0x24 ./src/Display.o
                0x004029a8                ButtonWithText::GetHeight() const
 .text._ZNK9TextField9PrintTextEv
                0x004029cc       0x24 ./src/Display.o
                0x004029cc                TextField::PrintText() const
 .text._ZNK15StaticTextField9PrintTextEv
                0x004029f0       0x18 ./src/Display.o
                0x004029f0                StaticTextField::PrintText() const
 .text._ZNK10TextButton9PrintTextEj
                0x00402a08       0x1c ./src/Display.o
                0x00402a08                TextButton::PrintText(unsigned int) const
 .text._ZN11ProgressBar7RefreshEbtt
                0x00402a24      0x158 ./src/Display.o
                0x00402a24                ProgressBar::Refresh(bool, unsigned short, unsigned short)
 .text._ZN13FieldWithText7RefreshEbtt
                0x00402b7c      0x198 ./src/Display.o
                0x00402b7c                FieldWithText::Refresh(bool, unsigned short, unsigned short)
 .text._ZNK10FloatField9PrintTextEv
                0x00402d14       0x34 ./src/Display.o
                0x00402d14                FloatField::PrintText() const
 .text._ZNK12IntegerField9PrintTextEv
                0x00402d48       0x30 ./src/Display.o
                0x00402d48                IntegerField::PrintText() const
 .text._ZNK13IntegerButton9PrintTextEj
                0x00402d78       0x3c ./src/Display.o
                0x00402d78                IntegerButton::PrintText(unsigned int) const
 .text._ZNK12DisplayField7GetMaxYEv
                0x00402db4       0x12 ./src/Display.o
                0x00402db4                DisplayField::GetMaxY() const
 *fill*         0x00402dc6        0x2 
 .text._ZN12DisplayFieldC2Ettt
                0x00402dc8       0x3c ./src/Display.o
                0x00402dc8                DisplayField::DisplayField(unsigned short, unsigned short, unsigned short)
                0x00402dc8                DisplayField::DisplayField(unsigned short, unsigned short, unsigned short)
 .text._ZN12DisplayField11SetTextRowsEPKc
                0x00402e04       0x20 ./src/Display.o
                0x00402e04                DisplayField::SetTextRows(char const*)
 .text._ZN12DisplayField17SetDefaultColoursEttttttPKt
                0x00402e24       0x48 ./src/Display.o
                0x00402e24                DisplayField::SetDefaultColours(unsigned short, unsigned short, unsigned short, unsigned short, unsigned short, unsigned short, unsigned short const*)
 .text._ZN12DisplayField12GetTextWidthEPKct
                0x00402e6c       0x30 ./src/Display.o
                0x00402e6c                DisplayField::GetTextWidth(char const*, unsigned short)
 .text._ZN12DisplayField4ShowEb
                0x00402e9c       0x16 ./src/Display.o
                0x00402e9c                DisplayField::Show(bool)
 *fill*         0x00402eb2        0x2 
 .text._ZN12DisplayField9FindEventEttPS_
                0x00402eb4       0x98 ./src/Display.o
                0x00402eb4                DisplayField::FindEvent(unsigned short, unsigned short, DisplayField*)
 .text._ZN12DisplayField10SetColoursEtt
                0x00402f4c       0x1a ./src/Display.o
                0x00402f4c                DisplayField::SetColours(unsigned short, unsigned short)
 .text._ZN11ButtonPressC2Ev
                0x00402f66        0x8 ./src/Display.o
                0x00402f66                ButtonPress::ButtonPress()
                0x00402f66                ButtonPress::ButtonPress()
 .text._ZN11ButtonPressC2EP10ButtonBasej
                0x00402f6e        0x6 ./src/Display.o
                0x00402f6e                ButtonPress::ButtonPress(ButtonBase*, unsigned int)
                0x00402f6e                ButtonPress::ButtonPress(ButtonBase*, unsigned int)
 .text._ZN11ButtonPress5ClearEv
                0x00402f74        0x8 ./src/Display.o
                0x00402f74                ButtonPress::Clear()
 .text._ZNK11ButtonPress8GetEventEv
                0x00402f7c        0xc ./src/Display.o
                0x00402f7c                ButtonPress::GetEvent() const
 .text._ZNK11ButtonPress9GetIParamEv
                0x00402f88       0x10 ./src/Display.o
                0x00402f88                ButtonPress::GetIParam() const
 .text._ZNK11ButtonPress9GetSParamEv
                0x00402f98       0x10 ./src/Display.o
                0x00402f98                ButtonPress::GetSParam() const
 .text._ZNK11ButtonPresseqERKS_
                0x00402fa8       0x18 ./src/Display.o
                0x00402fa8                ButtonPress::operator==(ButtonPress const&) const
 .text._ZN6Window8AddFieldEP12DisplayField
                0x00402fc0        0x8 ./src/Display.o
                0x00402fc0                Window::AddField(DisplayField*)
 .text._ZNK6Window15ObscuredByPopupEPK12DisplayField
                0x00402fc8       0x6c ./src/Display.o
                0x00402fc8                Window::ObscuredByPopup(DisplayField const*) const
 .text._ZN11PopupWindow7RefreshEb
                0x00403034       0xb8 ./src/Display.o
                0x00403034                PopupWindow::Refresh(bool)
 .text._ZNK6Window7VisibleEPK12DisplayField
                0x004030ec       0x20 ./src/Display.o
                0x004030ec                Window::Visible(DisplayField const*) const
 .text._ZN10MainWindow7RefreshEb
                0x0040310c       0x4c ./src/Display.o
                0x0040310c                MainWindow::Refresh(bool)
 .text._ZN6Window9FindEventEtt
                0x00403158       0x64 ./src/Display.o
                0x00403158                Window::FindEvent(unsigned short, unsigned short)
 .text._ZN6Window21FindEventOutsidePopupEtt
                0x004031bc       0x48 ./src/Display.o
                0x004031bc                Window::FindEventOutsidePopup(unsigned short, unsigned short)
 .text._ZN6Window8SetPopupEP11PopupWindowttb
                0x00403204       0x54 ./src/Display.o
                0x00403204                Window::SetPopup(PopupWindow*, unsigned short, unsigned short, bool)
 .text._ZN6Window10ClearPopupEbP11PopupWindow
                0x00403258       0xdc ./src/Display.o
                0x00403258                Window::ClearPopup(bool, PopupWindow*)
 .text._ZN6Window6RedrawEP12DisplayField
                0x00403334       0xcc ./src/Display.o
                0x00403334                Window::Redraw(DisplayField*)
 .text._ZN6Window4ShowEP12DisplayFieldb
                0x00403400       0xc0 ./src/Display.o
                0x00403400                Window::Show(DisplayField*, bool)
 .text._ZN6Window5PressE11ButtonPressb
                0x004034c0       0x30 ./src/Display.o
                0x004034c0                Window::Press(ButtonPress, bool)
 .text._ZN10MainWindowC2Ev
                0x004034f0       0x14 ./src/Display.o
                0x004034f0                MainWindow::MainWindow()
                0x004034f0                MainWindow::MainWindow()
 .text._ZN10MainWindow4InitEt
                0x00403504        0x4 ./src/Display.o
                0x00403504                MainWindow::Init(unsigned short)
 .text._ZN10MainWindow14ClearAllPopupsEv
                0x00403508       0x1c ./src/Display.o
                0x00403508                MainWindow::ClearAllPopups()
 .text._ZN11PopupWindowC2Etttt
                0x00403524       0x20 ./src/Display.o
                0x00403524                PopupWindow::PopupWindow(unsigned short, unsigned short, unsigned short, unsigned short)
                0x00403524                PopupWindow::PopupWindow(unsigned short, unsigned short, unsigned short, unsigned short)
 .text._ZN10ButtonBaseC2Ettt
                0x00403544       0x48 ./src/Display.o
                0x00403544                ButtonBase::ButtonBase(unsigned short, unsigned short, unsigned short)
                0x00403544                ButtonBase::ButtonBase(unsigned short, unsigned short, unsigned short)
 .text._ZNK10ButtonBase11DrawOutlineEttb
                0x0040358c       0xa4 ./src/Display.o
                0x0040358c                ButtonBase::DrawOutline(unsigned short, unsigned short, bool) const
 .text._ZN12SingleButtonC2Ettt
                0x00403630       0x1c ./src/Display.o
                0x00403630                SingleButton::SingleButton(unsigned short, unsigned short, unsigned short)
                0x00403630                SingleButton::SingleButton(unsigned short, unsigned short, unsigned short)
 .text._ZNK12SingleButton11DrawOutlineEtt
                0x0040364c       0x10 ./src/Display.o
                0x0040364c                SingleButton::DrawOutline(unsigned short, unsigned short) const
 .text._ZN14ButtonWithText7RefreshEbtt
                0x0040365c       0xe4 ./src/Display.o
                0x0040365c                ButtonWithText::Refresh(bool, unsigned short, unsigned short)
 .text._ZN10IconButton7RefreshEbtt
                0x00403740       0x8c ./src/Display.o
                0x00403740                IconButton::Refresh(bool, unsigned short, unsigned short)
 .text._ZN10CharButtonC2Etttch
                0x004037cc       0x24 ./src/Display.o
                0x004037cc                CharButton::CharButton(unsigned short, unsigned short, unsigned short, char, unsigned char)
                0x004037cc                CharButton::CharButton(unsigned short, unsigned short, unsigned short, char, unsigned char)
 .text._ZN10TextButtonC2EtttPKchi
                0x004037f0       0x34 ./src/Display.o
                0x004037f0                TextButton::TextButton(unsigned short, unsigned short, unsigned short, char const*, unsigned char, int)
                0x004037f0                TextButton::TextButton(unsigned short, unsigned short, unsigned short, char const*, unsigned char, int)
 .text._ZN10TextButtonC2EtttPKchS1_
                0x00403824       0x28 ./src/Display.o
                0x00403824                TextButton::TextButton(unsigned short, unsigned short, unsigned short, char const*, unsigned char, char const*)
                0x00403824                TextButton::TextButton(unsigned short, unsigned short, unsigned short, char const*, unsigned char, char const*)
 .text._ZN10IconButtonC2EtttPKhhi
                0x0040384c       0x28 ./src/Display.o
                0x0040384c                IconButton::IconButton(unsigned short, unsigned short, unsigned short, unsigned char const*, unsigned char, int)
                0x0040384c                IconButton::IconButton(unsigned short, unsigned short, unsigned short, unsigned char const*, unsigned char, int)
 .text._ZN10IconButtonC2EtttPKhhPKc
                0x00403874       0x28 ./src/Display.o
                0x00403874                IconButton::IconButton(unsigned short, unsigned short, unsigned short, unsigned char const*, unsigned char, char const*)
                0x00403874                IconButton::IconButton(unsigned short, unsigned short, unsigned short, unsigned char const*, unsigned char, char const*)
 .text._ZNK10CharButton9PrintTextEj
                0x0040389c       0x1c ./src/Display.o
                0x0040389c                CharButton::PrintText(unsigned int) const
 .text._ZN11FileManagerL17StringGreaterThanEPKcS1_
                0x004038b8       0x14 ./src/FileManager.o
 .text._ZNK11FileManager7FileSet10IsInSubdirEv
                0x004038cc       0x62 ./src/FileManager.o
                0x004038cc                FileManager::FileSet::IsInSubdir() const
 *fill*         0x0040392e        0x2 
 .text._ZN11FileManager7FileSet15FileListUpdatedEv
                0x00403930      0x150 ./src/FileManager.o
                0x00403930                FileManager::FileSet::FileListUpdated()
 .text._ZN11FileManager7FileSet6ScrollEi
                0x00403a80       0x18 ./src/FileManager.o
                0x00403a80                FileManager::FileSet::Scroll(int)
 .text._ZN11FileManager7FileSet10SetPendingEv
                0x00403a98       0x3c ./src/FileManager.o
                0x00403a98                FileManager::FileSet::SetPending()
 .text._ZN11FileManager7FileSet7DisplayEv
                0x00403ad4       0x30 ./src/FileManager.o
                0x00403ad4                FileManager::FileSet::Display()
 .text._ZN11FileManager7FileSet16RequestParentDirEv
                0x00403b04       0x6c ./src/FileManager.o
                0x00403b04                FileManager::FileSet::RequestParentDir()
 .text._ZN11FileManager15BeginNewMessageEv
                0x00403b70       0x24 ./src/FileManager.o
                0x00403b70                FileManager::BeginNewMessage()
 .text._ZN11FileManager19BeginReceivingFilesEv
                0x00403b94       0x54 ./src/FileManager.o
                0x00403b94                FileManager::BeginReceivingFiles()
 .text._ZN11FileManager11ReceiveFileEPKc
                0x00403be8       0x7c ./src/FileManager.o
                0x00403be8                FileManager::ReceiveFile(char const*)
 .text._ZN11FileManager16ReceiveErrorCodeEi
                0x00403c64       0x18 ./src/FileManager.o
                0x00403c64                FileManager::ReceiveErrorCode(int)
 .text._ZN11FileManager16DisplayFilesListEv
                0x00403c7c       0x14 ./src/FileManager.o
                0x00403c7c                FileManager::DisplayFilesList()
 .text._ZN11FileManager17DisplayMacrosListEv
                0x00403c90       0x14 ./src/FileManager.o
                0x00403c90                FileManager::DisplayMacrosList()
 .text._ZN11FileManager6ScrollEi
                0x00403ca4       0x18 ./src/FileManager.o
                0x00403ca4                FileManager::Scroll(int)
 .text._ZN11FileManager21RequestFilesParentDirEv
                0x00403cbc       0x14 ./src/FileManager.o
                0x00403cbc                FileManager::RequestFilesParentDir()
 .text._ZN11FileManager22RequestMacrosParentDirEv
                0x00403cd0       0x14 ./src/FileManager.o
                0x00403cd0                FileManager::RequestMacrosParentDir()
 .text._ZN11FileManager11GetFilesDirEv
                0x00403ce4        0x8 ./src/FileManager.o
                0x00403ce4                FileManager::GetFilesDir()
 .text._ZN11FileManager12GetMacrosDirEv
                0x00403cec        0x8 ./src/FileManager.o
                0x00403cec                FileManager::GetMacrosDir()
 .text._ZN11FileManager16RefreshFilesListEv
                0x00403cf4       0x14 ./src/FileManager.o
                0x00403cf4                FileManager::RefreshFilesList()
 .text._ZN11FileManager13ProcessTimersEv
                0x00403d08       0x1c ./src/FileManager.o
                0x00403d08                FileManager::ProcessTimers()
 .text._ZN11FileManager13SetNumVolumesEj
                0x00403d24       0x10 ./src/FileManager.o
                0x00403d24                FileManager::SetNumVolumes(unsigned int)
 .text._ZN6StringILj100EE7catFromEPKc
                0x00403d34       0x1e ./src/FileManager.o
                0x00403d34                String<100u>::catFrom(char const*)
 *fill*         0x00403d52        0x2 
 .text._ZN11FileManager7FileSet6ReloadEiRK6StringILj100EEi
                0x00403d54       0x4c ./src/FileManager.o
                0x00403d54                FileManager::FileSet::Reload(int, String<100u> const&, int)
 .text._ZN11FileManager18EndReceivedMessageEb
                0x00403da0       0xcc ./src/FileManager.o
                0x00403da0                FileManager::EndReceivedMessage(bool)
 .text._ZN11FileManager20ReceiveDirectoryNameEPKc
                0x00403e6c       0x1c ./src/FileManager.o
                0x00403e6c                FileManager::ReceiveDirectoryName(char const*)
 .text._ZN11FileManager7FileSet13SetupRootPathEv
                0x00403e88       0x38 ./src/FileManager.o
                0x00403e88                FileManager::FileSet::SetupRootPath()
 .text._ZN11FileManager23FirmwareFeaturesChangedEv
                0x00403ec0       0x14 ./src/FileManager.o
                0x00403ec0                FileManager::FirmwareFeaturesChanged()
 .text._ZN11FileManager7FileSet13RequestSubdirEPKc
                0x00403ed4       0x70 ./src/FileManager.o
                0x00403ed4                FileManager::FileSet::RequestSubdir(char const*)
 .text._ZN11FileManager18RequestFilesSubdirEPKc
                0x00403f44       0x14 ./src/FileManager.o
                0x00403f44                FileManager::RequestFilesSubdir(char const*)
 .text._ZN11FileManager19RequestMacrosSubdirEPKc
                0x00403f58       0x14 ./src/FileManager.o
                0x00403f58                FileManager::RequestMacrosSubdir(char const*)
 .text._ZN11FileManager7FileSetC2E5EventPKcb
                0x00403f6c       0x58 ./src/FileManager.o
                0x00403f6c                FileManager::FileSet::FileSet(Event, char const*, bool)
                0x00403f6c                FileManager::FileSet::FileSet(Event, char const*, bool)
 .text._ZN6StringILj100EE6printfEPKcz
                0x00403fc4       0x38 ./src/FileManager.o
                0x00403fc4                String<100u>::printf(char const*, ...)
 .text._ZN11FileManager7FileSet10SelectCardEj
                0x00403ffc       0x98 ./src/FileManager.o
                0x00403ffc                FileManager::FileSet::SelectCard(unsigned int)
 .text._ZN11FileManager7FileSet8NextCardEv
                0x00404094       0x34 ./src/FileManager.o
                0x00404094                FileManager::FileSet::NextCard()
 .text._ZN11FileManager8NextCardEv
                0x004040c8       0x14 ./src/FileManager.o
                0x004040c8                FileManager::NextCard()
 .text.startup._GLOBAL__sub_I__ZN11FileManager9filesRootE
                0x004040dc       0x68 ./src/FileManager.o
 .text._ZN10MessageLog14UpdateMessagesEb
                0x00404144      0x120 ./src/MessageLog.o
                0x00404144                MessageLog::UpdateMessages(bool)
 .text._ZN10MessageLog4InitEv
                0x00404264       0x28 ./src/MessageLog.o
                0x00404264                MessageLog::Init()
 .text._ZN10MessageLog17DisplayNewMessageEv
                0x0040428c       0x24 ./src/MessageLog.o
                0x0040428c                MessageLog::DisplayNewMessage()
 .text._ZN10MessageLog15BeginNewMessageEv
                0x004042b0       0x14 ./src/MessageLog.o
                0x004042b0                MessageLog::BeginNewMessage()
 .text._ZN10MessageLog14FindSplitPointEPKcjt
                0x004042c4       0x9c ./src/MessageLog.o
                0x004042c4                MessageLog::FindSplitPoint(char const*, unsigned int, unsigned short)
 .text._ZN10MessageLog13AppendMessageEPKc
                0x00404360       0xd8 ./src/MessageLog.o
                0x00404360                MessageLog::AppendMessage(char const*)
 .text._ZNK9FlashData7IsValidEv
                0x00404438       0x3c ./src/PanelDue.o
                0x00404438                FlashData::IsValid() const
 .text._ZN9FlashDataeqERKS_
                0x00404474       0x50 ./src/PanelDue.o
                0x00404474                FlashData::operator==(FlashData const&)
 .text._ZN9FlashData11SetDefaultsEv
                0x004044c4       0x38 ./src/PanelDue.o
                0x004044c4                FlashData::SetDefaults()
 .text._ZN9FlashData4LoadEv
                0x004044fc       0x14 ./src/PanelDue.o
                0x004044fc                FlashData::Load()
 .text._ZNK9FlashData4SaveEv
                0x00404510       0x1c ./src/PanelDue.o
                0x00404510                FlashData::Save() const
 .text._Z19GetFirmwareFeaturesv
                0x0040452c        0xc ./src/PanelDue.o
                0x0040452c                GetFirmwareFeatures()
 .text._Z14CondStripDrivePKc
                0x00404538       0x20 ./src/PanelDue.o
                0x00404538                CondStripDrive(char const*)
 .text._Z5Delaym
                0x00404558       0x18 ./src/PanelDue.o
                0x00404558                Delay(unsigned long)
 .text._Z15PrintInProgressv
                0x00404570       0x24 ./src/PanelDue.o
                0x00404570                PrintInProgress()
 .text._Z7bsearchPK21ReceiveDataTableEntryjPKc
                0x00404594       0x60 ./src/PanelDue.o
                0x00404594                bsearch(ReceiveDataTableEntry const*, unsigned int, char const*)
 .text._Z8OkToSendv
                0x004045f4       0x1c ./src/PanelDue.o
                0x004045f4                OkToSend()
 .text._Z9GetStatusv
                0x00404610        0xc ./src/PanelDue.o
                0x00404610                GetStatus()
 .text._Z7InitLcd18DisplayOrientationmm
                0x0040461c       0x68 ./src/PanelDue.o
                0x0040461c                InitLcd(DisplayOrientation, unsigned long, unsigned long)
 .text._Z14DelayTouchLongv
                0x00404684       0x20 ./src/PanelDue.o
                0x00404684                DelayTouchLong()
 .text._Z17ShortenTouchDelayv
                0x004046a4        0xc ./src/PanelDue.o
                0x004046a4                ShortenTouchDelay()
 .text._Z9TouchBeepv
                0x004046b0       0x1c ./src/PanelDue.o
                0x004046b0                TouchBeep()
 .text._Z9ErrorBeepv
                0x004046cc       0x28 ./src/PanelDue.o
                0x004046cc                ErrorBeep()
 .text._Z12DoTouchCalibttttbRt
                0x004046f4       0xb4 ./src/PanelDue.o
                0x004046f4                DoTouchCalib(unsigned short, unsigned short, unsigned short, unsigned short, bool, unsigned short&)
 .text._Z22IsSaveAndRestartNeededv
                0x004047a8       0x24 ./src/PanelDue.o
                0x004047a8                IsSaveAndRestartNeeded()
 .text._Z12IsSaveNeededv
                0x004047cc       0x20 ./src/PanelDue.o
                0x004047cc                IsSaveNeeded()
 .text._Z13MirrorDisplayv
                0x004047ec       0x24 ./src/PanelDue.o
                0x004047ec                MirrorDisplay()
 .text._Z13InvertDisplayv
                0x00404810       0x24 ./src/PanelDue.o
                0x00404810                InvertDisplay()
 .text._Z11SetBaudRatem
                0x00404834       0x14 ./src/PanelDue.o
                0x00404834                SetBaudRate(unsigned long)
 .text._Z13SetBrightnessi
                0x00404848       0x24 ./src/PanelDue.o
                0x00404848                SetBrightness(int)
 .text._Z9SetVolumem
                0x0040486c        0xc ./src/PanelDue.o
                0x0040486c                SetVolume(unsigned long)
 .text._Z15SetColourSchemem
                0x00404878        0xc ./src/PanelDue.o
                0x00404878                SetColourScheme(unsigned long)
 .text._Z11SetLanguagem
                0x00404884        0xc ./src/PanelDue.o
                0x00404884                SetLanguage(unsigned long)
 .text._Z11GetBaudRatev
                0x00404890        0xc ./src/PanelDue.o
                0x00404890                GetBaudRate()
 .text._Z9GetVolumev
                0x0040489c        0xc ./src/PanelDue.o
                0x0040489c                GetVolume()
 .text._Z13GetBrightnessv
                0x004048a8        0xc ./src/PanelDue.o
                0x004048a8                GetBrightness()
 .text._Z12FactoryResetv
                0x004048b4       0x68 ./src/PanelDue.o
                0x004048b4                FactoryReset()
 .text._Z12SaveSettingsv
                0x0040491c       0x34 ./src/PanelDue.o
                0x0040491c                SaveSettings()
 .text._Z9SetStatusc
                0x00404950       0xa8 ./src/PanelDue.o
                0x00404950                SetStatus(char)
 .text._Z9Reconnectv
                0x004049f8       0x34 ./src/PanelDue.o
                0x004049f8                Reconnect()
 .text._Z10GetIntegerPKcRi
                0x00404a2c       0x94 ./src/PanelDue.o
                0x00404a2c                GetInteger(char const*, int&)
 .text._Z18GetUnsignedIntegerPKcRj
                0x00404ac0       0x2c ./src/PanelDue.o
                0x00404ac0                GetUnsignedInteger(char const*, unsigned int&)
 .text._Z8GetFloatPKcRf
                0x00404aec       0x3c ./src/PanelDue.o
                0x00404aec                GetFloat(char const*, float&)
 .text._Z20StartReceivedMessagev
                0x00404b28       0x24 ./src/PanelDue.o
                0x00404b28                StartReceivedMessage()
 .text._Z18EndReceivedMessagev
                0x00404b4c       0x44 ./src/PanelDue.o
                0x00404b4c                EndReceivedMessage()
 .text._Z20ProcessReceivedValuePKcS0_i
                0x00404b90      0x5b4 ./src/PanelDue.o
                0x00404b90                ProcessReceivedValue(char const*, char const*, int)
 .text._Z18ProcessArrayLengthPKci
                0x00405144       0x20 ./src/PanelDue.o
                0x00405144                ProcessArrayLength(char const*, int)
 .text._Z15UpdateDebugInfov
                0x00405164       0x20 ./src/PanelDue.o
                0x00405164                UpdateDebugInfo()
 .text._Z11SendRequestPKcb
                0x00405184       0x3c ./src/PanelDue.o
                0x00405184                SendRequest(char const*, bool)
 .text.__cxa_pure_virtual
                0x004051c0        0x2 ./src/PanelDue.o
                0x004051c0                __cxa_pure_virtual
 *fill*         0x004051c2        0x2 
 .text.startup._GLOBAL__sub_I_lcd
                0x004051c4       0x80 ./src/PanelDue.o
 .text._Z14CalibrateTouchv
                0x00405244      0x118 ./src/PanelDue.o
                0x00405244                CalibrateTouch()
 .text.startup.main
                0x0040535c      0x318 ./src/PanelDue.o
                0x0040535c                main
 .text._ZN5Print5printEPKc
                0x00405674       0x26 ./src/Print.o
                0x00405674                Print::print(char const*)
 *fill*         0x0040569a        0x2 
 .text._ZN5Print11printNumberEmj
                0x0040569c       0x40 ./src/Print.o
                0x0040569c                Print::printNumber(unsigned long, unsigned int)
 .text._ZN5Print5printElj
                0x004056dc       0x44 ./src/Print.o
                0x004056dc                Print::print(long, unsigned int)
 .text._ZN5Print10printFloatEfj
                0x00405720      0x190 ./src/Print.o
                0x00405720                Print::printFloat(float, unsigned int)
 .text._ZN12RequestTimerC2EmPKcS1_
                0x004058b0        0xe ./src/RequestTimer.o
                0x004058b0                RequestTimer::RequestTimer(unsigned long, char const*, char const*)
                0x004058b0                RequestTimer::RequestTimer(unsigned long, char const*, char const*)
 *fill*         0x004058be        0x2 
 .text._ZN12RequestTimer7ProcessEv
                0x004058c0       0x60 ./src/RequestTimer.o
                0x004058c0                RequestTimer::Process()
 .text._ZN2UIL13StopAdjustingEv
                0x00405920       0x2c ./src/UserInterface.o
 .text._ZN2UIL21CurrentButtonReleasedEv
                0x0040594c       0x2c ./src/UserInterface.o
 .text._ZN2UIL9AdjustingE11ButtonPress
                0x00405978       0x38 ./src/UserInterface.o
 .text._ZN15StaticTextFieldC2Ettt13TextAlignmentPKcb
                0x004059b0       0x50 ./src/UserInterface.o
                0x004059b0                StaticTextField::StaticTextField(unsigned short, unsigned short, unsigned short, TextAlignment, char const*, bool)
                0x004059b0                StaticTextField::StaticTextField(unsigned short, unsigned short, unsigned short, TextAlignment, char const*, bool)
 .text._ZN15StaticTextField8SetValueEPKc
                0x00405a00       0x18 ./src/UserInterface.o
                0x00405a00                StaticTextField::SetValue(char const*)
 .text._Z17CreatePopupWindowttttttPKct
                0x00405a18       0xc8 ./src/UserInterface.o
                0x00405a18                CreatePopupWindow(unsigned short, unsigned short, unsigned short, unsigned short, unsigned short, unsigned short, char const*, unsigned short)
 .text._Z13AddTextButtontjjPKc5EventS0_
                0x00405ae0       0x60 ./src/UserInterface.o
                0x00405ae0                AddTextButton(unsigned short, unsigned int, unsigned int, char const*, Event, char const*)
 .text._Z16AddIntegerButtontjjPKcS0_5Event
                0x00405b40       0x6c ./src/UserInterface.o
                0x00405b40                AddIntegerButton(unsigned short, unsigned int, unsigned int, char const*, char const*, Event)
 .text._Z13AddIconButtontjjPKh5EventPKc
                0x00405bac       0x60 ./src/UserInterface.o
                0x00405bac                AddIconButton(unsigned short, unsigned int, unsigned int, unsigned char const*, Event, char const*)
 .text._Z21CreateStringButtonRowP6WindowttttjPKPKcS4_5Eventi
                0x00405c0c       0xb8 ./src/UserInterface.o
                0x00405c0c                CreateStringButtonRow(Window*, unsigned short, unsigned short, unsigned short, unsigned short, unsigned int, char const* const*, char const* const*, Event, int)
 .text._Z19CreateIconButtonRowP6WindowttttjPKPKhPKPKc5Event
                0x00405cc4       0x70 ./src/UserInterface.o
                0x00405cc4                CreateIconButtonRow(Window*, unsigned short, unsigned short, unsigned short, unsigned short, unsigned int, unsigned char const* const*, char const* const*, Event)
 .text._Z17CreateIntPopupBarRK12ColourSchemetjPKPKcPKi5EventS8_
                0x00405d34       0xc4 ./src/UserInterface.o
                0x00405d34                CreateIntPopupBar(ColourScheme const&, unsigned short, unsigned int, char const* const*, int const*, Event, Event)
 .text._Z11StripPrefixPKc
                0x00405df8       0x70 ./src/UserInterface.o
                0x00405df8                StripPrefix(char const*)
 .text._Z16ChangeBrightnessb
                0x00405e68       0x2c ./src/UserInterface.o
                0x00405e68                ChangeBrightness(bool)
 .text._Z11UpdateFieldP13IntegerButtoni
                0x00405e94       0x20 ./src/UserInterface.o
                0x00405e94                UpdateField(IntegerButton*, int)
 .text._Z15PopupAreYouSure5EventPKcS1_
                0x00405eb4       0x4c ./src/UserInterface.o
                0x00405eb4                PopupAreYouSure(Event, char const*, char const*)
 .text._Z12PopupRestartv
                0x00405f00       0x1c ./src/UserInterface.o
                0x00405f00                PopupRestart()
 .text._Z24CreateIntegerAdjustPopupRK12ColourScheme
                0x00405f1c       0x34 ./src/UserInterface.o
                0x00405f1c                CreateIntegerAdjustPopup(ColourScheme const&)
 .text._Z18CreateExtrudePopupRK12ColourScheme
                0x00405f50      0x198 ./src/UserInterface.o
                0x00405f50                CreateExtrudePopup(ColourScheme const&)
 .text._Z19CreateFileListPopupRK12ColourScheme
                0x004060e8      0x2e8 ./src/UserInterface.o
                0x004060e8                CreateFileListPopup(ColourScheme const&)
 .text._Z21CreateFileActionPopupRK12ColourScheme
                0x004063d0      0x350 ./src/UserInterface.o
                0x004063d0                CreateFileActionPopup(ColourScheme const&)
 .text._Z21CreateAreYouSurePopupRK12ColourScheme
                0x00406720      0x124 ./src/UserInterface.o
                0x00406720                CreateAreYouSurePopup(ColourScheme const&)
 .text._Z19CreateBaudRatePopupRK12ColourScheme
                0x00406844       0x30 ./src/UserInterface.o
                0x00406844                CreateBaudRatePopup(ColourScheme const&)
 .text._Z17CreateVolumePopupRK12ColourScheme
                0x00406874       0x2c ./src/UserInterface.o
                0x00406874                CreateVolumePopup(ColourScheme const&)
 .text._Z18CreateColoursPopupRK12ColourScheme
                0x004068a0       0x40 ./src/UserInterface.o
                0x004068a0                CreateColoursPopup(ColourScheme const&)
 .text._Z19CreateLanguagePopupRK12ColourScheme
                0x004068e0       0x98 ./src/UserInterface.o
                0x004068e0                CreateLanguagePopup(ColourScheme const&)
 .text._Z19CreateKeyboardPopupm12ColourScheme
                0x00406978      0x268 ./src/UserInterface.o
                0x00406978                CreateKeyboardPopup(unsigned long, ColourScheme)
 .text._Z18CreateMessagePopupRK12ColourScheme
                0x00406be0       0x8c ./src/UserInterface.o
                0x00406be0                CreateMessagePopup(ColourScheme const&)
 .text._Z19CreateBabystepPopupRK12ColourScheme
                0x00406c6c      0x114 ./src/UserInterface.o
                0x00406c6c                CreateBabystepPopup(ColourScheme const&)
 .text._Z21CreateTemperatureGridRK12ColourScheme
                0x00406d80      0x278 ./src/UserInterface.o
                0x00406d80                CreateTemperatureGrid(ColourScheme const&)
 .text._Z22CreateControlTabFieldsRK12ColourScheme
                0x00406ff8      0x2cc ./src/UserInterface.o
                0x00406ff8                CreateControlTabFields(ColourScheme const&)
 .text._Z23CreatePrintingTabFieldsRK12ColourScheme
                0x004072c4      0x3b4 ./src/UserInterface.o
                0x004072c4                CreatePrintingTabFields(ColourScheme const&)
 .text._Z22CreateMessageTabFieldsRK12ColourScheme
                0x00407678      0x11c ./src/UserInterface.o
                0x00407678                CreateMessageTabFields(ColourScheme const&)
 .text._Z20CreateSetupTabFieldsmRK12ColourScheme
                0x00407794      0x364 ./src/UserInterface.o
                0x00407794                CreateSetupTabFields(unsigned long, ColourScheme const&)
 .text._Z18CreateCommonFieldsRK12ColourScheme
                0x00407af8       0xa0 ./src/UserInterface.o
                0x00407af8                CreateCommonFields(ColourScheme const&)
 .text._Z15CreateMainPagesmRK12ColourScheme
                0x00407b98      0x1b4 ./src/UserInterface.o
                0x00407b98                CreateMainPages(unsigned long, ColourScheme const&)
 .text._ZN2UI15GetNumLanguagesEv
                0x00407d4c        0x4 ./src/UserInterface.o
                0x00407d4c                UI::GetNumLanguages()
 .text._ZN2UI21CheckSettingsAreSavedEv
                0x00407d50       0x5c ./src/UserInterface.o
                0x00407d50                UI::CheckSettingsAreSaved()
 .text._ZN2UI15ShowFilesButtonEv
                0x00407dac       0x58 ./src/UserInterface.o
                0x00407dac                UI::ShowFilesButton()
 .text._ZN2UI15ShowPauseButtonEv
                0x00407e04       0x58 ./src/UserInterface.o
                0x00407e04                UI::ShowPauseButton()
 .text._ZN2UI26ShowResumeAndCancelButtonsEv
                0x00407e5c       0x58 ./src/UserInterface.o
                0x00407e5c                UI::ShowResumeAndCancelButtons()
 .text._ZN2UI8ShowAxisEjb
                0x00407eb4       0x3c ./src/UserInterface.o
                0x00407eb4                UI::ShowAxis(unsigned int, bool)
 .text._Z15CreateMovePopupRK12ColourScheme
                0x00407ef0      0x118 ./src/UserInterface.o
                0x00407ef0                CreateMovePopup(ColourScheme const&)
 .text._ZN2UI12CreateFieldsEmRK12ColourScheme
                0x00408008      0x138 ./src/UserInterface.o
                0x00408008                UI::CreateFields(unsigned long, ColourScheme const&)
 .text._ZN2UI18UpdateAxisPositionEjf
                0x00408140       0x1c ./src/UserInterface.o
                0x00408140                UI::UpdateAxisPosition(unsigned int, float)
 .text._ZN2UI24UpdateCurrentTemperatureEjf
                0x0040815c       0x18 ./src/UserInterface.o
                0x0040815c                UI::UpdateCurrentTemperature(unsigned int, float)
 .text._ZN2UI10ShowHeaterEjb
                0x00408174       0x58 ./src/UserInterface.o
                0x00408174                UI::ShowHeater(unsigned int, bool)
 .text._ZN2UI18UpdateHeaterStatusEji
                0x004081cc       0x5c ./src/UserInterface.o
                0x004081cc                UI::UpdateHeaterStatus(unsigned int, int)
 .text._ZN2UI12ShowKeyboardEv
                0x00408228       0x30 ./src/UserInterface.o
                0x00408228                UI::ShowKeyboard()
 .text._ZN2UI14PopupCancelledEv
                0x00408258       0x20 ./src/UserInterface.o
                0x00408258                UI::PopupCancelled()
 .text._ZN2UI9DoPollingEv
                0x00408278       0x18 ./src/UserInterface.o
                0x00408278                UI::DoPolling()
 .text._ZN2UI4SpinEv
                0x00408290       0x24 ./src/UserInterface.o
                0x00408290                UI::Spin()
 .text._ZN2UI20UpdatePrintingFieldsEv
                0x004082b4       0x84 ./src/UserInterface.o
                0x004082b4                UI::UpdatePrintingFields()
 .text._ZN2UI23SetPrintProgressPercentEj
                0x00408338       0x14 ./src/UserInterface.o
                0x00408338                UI::SetPrintProgressPercent(unsigned int)
 .text._ZN2UI14UpdateGeometryEjb
                0x0040834c       0x48 ./src/UserInterface.o
                0x0040834c                UI::UpdateGeometry(unsigned int, bool)
 .text._ZN2UI17UpdateHomedStatusEib
                0x00408394       0x44 ./src/UserInterface.o
                0x00408394                UI::UpdateHomedStatus(int, bool)
 .text._ZN2UI12UpdateZProbeEPKc
                0x004083d8       0x40 ./src/UserInterface.o
                0x004083d8                UI::UpdateZProbe(char const*)
 .text._ZN2UI17UpdateMachineNameEPKc
                0x00408418       0x40 ./src/UserInterface.o
                0x00408418                UI::UpdateMachineName(char const*)
 .text._ZN2UI16UpdateFanPercentEi
                0x00408458       0x18 ./src/UserInterface.o
                0x00408458                UI::UpdateFanPercent(int)
 .text._ZN2UI23UpdateActiveTemperatureEji
                0x00408470       0x18 ./src/UserInterface.o
                0x00408470                UI::UpdateActiveTemperature(unsigned int, int)
 .text._ZN2UI24UpdateStandbyTemperatureEji
                0x00408488       0x18 ./src/UserInterface.o
                0x00408488                UI::UpdateStandbyTemperature(unsigned int, int)
 .text._ZN2UI21UpdateExtrusionFactorEji
                0x004084a0       0x18 ./src/UserInterface.o
                0x004084a0                UI::UpdateExtrusionFactor(unsigned int, int)
 .text._ZN2UI18UpdateSpeedPercentEi
                0x004084b8       0x18 ./src/UserInterface.o
                0x004084b8                UI::UpdateSpeedPercent(int)
 .text._ZN2UI12ProcessAlertEPKc
                0x004084d0       0x68 ./src/UserInterface.o
                0x004084d0                UI::ProcessAlert(char const*)
 .text._ZN2UI12FileSelectedEPKc
                0x00408538       0x7c ./src/UserInterface.o
                0x00408538                UI::FileSelected(char const*)
 .text._ZN2UI22UpdateFileObjectHeightEf
                0x004085b4       0x14 ./src/UserInterface.o
                0x004085b4                UI::UpdateFileObjectHeight(float)
 .text._ZN2UI21UpdateFileLayerHeightEf
                0x004085c8       0x14 ./src/UserInterface.o
                0x004085c8                UI::UpdateFileLayerHeight(float)
 .text._ZN2UI14UpdateFileSizeEi
                0x004085dc       0x14 ./src/UserInterface.o
                0x004085dc                UI::UpdateFileSize(int)
 .text._ZN2UI18UpdateFileFilamentEi
                0x004085f0       0x14 ./src/UserInterface.o
                0x004085f0                UI::UpdateFileFilament(int)
 .text._ZN2UI20IsDisplayingFileInfoEv
                0x00408604       0x10 ./src/UserInterface.o
                0x00408604                UI::IsDisplayingFileInfo()
 .text._ZN2UI23FirmwareFeaturesChangedEm
                0x00408614       0x2c ./src/UserInterface.o
                0x00408614                UI::FirmwareFeaturesChanged(unsigned long)
 .text._ZN2UI20OnButtonPressTimeoutEv
                0x00408640       0x18 ./src/UserInterface.o
                0x00408640                UI::OnButtonPressTimeout()
 .text._ZN2UI20UpdateFilesListTitleEijb
                0x00408658       0x84 ./src/UserInterface.o
                0x00408658                UI::UpdateFilesListTitle(int, unsigned int, bool)
 .text._ZN2UI14FileListLoadedEi
                0x004086dc       0x30 ./src/UserInterface.o
                0x004086dc                UI::FileListLoaded(int)
 .text._ZN2UI20EnableFileNavButtonsEbbb
                0x0040870c       0x40 ./src/UserInterface.o
                0x0040870c                UI::EnableFileNavButtons(bool, bool, bool)
 .text._ZN2UI19GetNumScrolledFilesEv
                0x0040874c        0x4 ./src/UserInterface.o
                0x0040874c                UI::GetNumScrolledFiles()
 .text._ZN2UI11SetNumToolsEj
                0x00408750       0x30 ./src/UserInterface.o
                0x00408750                UI::SetNumTools(unsigned int)
 .text._ZN2UI17SetBabystepOffsetEf
                0x00408780       0x14 ./src/UserInterface.o
                0x00408780                UI::SetBabystepOffset(float)
 .text._ZN6StringILj50EE7catFromEPKc
                0x00408794       0x1e ./src/UserInterface.o
                0x00408794                String<50u>::catFrom(char const*)
 *fill*         0x004087b2        0x2 
 .text._ZN2UI25UpdateFileGeneratedByTextEPKc
                0x004087b4       0x2c ./src/UserInterface.o
                0x004087b4                UI::UpdateFileGeneratedByText(char const*)
 .text._ZN6StringILj50EE4catfEPKcz
                0x004087e0       0x40 ./src/UserInterface.o
                0x004087e0                String<50u>::catf(char const*, ...)
 .text._ZN2UIL14AppendTimeLeftEi
                0x00408820       0x68 ./src/UserInterface.o
 .text._ZN2UI15UpdateTimesLeftEjj
                0x00408888       0x74 ./src/UserInterface.o
                0x00408888                UI::UpdateTimesLeft(unsigned int, unsigned int)
 .text._ZN6StringILj40EE4copyEPKc
                0x004088fc       0x24 ./src/UserInterface.o
                0x004088fc                String<40u>::copy(char const*)
 .text._ZN2UI23PrintingFilenameChangedEPKc
                0x00408920       0x54 ./src/UserInterface.o
                0x00408920                UI::PrintingFilenameChanged(char const*)
 .text.startup._GLOBAL__sub_I_fwVersionField
                0x00408974       0x84 ./src/UserInterface.o
 .text._ZN2UI10ChangePageEP10ButtonBase
                0x004089f8       0xf4 ./src/UserInterface.o
                0x004089f8                UI::ChangePage(ButtonBase*)
 .text._ZN2UI12ChangeStatusE13PrinterStatusS0_
                0x00408aec       0xa8 ./src/UserInterface.o
                0x00408aec                UI::ChangeStatus(PrinterStatus, PrinterStatus)
 .text._ZN2UI12PrintStartedEv
                0x00408b94       0x14 ./src/UserInterface.o
                0x00408b94                UI::PrintStarted()
 .text._ZN2UI15ShowDefaultPageEv
                0x00408ba8       0x14 ./src/UserInterface.o
                0x00408ba8                UI::ShowDefaultPage()
 .text._ZN2UI12ProcessTouchE11ButtonPress
                0x00408bbc      0x9b8 ./src/UserInterface.o
                0x00408bbc                UI::ProcessTouch(ButtonPress)
 .text._ZN2UI24ProcessTouchOutsidePopupE11ButtonPress
                0x00409574      0x13c ./src/UserInterface.o
                0x00409574                UI::ProcessTouchOutsidePopup(ButtonPress)
 .text          0x004096b0      0x370 e:/arduino-1.5.8/hardware/tools/gcc-arm-none-eabi-4.8.3-2014q1/bin/../lib/gcc/arm-none-eabi/4.8.3/armv7e-m\libgcc.a(_arm_addsubdf3.o)
                0x004096b0                __aeabi_drsub
                0x004096b8                __aeabi_dsub
                0x004096b8                __subdf3
                0x004096bc                __aeabi_dadd
                0x004096bc                __adddf3
                0x00409934                __floatunsidf
                0x00409934                __aeabi_ui2d
                0x00409954                __floatsidf
                0x00409954                __aeabi_i2d
                0x00409978                __aeabi_f2d
                0x00409978                __extendsfdf2
                0x004099b4                __floatundidf
                0x004099b4                __aeabi_ul2d
                0x004099c4                __floatdidf
                0x004099c4                __aeabi_l2d
 .text          0x00409a20      0x424 e:/arduino-1.5.8/hardware/tools/gcc-arm-none-eabi-4.8.3-2014q1/bin/../lib/gcc/arm-none-eabi/4.8.3/armv7e-m\libgcc.a(_arm_muldivdf3.o)
                0x00409a20                __aeabi_dmul
                0x00409a20                __muldf3
                0x00409c74                __divdf3
                0x00409c74                __aeabi_ddiv
 .text          0x00409e44       0x50 e:/arduino-1.5.8/hardware/tools/gcc-arm-none-eabi-4.8.3-2014q1/bin/../lib/gcc/arm-none-eabi/4.8.3/armv7e-m\libgcc.a(_arm_fixdfsi.o)
                0x00409e44                __aeabi_d2iz
                0x00409e44                __fixdfsi
 .text          0x00409e94       0x40 e:/arduino-1.5.8/hardware/tools/gcc-arm-none-eabi-4.8.3-2014q1/bin/../lib/gcc/arm-none-eabi/4.8.3/armv7e-m\libgcc.a(_arm_fixunsdfsi.o)
                0x00409e94                __aeabi_d2uiz
                0x00409e94                __fixunsdfsi
 .text          0x00409ed4       0xa0 e:/arduino-1.5.8/hardware/tools/gcc-arm-none-eabi-4.8.3-2014q1/bin/../lib/gcc/arm-none-eabi/4.8.3/armv7e-m\libgcc.a(_arm_truncdfsf2.o)
                0x00409ed4                __truncdfsf2
                0x00409ed4                __aeabi_d2f
 .text          0x00409f74      0x21c e:/arduino-1.5.8/hardware/tools/gcc-arm-none-eabi-4.8.3-2014q1/bin/../lib/gcc/arm-none-eabi/4.8.3/armv7e-m\libgcc.a(_arm_addsubsf3.o)
                0x00409f74                __aeabi_frsub
                0x00409f7c                __subsf3
                0x00409f7c                __aeabi_fsub
                0x00409f80                __aeabi_fadd
                0x00409f80                __addsf3
                0x0040a0e0                __aeabi_ui2f
                0x0040a0e0                __floatunsisf
                0x0040a0e8                __aeabi_i2f
                0x0040a0e8                __floatsisf
                0x0040a104                __aeabi_ul2f
                0x0040a104                __floatundisf
                0x0040a114                __aeabi_l2f
                0x0040a114                __floatdisf
 .text          0x0040a190      0x2a0 e:/arduino-1.5.8/hardware/tools/gcc-arm-none-eabi-4.8.3-2014q1/bin/../lib/gcc/arm-none-eabi/4.8.3/armv7e-m\libgcc.a(_arm_muldivsf3.o)
                0x0040a190                __mulsf3
                0x0040a190                __aeabi_fmul
                0x0040a2f8                __aeabi_fdiv
                0x0040a2f8                __divsf3
 .text          0x0040a430       0xec e:/arduino-1.5.8/hardware/tools/gcc-arm-none-eabi-4.8.3-2014q1/bin/../lib/gcc/arm-none-eabi/4.8.3/armv7e-m\libgcc.a(_arm_cmpsf2.o)
                0x0040a430                __gesf2
                0x0040a430                __gtsf2
                0x0040a438                __lesf2
                0x0040a438                __ltsf2
                0x0040a440                __nesf2
                0x0040a440                __eqsf2
                0x0040a440                __cmpsf2
                0x0040a4a0                __aeabi_cfrcmple
                0x0040a4a8                __aeabi_cfcmpeq
                0x0040a4a8                __aeabi_cfcmple
                0x0040a4b8                __aeabi_fcmpeq
                0x0040a4cc                __aeabi_fcmplt
                0x0040a4e0                __aeabi_fcmple
                0x0040a4f4                __aeabi_fcmpge
                0x0040a508                __aeabi_fcmpgt
 .text          0x0040a51c       0x2c e:/arduino-1.5.8/hardware/tools/gcc-arm-none-eabi-4.8.3-2014q1/bin/../lib/gcc/arm-none-eabi/4.8.3/armv7e-m\libgcc.a(_arm_unordsf2.o)
                0x0040a51c                __unordsf2
                0x0040a51c                __aeabi_fcmpun
 .text          0x0040a548       0x4c e:/arduino-1.5.8/hardware/tools/gcc-arm-none-eabi-4.8.3-2014q1/bin/../lib/gcc/arm-none-eabi/4.8.3/armv7e-m\libgcc.a(_arm_fixsfsi.o)
                0x0040a548                __aeabi_f2iz
                0x0040a548                __fixsfsi
 .text          0x0040a594       0x40 e:/arduino-1.5.8/hardware/tools/gcc-arm-none-eabi-4.8.3-2014q1/bin/../lib/gcc/arm-none-eabi/4.8.3/armv7e-m\libgcc.a(_arm_fixunssfsi.o)
                0x0040a594                __fixunssfsi
                0x0040a594                __aeabi_f2uiz
 .text.__libc_init_array
                0x0040a5d4       0x4c e:/arduino-1.5.8/hardware/tools/gcc-arm-none-eabi-4.8.3-2014q1/bin/../lib/gcc/arm-none-eabi/4.8.3/../../../../arm-none-eabi/lib/armv7e-m\libc_s.a(lib_a-init.o)
                0x0040a5d4                __libc_init_array
 .text.memcmp   0x0040a620       0x1e e:/arduino-1.5.8/hardware/tools/gcc-arm-none-eabi-4.8.3-2014q1/bin/../lib/gcc/arm-none-eabi/4.8.3/../../../../arm-none-eabi/lib/armv7e-m\libc_s.a(lib_a-memcmp.o)
                0x0040a620                memcmp
 .text.memcpy   0x0040a63e       0x12 e:/arduino-1.5.8/hardware/tools/gcc-arm-none-eabi-4.8.3-2014q1/bin/../lib/gcc/arm-none-eabi/4.8.3/../../../../arm-none-eabi/lib/armv7e-m\libc_s.a(lib_a-memcpy-stub.o)
                0x0040a63e                memcpy
 .text.memset   0x0040a650       0x10 e:/arduino-1.5.8/hardware/tools/gcc-arm-none-eabi-4.8.3-2014q1/bin/../lib/gcc/arm-none-eabi/4.8.3/../../../../arm-none-eabi/lib/armv7e-m\libc_s.a(lib_a-memset.o)
                0x0040a650                memset
 .text.snprintf
                0x0040a660       0x64 e:/arduino-1.5.8/hardware/tools/gcc-arm-none-eabi-4.8.3-2014q1/bin/../lib/gcc/arm-none-eabi/4.8.3/../../../../arm-none-eabi/lib/armv7e-m\libc_s.a(lib_a-snprintf.o)
                0x0040a660                sniprintf
                0x0040a660                snprintf
 .text.strcasecmp
                0x0040a6c4       0x3c e:/arduino-1.5.8/hardware/tools/gcc-arm-none-eabi-4.8.3-2014q1/bin/../lib/gcc/arm-none-eabi/4.8.3/../../../../arm-none-eabi/lib/armv7e-m\libc_s.a(lib_a-strcasecmp.o)
                0x0040a6c4                strcasecmp
 .text.strchr   0x0040a700       0x1a e:/arduino-1.5.8/hardware/tools/gcc-arm-none-eabi-4.8.3-2014q1/bin/../lib/gcc/arm-none-eabi/4.8.3/../../../../arm-none-eabi/lib/armv7e-m\libc_s.a(lib_a-strchr.o)
                0x0040a700                strchr
 .text          0x0040a71a       0x14 e:/arduino-1.5.8/hardware/tools/gcc-arm-none-eabi-4.8.3-2014q1/bin/../lib/gcc/arm-none-eabi/4.8.3/../../../../arm-none-eabi/lib/armv7e-m\libc_s.a(lib_a-strcmp.o)
                0x0040a71a                strcmp
 .text.strlen   0x0040a72e       0x10 e:/arduino-1.5.8/hardware/tools/gcc-arm-none-eabi-4.8.3-2014q1/bin/../lib/gcc/arm-none-eabi/4.8.3/../../../../arm-none-eabi/lib/armv7e-m\libc_s.a(lib_a-strlen.o)
                0x0040a72e                strlen
 .text.strncmp  0x0040a73e       0x2e e:/arduino-1.5.8/hardware/tools/gcc-arm-none-eabi-4.8.3-2014q1/bin/../lib/gcc/arm-none-eabi/4.8.3/../../../../arm-none-eabi/lib/armv7e-m\libc_s.a(lib_a-strncmp.o)
                0x0040a73e                strncmp
 .text.match    0x0040a76c       0x28 e:/arduino-1.5.8/hardware/tools/gcc-arm-none-eabi-4.8.3-2014q1/bin/../lib/gcc/arm-none-eabi/4.8.3/../../../../arm-none-eabi/lib/armv7e-m\libc_s.a(lib_a-strtod.o)
 .text.sulp     0x0040a794       0x3e e:/arduino-1.5.8/hardware/tools/gcc-arm-none-eabi-4.8.3-2014q1/bin/../lib/gcc/arm-none-eabi/4.8.3/../../../../arm-none-eabi/lib/armv7e-m\libc_s.a(lib_a-strtod.o)
 *fill*         0x0040a7d2        0x6 
 .text._strtod_r
                0x0040a7d8      0xc38 e:/arduino-1.5.8/hardware/tools/gcc-arm-none-eabi-4.8.3-2014q1/bin/../lib/gcc/arm-none-eabi/4.8.3/../../../../arm-none-eabi/lib/armv7e-m\libc_s.a(lib_a-strtod.o)
                0x0040a7d8                _strtod_r
 .text.strtof   0x0040b410       0x30 e:/arduino-1.5.8/hardware/tools/gcc-arm-none-eabi-4.8.3-2014q1/bin/../lib/gcc/arm-none-eabi/4.8.3/../../../../arm-none-eabi/lib/armv7e-m\libc_s.a(lib_a-strtod.o)
                0x0040b410                strtof
 .text._strtol_r
                0x0040b440      0x104 e:/arduino-1.5.8/hardware/tools/gcc-arm-none-eabi-4.8.3-2014q1/bin/../lib/gcc/arm-none-eabi/4.8.3/../../../../arm-none-eabi/lib/armv7e-m\libc_s.a(lib_a-strtol.o)
                0x0040b440                _strtol_r
 .text.strtol   0x0040b544       0x1c e:/arduino-1.5.8/hardware/tools/gcc-arm-none-eabi-4.8.3-2014q1/bin/../lib/gcc/arm-none-eabi/4.8.3/../../../../arm-none-eabi/lib/armv7e-m\libc_s.a(lib_a-strtol.o)
                0x0040b544                strtol
 .text._strtoul_r
                0x0040b560       0xf0 e:/arduino-1.5.8/hardware/tools/gcc-arm-none-eabi-4.8.3-2014q1/bin/../lib/gcc/arm-none-eabi/4.8.3/../../../../arm-none-eabi/lib/armv7e-m\libc_s.a(lib_a-strtoul.o)
                0x0040b560                _strtoul_r
 .text.strtoul  0x0040b650       0x1c e:/arduino-1.5.8/hardware/tools/gcc-arm-none-eabi-4.8.3-2014q1/bin/../lib/gcc/arm-none-eabi/4.8.3/../../../../arm-none-eabi/lib/armv7e-m\libc_s.a(lib_a-strtoul.o)
                0x0040b650                strtoul
 .text.__ssputs_r
                0x0040b66c       0xb8 e:/arduino-1.5.8/hardware/tools/gcc-arm-none-eabi-4.8.3-2014q1/bin/../lib/gcc/arm-none-eabi/4.8.3/../../../../arm-none-eabi/lib/armv7e-m\libc_s.a(lib_a-svfprintf.o)
                0x0040b66c                __ssputs_r
 .text._svfprintf_r
                0x0040b724      0x1dc e:/arduino-1.5.8/hardware/tools/gcc-arm-none-eabi-4.8.3-2014q1/bin/../lib/gcc/arm-none-eabi/4.8.3/../../../../arm-none-eabi/lib/armv7e-m\libc_s.a(lib_a-svfprintf.o)
                0x0040b724                _svfiprintf_r
                0x0040b724                _svfprintf_r
 .text._printf_common
                0x0040b900       0xe4 e:/arduino-1.5.8/hardware/tools/gcc-arm-none-eabi-4.8.3-2014q1/bin/../lib/gcc/arm-none-eabi/4.8.3/../../../../arm-none-eabi/lib/armv7e-m\libc_s.a(lib_a-vfprintf_i.o)
                0x0040b900                _printf_common
 .text._printf_i
                0x0040b9e4      0x228 e:/arduino-1.5.8/hardware/tools/gcc-arm-none-eabi-4.8.3-2014q1/bin/../lib/gcc/arm-none-eabi/4.8.3/../../../../arm-none-eabi/lib/armv7e-m\libc_s.a(lib_a-vfprintf_i.o)
                0x0040b9e4                _printf_i
 .text._vsnprintf_r
                0x0040bc0c       0x52 e:/arduino-1.5.8/hardware/tools/gcc-arm-none-eabi-4.8.3-2014q1/bin/../lib/gcc/arm-none-eabi/4.8.3/../../../../arm-none-eabi/lib/armv7e-m\libc_s.a(lib_a-vsnprintf.o)
                0x0040bc0c                _vsniprintf_r
                0x0040bc0c                _vsnprintf_r
 *fill*         0x0040bc5e        0x2 
 .text.vsnprintf
                0x0040bc60       0x20 e:/arduino-1.5.8/hardware/tools/gcc-arm-none-eabi-4.8.3-2014q1/bin/../lib/gcc/arm-none-eabi/4.8.3/../../../../arm-none-eabi/lib/armv7e-m\libc_s.a(lib_a-vsnprintf.o)
                0x0040bc60                vsniprintf
                0x0040bc60                vsnprintf
 .text.rshift   0x0040bc80       0x6a e:/arduino-1.5.8/hardware/tools/gcc-arm-none-eabi-4.8.3-2014q1/bin/../lib/gcc/arm-none-eabi/4.8.3/../../../../arm-none-eabi/lib/armv7e-m\libc_s.a(lib_a-gdtoa-gethex.o)
 .text.__hexdig_fun
                0x0040bcea       0x2a e:/arduino-1.5.8/hardware/tools/gcc-arm-none-eabi-4.8.3-2014q1/bin/../lib/gcc/arm-none-eabi/4.8.3/../../../../arm-none-eabi/lib/armv7e-m\libc_s.a(lib_a-gdtoa-gethex.o)
                0x0040bcea                __hexdig_fun
 .text.__gethex
                0x0040bd14      0x45e e:/arduino-1.5.8/hardware/tools/gcc-arm-none-eabi-4.8.3-2014q1/bin/../lib/gcc/arm-none-eabi/4.8.3/../../../../arm-none-eabi/lib/armv7e-m\libc_s.a(lib_a-gdtoa-gethex.o)
                0x0040bd14                __gethex
 .text.L_shift  0x0040c172       0x26 e:/arduino-1.5.8/hardware/tools/gcc-arm-none-eabi-4.8.3-2014q1/bin/../lib/gcc/arm-none-eabi/4.8.3/../../../../arm-none-eabi/lib/armv7e-m\libc_s.a(lib_a-gdtoa-hexnan.o)
 .text.__hexnan
                0x0040c198      0x120 e:/arduino-1.5.8/hardware/tools/gcc-arm-none-eabi-4.8.3-2014q1/bin/../lib/gcc/arm-none-eabi/4.8.3/../../../../arm-none-eabi/lib/armv7e-m\libc_s.a(lib_a-gdtoa-hexnan.o)
                0x0040c198                __hexnan
 .text._localeconv_r
                0x0040c2b8        0x8 e:/arduino-1.5.8/hardware/tools/gcc-arm-none-eabi-4.8.3-2014q1/bin/../lib/gcc/arm-none-eabi/4.8.3/../../../../arm-none-eabi/lib/armv7e-m\libc_s.a(lib_a-locale.o)
                0x0040c2b8                _localeconv_r
 .text.memchr   0x0040c2c0       0x1e e:/arduino-1.5.8/hardware/tools/gcc-arm-none-eabi-4.8.3-2014q1/bin/../lib/gcc/arm-none-eabi/4.8.3/../../../../arm-none-eabi/lib/armv7e-m\libc_s.a(lib_a-memchr-stub.o)
                0x0040c2c0                memchr
 .text.memmove  0x0040c2de       0x36 e:/arduino-1.5.8/hardware/tools/gcc-arm-none-eabi-4.8.3-2014q1/bin/../lib/gcc/arm-none-eabi/4.8.3/../../../../arm-none-eabi/lib/armv7e-m\libc_s.a(lib_a-memmove.o)
                0x0040c2de                memmove
 .text._Balloc  0x0040c314       0x6a e:/arduino-1.5.8/hardware/tools/gcc-arm-none-eabi-4.8.3-2014q1/bin/../lib/gcc/arm-none-eabi/4.8.3/../../../../arm-none-eabi/lib/armv7e-m\libc_s.a(lib_a-mprec.o)
                0x0040c314                _Balloc
 .text._Bfree   0x0040c37e       0x2e e:/arduino-1.5.8/hardware/tools/gcc-arm-none-eabi-4.8.3-2014q1/bin/../lib/gcc/arm-none-eabi/4.8.3/../../../../arm-none-eabi/lib/armv7e-m\libc_s.a(lib_a-mprec.o)
                0x0040c37e                _Bfree
 .text.__multadd
                0x0040c3ac       0x74 e:/arduino-1.5.8/hardware/tools/gcc-arm-none-eabi-4.8.3-2014q1/bin/../lib/gcc/arm-none-eabi/4.8.3/../../../../arm-none-eabi/lib/armv7e-m\libc_s.a(lib_a-mprec.o)
                0x0040c3ac                __multadd
 .text.__s2b    0x0040c420       0x84 e:/arduino-1.5.8/hardware/tools/gcc-arm-none-eabi-4.8.3-2014q1/bin/../lib/gcc/arm-none-eabi/4.8.3/../../../../arm-none-eabi/lib/armv7e-m\libc_s.a(lib_a-mprec.o)
                0x0040c420                __s2b
 .text.__hi0bits
                0x0040c4a4       0x40 e:/arduino-1.5.8/hardware/tools/gcc-arm-none-eabi-4.8.3-2014q1/bin/../lib/gcc/arm-none-eabi/4.8.3/../../../../arm-none-eabi/lib/armv7e-m\libc_s.a(lib_a-mprec.o)
                0x0040c4a4                __hi0bits
 .text.__lo0bits
                0x0040c4e4       0x5a e:/arduino-1.5.8/hardware/tools/gcc-arm-none-eabi-4.8.3-2014q1/bin/../lib/gcc/arm-none-eabi/4.8.3/../../../../arm-none-eabi/lib/armv7e-m\libc_s.a(lib_a-mprec.o)
                0x0040c4e4                __lo0bits
 .text.__i2b    0x0040c53e       0x12 e:/arduino-1.5.8/hardware/tools/gcc-arm-none-eabi-4.8.3-2014q1/bin/../lib/gcc/arm-none-eabi/4.8.3/../../../../arm-none-eabi/lib/armv7e-m\libc_s.a(lib_a-mprec.o)
                0x0040c53e                __i2b
 .text.__multiply
                0x0040c550      0x130 e:/arduino-1.5.8/hardware/tools/gcc-arm-none-eabi-4.8.3-2014q1/bin/../lib/gcc/arm-none-eabi/4.8.3/../../../../arm-none-eabi/lib/armv7e-m\libc_s.a(lib_a-mprec.o)
                0x0040c550                __multiply
 .text.__pow5mult
                0x0040c680       0x9c e:/arduino-1.5.8/hardware/tools/gcc-arm-none-eabi-4.8.3-2014q1/bin/../lib/gcc/arm-none-eabi/4.8.3/../../../../arm-none-eabi/lib/armv7e-m\libc_s.a(lib_a-mprec.o)
                0x0040c680                __pow5mult
 .text.__lshift
                0x0040c71c       0xa6 e:/arduino-1.5.8/hardware/tools/gcc-arm-none-eabi-4.8.3-2014q1/bin/../lib/gcc/arm-none-eabi/4.8.3/../../../../arm-none-eabi/lib/armv7e-m\libc_s.a(lib_a-mprec.o)
                0x0040c71c                __lshift
 .text.__mcmp   0x0040c7c2       0x3a e:/arduino-1.5.8/hardware/tools/gcc-arm-none-eabi-4.8.3-2014q1/bin/../lib/gcc/arm-none-eabi/4.8.3/../../../../arm-none-eabi/lib/armv7e-m\libc_s.a(lib_a-mprec.o)
                0x0040c7c2                __mcmp
 .text.__mdiff  0x0040c7fc       0xbc e:/arduino-1.5.8/hardware/tools/gcc-arm-none-eabi-4.8.3-2014q1/bin/../lib/gcc/arm-none-eabi/4.8.3/../../../../arm-none-eabi/lib/armv7e-m\libc_s.a(lib_a-mprec.o)
                0x0040c7fc                __mdiff
 .text.__ulp    0x0040c8b8       0x44 e:/arduino-1.5.8/hardware/tools/gcc-arm-none-eabi-4.8.3-2014q1/bin/../lib/gcc/arm-none-eabi/4.8.3/../../../../arm-none-eabi/lib/armv7e-m\libc_s.a(lib_a-mprec.o)
                0x0040c8b8                __ulp
 .text.__b2d    0x0040c8fc       0xa6 e:/arduino-1.5.8/hardware/tools/gcc-arm-none-eabi-4.8.3-2014q1/bin/../lib/gcc/arm-none-eabi/4.8.3/../../../../arm-none-eabi/lib/armv7e-m\libc_s.a(lib_a-mprec.o)
                0x0040c8fc                __b2d
 .text.__d2b    0x0040c9a2       0xa4 e:/arduino-1.5.8/hardware/tools/gcc-arm-none-eabi-4.8.3-2014q1/bin/../lib/gcc/arm-none-eabi/4.8.3/../../../../arm-none-eabi/lib/armv7e-m\libc_s.a(lib_a-mprec.o)
                0x0040c9a2                __d2b
 .text.__ratio  0x0040ca46       0x4a e:/arduino-1.5.8/hardware/tools/gcc-arm-none-eabi-4.8.3-2014q1/bin/../lib/gcc/arm-none-eabi/4.8.3/../../../../arm-none-eabi/lib/armv7e-m\libc_s.a(lib_a-mprec.o)
                0x0040ca46                __ratio
 .text.__copybits
                0x0040ca90       0x32 e:/arduino-1.5.8/hardware/tools/gcc-arm-none-eabi-4.8.3-2014q1/bin/../lib/gcc/arm-none-eabi/4.8.3/../../../../arm-none-eabi/lib/armv7e-m\libc_s.a(lib_a-mprec.o)
                0x0040ca90                __copybits
 .text.__any_on
                0x0040cac2       0x48 e:/arduino-1.5.8/hardware/tools/gcc-arm-none-eabi-4.8.3-2014q1/bin/../lib/gcc/arm-none-eabi/4.8.3/../../../../arm-none-eabi/lib/armv7e-m\libc_s.a(lib_a-mprec.o)
                0x0040cac2                __any_on
 .text._calloc_r
                0x0040cb0a       0x1c e:/arduino-1.5.8/hardware/tools/gcc-arm-none-eabi-4.8.3-2014q1/bin/../lib/gcc/arm-none-eabi/4.8.3/../../../../arm-none-eabi/lib/armv7e-m\libc_s.a(lib_a-nano-callocr.o)
                0x0040cb0a                _calloc_r
 *fill*         0x0040cb26        0x2 
 .text._free_r  0x0040cb28       0x88 e:/arduino-1.5.8/hardware/tools/gcc-arm-none-eabi-4.8.3-2014q1/bin/../lib/gcc/arm-none-eabi/4.8.3/../../../../arm-none-eabi/lib/armv7e-m\libc_s.a(lib_a-nano-freer.o)
                0x0040cb28                _free_r
 .text._malloc_r
                0x0040cbb0       0xa8 e:/arduino-1.5.8/hardware/tools/gcc-arm-none-eabi-4.8.3-2014q1/bin/../lib/gcc/arm-none-eabi/4.8.3/../../../../arm-none-eabi/lib/armv7e-m\libc_s.a(lib_a-nano-mallocr.o)
                0x0040cbb0                _malloc_r
 .text._realloc_r
                0x0040cc58       0x4c e:/arduino-1.5.8/hardware/tools/gcc-arm-none-eabi-4.8.3-2014q1/bin/../lib/gcc/arm-none-eabi/4.8.3/../../../../arm-none-eabi/lib/armv7e-m\libc_s.a(lib_a-nano-reallocr.o)
                0x0040cc58                _realloc_r
 .text.__fpclassifyd
                0x0040cca4       0x44 e:/arduino-1.5.8/hardware/tools/gcc-arm-none-eabi-4.8.3-2014q1/bin/../lib/gcc/arm-none-eabi/4.8.3/../../../../arm-none-eabi/lib/armv7e-m\libc_s.a(lib_a-s_fpclassify.o)
                0x0040cca4                __fpclassifyd
 .text._sbrk_r  0x0040cce8       0x20 e:/arduino-1.5.8/hardware/tools/gcc-arm-none-eabi-4.8.3-2014q1/bin/../lib/gcc/arm-none-eabi/4.8.3/../../../../arm-none-eabi/lib/armv7e-m\libc_s.a(lib_a-sbrkr.o)
                0x0040cce8                _sbrk_r
 .text.nanf     0x0040cd08        0x8 e:/arduino-1.5.8/hardware/tools/gcc-arm-none-eabi-4.8.3-2014q1/bin/../lib/gcc/arm-none-eabi/4.8.3/../../../../arm-none-eabi/lib/armv7e-m\libc_s.a(lib_a-sf_nan.o)
                0x0040cd08                nanf
 .text.malloc   0x0040cd10       0x10 e:/arduino-1.5.8/hardware/tools/gcc-arm-none-eabi-4.8.3-2014q1/bin/../lib/gcc/arm-none-eabi/4.8.3/../../../../arm-none-eabi/lib/armv7e-m\libc_s.a(lib_a-malloc.o)
                0x0040cd10                malloc
 .text._malloc_usable_size_r
                0x0040cd20       0x12 e:/arduino-1.5.8/hardware/tools/gcc-arm-none-eabi-4.8.3-2014q1/bin/../lib/gcc/arm-none-eabi/4.8.3/../../../../arm-none-eabi/lib/armv7e-m\libc_s.a(lib_a-nano-msizer.o)
                0x0040cd20                _malloc_usable_size_r
 *fill*         0x0040cd32        0x2 
 .text          0x0040cd34      0x110 e:/arduino-1.5.8/hardware/tools/gcc-arm-none-eabi-4.8.3-2014q1/bin/../lib/gcc/arm-none-eabi/4.8.3/armv7e-m\libgcc.a(_arm_cmpdf2.o)
                0x0040cd34                __gtdf2
                0x0040cd34                __gedf2
                0x0040cd3c                __ltdf2
                0x0040cd3c                __ledf2
                0x0040cd44                __nedf2
                0x0040cd44                __eqdf2
                0x0040cd44                __cmpdf2
                0x0040cdc0                __aeabi_cdrcmple
                0x0040cdd0                __aeabi_cdcmpeq
                0x0040cdd0                __aeabi_cdcmple
                0x0040cde0                __aeabi_dcmpeq
                0x0040cdf4                __aeabi_dcmplt
                0x0040ce08                __aeabi_dcmple
                0x0040ce1c                __aeabi_dcmpge
                0x0040ce30                __aeabi_dcmpgt
 *(.glue_7t)
 .glue_7t       0x00000000        0x0 linker stubs
 *(.glue_7)
 .glue_7        0x00000000        0x0 linker stubs
 *(.rodata .rodata* .gnu.linkonce.r.*)
 .rodata.IconPaletteDark
                0x0040ce44       0x20 ./src/Icons/HomeIcons.o
                0x0040ce44                IconPaletteDark
 .rodata.IconPaletteLight
                0x0040ce64       0x20 ./src/Icons/HomeIcons.o
                0x0040ce64                IconPaletteLight
 .rodata.IconHomeAll
                0x0040ce84      0x109 ./src/Icons/HomeIcons.o
                0x0040ce84                IconHomeAll
 .rodata.IconHomeZ
                0x0040cf8d      0x109 ./src/Icons/HomeIcons.o
                0x0040cf8d                IconHomeZ
 .rodata.IconHomeU
                0x0040d096      0x109 ./src/Icons/HomeIcons.o
                0x0040d096                IconHomeU
 .rodata.IconHomeX
                0x0040d19f      0x109 ./src/Icons/HomeIcons.o
                0x0040d19f                IconHomeX
 .rodata.IconHomeY
                0x0040d2a8      0x109 ./src/Icons/HomeIcons.o
                0x0040d2a8                IconHomeY
 .rodata.IconBedComp
                0x0040d3b1      0x109 ./src/Icons/HomeIcons.o