Archive member included because of file (symbol)

e:/arduino-1.5.8/hardware/tools/gcc-arm-none-eabi-4.8.3-2014q1/bin/../lib/gcc/arm-none-eabi/4.8.3/armv7e-m\libgcc.a(_arm_addsubdf3.o)
                              ./src/PanelDue.o (__aeabi_dsub)
e:/arduino-1.5.8/hardware/tools/gcc-arm-none-eabi-4.8.3-2014q1/bin/../lib/gcc/arm-none-eabi/4.8.3/armv7e-m\libgcc.a(_arm_muldivdf3.o)
                              ./src/PanelDue.o (__aeabi_dmul)
e:/arduino-1.5.8/hardware/tools/gcc-arm-none-eabi-4.8.3-2014q1/bin/../lib/gcc/arm-none-eabi/4.8.3/armv7e-m\libgcc.a(_arm_fixdfsi.o)
                              ./src/PanelDue.o (__aeabi_d2iz)
e:/arduino-1.5.8/hardware/tools/gcc-arm-none-eabi-4.8.3-2014q1/bin/../lib/gcc/arm-none-eabi/4.8.3/armv7e-m\libgcc.a(_arm_fixunsdfsi.o)
                              ./src/PanelDue.o (__aeabi_d2uiz)
e:/arduino-1.5.8/hardware/tools/gcc-arm-none-eabi-4.8.3-2014q1/bin/../lib/gcc/arm-none-eabi/4.8.3/armv7e-m\libgcc.a(_arm_truncdfsf2.o)
                              ./src/Print.o (__aeabi_d2f)
e:/arduino-1.5.8/hardware/tools/gcc-arm-none-eabi-4.8.3-2014q1/bin/../lib/gcc/arm-none-eabi/4.8.3/armv7e-m\libgcc.a(_arm_addsubsf3.o)
                              ./src/Print.o (__aeabi_fsub)
e:/arduino-1.5.8/hardware/tools/gcc-arm-none-eabi-4.8.3-2014q1/bin/../lib/gcc/arm-none-eabi/4.8.3/armv7e-m\libgcc.a(_arm_muldivsf3.o)
                              ./src/Print.o (__aeabi_fmul)
e:/arduino-1.5.8/hardware/tools/gcc-arm-none-eabi-4.8.3-2014q1/bin/../lib/gcc/arm-none-eabi/4.8.3/armv7e-m\libgcc.a(_arm_cmpsf2.o)
                              ./src/PanelDue.o (__aeabi_fcmplt)
e:/arduino-1.5.8/hardware/tools/gcc-arm-none-eabi-4.8.3-2014q1/bin/../lib/gcc/arm-none-eabi/4.8.3/armv7e-m\libgcc.a(_arm_unordsf2.o)
                              ./src/Print.o (__aeabi_fcmpun)
e:/arduino-1.5.8/hardware/tools/gcc-arm-none-eabi-4.8.3-2014q1/bin/../lib/gcc/arm-none-eabi/4.8.3/armv7e-m\libgcc.a(_arm_fixsfsi.o)
                              ./src/PanelDue.o (__aeabi_f2iz)
e:/arduino-1.5.8/hardware/tools/gcc-arm-none-eabi-4.8.3-2014q1/bin/../lib/gcc/arm-none-eabi/4.8.3/armv7e-m\libgcc.a(_arm_fixunssfsi.o)
                              ./src/Print.o (__aeabi_f2uiz)
e:/arduino-1.5.8/hardware/tools/gcc-arm-none-eabi-4.8.3-2014q1/bin/../lib/gcc/arm-none-eabi/4.8.3/../../../../arm-none-eabi/lib/armv7e-m\libc_s.a(lib_a-exit.o)
                              e:/arduino-1.5.8/hardware/tools/gcc-arm-none-eabi-4.8.3-2014q1/bin/../lib/gcc/arm-none-eabi/4.8.3/../../../../arm-none-eabi/lib/armv7e-m/crt0.o (exit)
e:/arduino-1.5.8/hardware/tools/gcc-arm-none-eabi-4.8.3-2014q1/bin/../lib/gcc/arm-none-eabi/4.8.3/../../../../arm-none-eabi/lib/armv7e-m\libc_s.a(lib_a-impure.o)
                              e:/arduino-1.5.8/hardware/tools/gcc-arm-none-eabi-4.8.3-2014q1/bin/../lib/gcc/arm-none-eabi/4.8.3/../../../../arm-none-eabi/lib/armv7e-m\libc_s.a(lib_a-exit.o) (_global_impure_ptr)
e:/arduino-1.5.8/hardware/tools/gcc-arm-none-eabi-4.8.3-2014q1/bin/../lib/gcc/arm-none-eabi/4.8.3/../../../../arm-none-eabi/lib/armv7e-m\libc_s.a(lib_a-init.o)
                              e:/arduino-1.5.8/hardware/tools/gcc-arm-none-eabi-4.8.3-2014q1/bin/../lib/gcc/arm-none-eabi/4.8.3/../../../../arm-none-eabi/lib/armv7e-m/crt0.o (__libc_init_array)
e:/arduino-1.5.8/hardware/tools/gcc-arm-none-eabi-4.8.3-2014q1/bin/../lib/gcc/arm-none-eabi/4.8.3/../../../../arm-none-eabi/lib/armv7e-m\libc_s.a(lib_a-memcmp.o)
                              ./src/UserInterface.o (memcmp)
e:/arduino-1.5.8/hardware/tools/gcc-arm-none-eabi-4.8.3-2014q1/bin/../lib/gcc/arm-none-eabi/4.8.3/../../../../arm-none-eabi/lib/armv7e-m\libc_s.a(lib_a-memcpy-stub.o)
                              ./src/Hardware/FlashStorage.o (memcpy)
e:/arduino-1.5.8/hardware/tools/gcc-arm-none-eabi-4.8.3-2014q1/bin/../lib/gcc/arm-none-eabi/4.8.3/../../../../arm-none-eabi/lib/armv7e-m\libc_s.a(lib_a-memset.o)
                              e:/arduino-1.5.8/hardware/tools/gcc-arm-none-eabi-4.8.3-2014q1/bin/../lib/gcc/arm-none-eabi/4.8.3/../../../../arm-none-eabi/lib/armv7e-m/crt0.o (memset)
e:/arduino-1.5.8/hardware/tools/gcc-arm-none-eabi-4.8.3-2014q1/bin/../lib/gcc/arm-none-eabi/4.8.3/../../../../arm-none-eabi/lib/armv7e-m\libc_s.a(lib_a-printf.o)
                              ./src/ASF/sam/utils/syscalls/gcc/syscalls.o (printf)
e:/arduino-1.5.8/hardware/tools/gcc-arm-none-eabi-4.8.3-2014q1/bin/../lib/gcc/arm-none-eabi/4.8.3/../../../../arm-none-eabi/lib/armv7e-m\libc_s.a(lib_a-snprintf.o)
                              ./src/MessageLog.o (snprintf)
e:/arduino-1.5.8/hardware/tools/gcc-arm-none-eabi-4.8.3-2014q1/bin/../lib/gcc/arm-none-eabi/4.8.3/../../../../arm-none-eabi/lib/armv7e-m\libc_s.a(lib_a-strcasecmp.o)
                              ./src/FileManager.o (strcasecmp)
e:/arduino-1.5.8/hardware/tools/gcc-arm-none-eabi-4.8.3-2014q1/bin/../lib/gcc/arm-none-eabi/4.8.3/../../../../arm-none-eabi/lib/armv7e-m\libc_s.a(lib_a-strchr.o)
                              ./src/Hardware/UTFT.o (strchr)
[...]
Memory Configuration

Name             Origin             Length             Attributes
rom              0x00400000         0x00040000         xr
ram              0x20000000         0x00010000         xrw
*default*        0x00000000         0xffffffff

Linker script and memory map

LOAD e:/arduino-1.5.8/hardware/tools/gcc-arm-none-eabi-4.8.3-2014q1/bin/../lib/gcc/arm-none-eabi/4.8.3/armv7e-m/crti.o
LOAD e:/arduino-1.5.8/hardware/tools/gcc-arm-none-eabi-4.8.3-2014q1/bin/../lib/gcc/arm-none-eabi/4.8.3/armv7e-m/crtbegin.o
LOAD e:/arduino-1.5.8/hardware/tools/gcc-arm-none-eabi-4.8.3-2014q1/bin/../lib/gcc/arm-none-eabi/4.8.3/../../../../arm-none-eabi/lib/armv7e-m/crt0.o
                0x00001000                __stack_size__ = 0x1000
LOAD ./src/Library/Misc.o
LOAD ./src/Icons/HomeIcons.o
LOAD ./src/Icons/KeyIcons.o
LOAD ./src/Icons/MiscIcons.o
LOAD ./src/Icons/NozzleIcons.o
LOAD ./src/Hardware/Buzzer.o
LOAD ./src/Hardware/FlashStorage.o
LOAD ./src/Hardware/Mem.o
LOAD ./src/Hardware/OneBitPort.o
LOAD ./src/Hardware/SerialIo.o
LOAD ./src/Hardware/SysTick.o
LOAD ./src/Hardware/UTFT.o
LOAD ./src/Hardware/UTouch.o
LOAD ./src/Fonts/glcd10x10.o
LOAD ./src/Fonts/glcd16x16.o
LOAD ./src/Fonts/glcd19x20.o
LOAD ./src/Fonts/glcd19x21.o
LOAD ./src/Fonts/glcd20x30.o
LOAD ./src/Fonts/glcd22x32.o
LOAD ./src/Fonts/glcd28x32.o
LOAD ./src/ASF/sam/utils/syscalls/gcc/syscalls.o
LOAD ./src/ASF/sam/utils/cmsis/sam4s/source/templates/gcc/startup_sam4s.o
LOAD ./src/ASF/sam/utils/cmsis/sam4s/source/templates/system_sam4s.o
LOAD ./src/ASF/sam/services/flash_efc/flash_efc.o
LOAD ./src/ASF/sam/drivers/wdt/wdt.o
LOAD ./src/ASF/sam/drivers/uart/uart.o
LOAD ./src/ASF/sam/drivers/rstc/rstc.o
LOAD ./src/ASF/sam/drivers/pwm/pwm.o
LOAD ./src/ASF/sam/drivers/pmc/pmc.o
LOAD ./src/ASF/sam/drivers/pmc/sleep.o
LOAD ./src/ASF/sam/drivers/pio/pio.o
LOAD ./src/ASF/sam/drivers/pio/pio_handler.o
LOAD ./src/ASF/sam/drivers/matrix/matrix.o
LOAD ./src/ASF/sam/drivers/efc/efc.o
LOAD ./src/ASF/common/utils/interrupt/interrupt_sam_nvic.o
LOAD ./src/ASF/common/services/delay/sam/cycle_counter.o
LOAD ./src/ASF/common/services/clock/sam4s/sysclk.o
LOAD ./src/ASF/common/boards/user_board/init.o
LOAD ./src/ColourSchemes.o
LOAD ./src/Display.o
LOAD ./src/FileManager.o
LOAD ./src/MessageLog.o
LOAD ./src/PanelDue.o
LOAD ./src/Print.o
LOAD ./src/RequestTimer.o
LOAD ./src/UserInterface.o
LOAD e:/arduino-1.5.8/hardware/tools/gcc-arm-none-eabi-4.8.3-2014q1/bin/../lib/gcc/arm-none-eabi/4.8.3/../../../../arm-none-eabi/lib/armv7e-m\libstdc++_s.a
LOAD e:/arduino-1.5.8/hardware/tools/gcc-arm-none-eabi-4.8.3-2014q1/bin/../lib/gcc/arm-none-eabi/4.8.3/../../../../arm-none-eabi/lib/armv7e-m\libm.a
START GROUP
LOAD e:/arduino-1.5.8/hardware/tools/gcc-arm-none-eabi-4.8.3-2014q1/bin/../lib/gcc/arm-none-eabi/4.8.3/armv7e-m\libgcc.a
LOAD e:/arduino-1.5.8/hardware/tools/gcc-arm-none-eabi-4.8.3-2014q1/bin/../lib/gcc/arm-none-eabi/4.8.3/../../../../arm-none-eabi/lib/armv7e-m\libc_s.a
END GROUP
START GROUP
LOAD e:/arduino-1.5.8/hardware/tools/gcc-arm-none-eabi-4.8.3-2014q1/bin/../lib/gcc/arm-none-eabi/4.8.3/armv7e-m\libgcc.a
LOAD e:/arduino-1.5.8/hardware/tools/gcc-arm-none-eabi-4.8.3-2014q1/bin/../lib/gcc/arm-none-eabi/4.8.3/../../../../arm-none-eabi/lib/armv7e-m\libc_s.a
END GROUP
LOAD e:/arduino-1.5.8/hardware/tools/gcc-arm-none-eabi-4.8.3-2014q1/bin/../lib/gcc/arm-none-eabi/4.8.3/armv7e-m/crtend.o
LOAD e:/arduino-1.5.8/hardware/tools/gcc-arm-none-eabi-4.8.3-2014q1/bin/../lib/gcc/arm-none-eabi/4.8.3/armv7e-m/crtn.o
                0x00003000                __stack_size__ = DEFINED (__stack_size__)?__stack_size__:0x3000
                0x2000fffc                __ram_end__ = ((ORIGIN (ram) + 0x10000) - 0x4)
                0x00400000                __flash_start__ = ORIGIN (rom)
                0x00440000                __flash_end__ = (ORIGIN (rom) + 0x40000)

.text           0x00400000    0x12ebc
                0x00400000                . = ALIGN (0x4)
                0x00400000                _sfixed = .
 *(.vectors .vectors.*)
 .vectors       0x00400000       0xcc ./src/ASF/sam/utils/cmsis/sam4s/source/templates/gcc/startup_sam4s.o
                0x00400000                exception_table
 *(.text .text.* .gnu.linkonce.t.*)
 .text          0x004000cc       0x54 e:/arduino-1.5.8/hardware/tools/gcc-arm-none-eabi-4.8.3-2014q1/bin/../lib/gcc/arm-none-eabi/4.8.3/armv7e-m/crtbegin.o
 .text._Z11safeStrncpyPcPKcj
                0x00400120       0x1c ./src/Library/Misc.o
                0x00400120                safeStrncpy(char*, char const*, unsigned int)
 .text._Z16stringStartsWithPKcS0_
                0x0040013c       0x18 ./src/Library/Misc.o
                0x0040013c                stringStartsWith(char const*, char const*)
 .text._ZN6Buzzer4InitEv
                0x00400154       0x84 ./src/Hardware/Buzzer.o
                0x00400154                Buzzer::Init()
 .text._ZN6Buzzer4BeepEmmm
                0x004001d8       0xc4 ./src/Hardware/Buzzer.o
                0x004001d8                Buzzer::Beep(unsigned long, unsigned long, unsigned long)
 .text._ZN6Buzzer4TickEv
                0x0040029c       0x44 ./src/Hardware/Buzzer.o
                0x0040029c                Buzzer::Tick()
 .text._ZN6Buzzer5NoisyEv
                0x004002e0       0x10 ./src/Hardware/Buzzer.o
                0x004002e0                Buzzer::Noisy()
 .text._ZN6Buzzer12SetBacklightEm
                0x004002f0       0x44 ./src/Hardware/Buzzer.o
                0x004002f0                Buzzer::SetBacklight(unsigned long)
 .text._Znwj    0x00400334       0x1c ./src/Hardware/Mem.o
                0x00400334                operator new(unsigned int)
 .text._Z13getFreeMemoryv
                0x00400350       0x20 ./src/Hardware/Mem.o
                0x00400350                getFreeMemory()
 .text._ZN10OneBitPortC2Ej
                0x00400370       0x24 ./src/Hardware/OneBitPort.o
                0x00400370                OneBitPort::OneBitPort(unsigned int)
                0x00400370                OneBitPort::OneBitPort(unsigned int)
 .text._ZN10OneBitPort7setModeENS_8PortModeE
                0x00400394       0x24 ./src/Hardware/OneBitPort.o
                0x00400394                OneBitPort::setMode(OneBitPort::PortMode)
 .text._ZN10OneBitPort5delayEh
                0x004003b8        0xc ./src/Hardware/OneBitPort.o
                0x004003b8                OneBitPort::delay(unsigned char)
 .text._ZN8SerialIoL12ProcessFieldEv
                0x004003c4       0x28 ./src/Hardware/SerialIo.o
 .text._ZN8SerialIoL8EndArrayEv
                0x004003ec       0x20 ./src/Hardware/SerialIo.o
 .text._ZN8SerialIo4InitEm
                0x0040040c       0x74 ./src/Hardware/SerialIo.o
                0x0040040c                SerialIo::Init(unsigned long)
 .text._ZN8SerialIo11RawSendCharEc
                0x00400480       0x1c ./src/Hardware/SerialIo.o
                0x00400480                SerialIo::RawSendChar(char)
 .text._ZN8SerialIo19SendCharAndChecksumEc
                0x0040049c       0x24 ./src/Hardware/SerialIo.o
                0x0040049c                SerialIo::SendCharAndChecksum(char)
 .text._ZN8SerialIo7SendIntEi
                0x004004c0       0x30 ./src/Hardware/SerialIo.o
                0x004004c0                SerialIo::SendInt(int)
 .text._ZN8SerialIo8SendCharEc
                0x004004f0       0x8c ./src/Hardware/SerialIo.o
                0x004004f0                SerialIo::SendChar(char)
 .text._ZN8SerialIo10SendStringEPKc
                0x0040057c       0x18 ./src/Hardware/SerialIo.o
                0x0040057c                SerialIo::SendString(char const*)
 .text._ZN8SerialIo12SendFilenameEPKcS1_
                0x00400594       0x2c ./src/Hardware/SerialIo.o
                0x00400594                SerialIo::SendFilename(char const*, char const*)
 .text._ZN8SerialIo10CheckInputEv
                0x004005c0      0x424 ./src/Hardware/SerialIo.o
                0x004005c0                SerialIo::CheckInput()
 .text._ZN8SerialIo11receiveCharEc
                0x004009e4       0x48 ./src/Hardware/SerialIo.o
                0x004009e4                SerialIo::receiveChar(char)
 .text.UART0_Handler
                0x00400a2c       0x34 ./src/Hardware/SerialIo.o
                0x00400a2c                UART0_Handler
 .text.startup._GLOBAL__sub_I__ZN8SerialIo7trGraveE
                0x00400a60       0x18 ./src/Hardware/SerialIo.o
 .text._ZN10SystemTick12GetTickCountEv
                0x00400a78        0xc ./src/Hardware/SysTick.o
                0x00400a78                SystemTick::GetTickCount()
 .text.SysTick_Handler
                0x00400a84       0x28 ./src/Hardware/SysTick.o
                0x00400a84                SysTick_Handler
 .text._ZN4UTFT15LCD_Write_AgainEm
                0x00400aac       0x24 ./src/Hardware/UTFT.o
                0x00400aac                UTFT::LCD_Write_Again(unsigned long)
 .text._ZN4UTFTC2E11DisplayTypejjjjj
                0x00400ad0      0x110 ./src/Hardware/UTFT.o
                0x00400ad0                UTFT::UTFT(DisplayType, unsigned int, unsigned int, unsigned int, unsigned int, unsigned int)
                0x00400ad0                UTFT::UTFT(DisplayType, unsigned int, unsigned int, unsigned int, unsigned int, unsigned int)
 .text._ZN4UTFT13LCD_Write_BusEt
                0x00400be0       0x28 ./src/Hardware/UTFT.o
                0x00400be0                UTFT::LCD_Write_Bus(unsigned short)
 .text._ZN4UTFT13LCD_Write_COMEh
                0x00400c08       0x14 ./src/Hardware/UTFT.o
                0x00400c08                UTFT::LCD_Write_COM(unsigned char)
 .text._ZN4UTFT16LCD_Write_DATA16Et
                0x00400c1c       0x14 ./src/Hardware/UTFT.o
                0x00400c1c                UTFT::LCD_Write_DATA16(unsigned short)
 .text._ZN4UTFT25LCD_Write_Repeated_DATA16Etm
                0x00400c30       0x24 ./src/Hardware/UTFT.o
                0x00400c30                UTFT::LCD_Write_Repeated_DATA16(unsigned short, unsigned long)
 .text._ZN4UTFT15LCD_Write_DATA8Eh
                0x00400c54       0x14 ./src/Hardware/UTFT.o
                0x00400c54                UTFT::LCD_Write_DATA8(unsigned char)
 .text._ZN4UTFT20LCD_Write_COM_DATA16Eht
                0x00400c68       0x1c ./src/Hardware/UTFT.o
                0x00400c68                UTFT::LCD_Write_COM_DATA16(unsigned char, unsigned short)
 .text._ZN4UTFT5setXYEtttt
                0x00400c84       0xc4 ./src/Hardware/UTFT.o
                0x00400c84                UTFT::setXY(unsigned short, unsigned short, unsigned short, unsigned short)
 .text._ZN4UTFT7InitLCDE18DisplayOrientationbb
                0x00400d48      0x37c ./src/Hardware/UTFT.o
                0x00400d48                UTFT::InitLCD(DisplayOrientation, bool, bool)
 .text._ZN4UTFT10fillCircleEiii
                0x004010c4      0x16c ./src/Hardware/UTFT.o
                0x004010c4                UTFT::fillCircle(int, int, int)
 .text._ZN4UTFT9drawPixelEii
                0x00401230       0x30 ./src/Hardware/UTFT.o
                0x00401230                UTFT::drawPixel(int, int)
 .text._ZN4UTFT9drawHLineEiii
                0x00401260       0x38 ./src/Hardware/UTFT.o
                0x00401260                UTFT::drawHLine(int, int, int)
 .text._ZN4UTFT13fillRoundRectEiiiith
                0x00401298       0xe4 ./src/Hardware/UTFT.o
                0x00401298                UTFT::fillRoundRect(int, int, int, int, unsigned short, unsigned char)
 .text._ZN4UTFT9drawVLineEiii
                0x0040137c       0x38 ./src/Hardware/UTFT.o
                0x0040137c                UTFT::drawVLine(int, int, int)
 .text._ZN4UTFT8drawRectEiiii
                0x004013b4       0x60 ./src/Hardware/UTFT.o
                0x004013b4                UTFT::drawRect(int, int, int, int)
 .text._ZN4UTFT13drawRoundRectEiiii
                0x00401414       0xc8 ./src/Hardware/UTFT.o
                0x00401414                UTFT::drawRoundRect(int, int, int, int)
 .text._ZN4UTFT8fillRectEiiiith
                0x004014dc       0xa4 ./src/Hardware/UTFT.o
                0x004014dc                UTFT::fillRect(int, int, int, int, unsigned short, unsigned char)
 .text._ZN4UTFT8drawLineEiiii
                0x00401580       0xe0 ./src/Hardware/UTFT.o
                0x00401580                UTFT::drawLine(int, int, int, int)
 .text._ZN4UTFT7setFontEPKh
                0x00401660       0x2e ./src/Hardware/UTFT.o
                0x00401660                UTFT::setFont(unsigned char const*)
 *fill*         0x0040168e        0x2 
 .text._ZN4UTFT11drawBitmap4EiiiiPKhPKtib
                0x00401690      0x120 ./src/Hardware/UTFT.o
                0x00401690                UTFT::drawBitmap4(int, int, int, int, unsigned char const*, unsigned short const*, int, bool)
 .text._ZNK4UTFT15getDisplayXSizeEv
                0x004017b0       0x10 ./src/Hardware/UTFT.o
                0x004017b0                UTFT::getDisplayXSize() const
 .text._ZN4UTFT10setTextPosEttt
                0x004017c0       0x28 ./src/Hardware/UTFT.o
                0x004017c0                UTFT::setTextPos(unsigned short, unsigned short, unsigned short)
 .text._ZNK4UTFT15getDisplayYSizeEv
                0x004017e8       0x10 ./src/Hardware/UTFT.o
                0x004017e8                UTFT::getDisplayYSize() const
 .text._ZN4UTFT7fillScrEtt
                0x004017f8       0x68 ./src/Hardware/UTFT.o
                0x004017f8                UTFT::fillScr(unsigned short, unsigned short)
 .text._ZN4UTFT13clearToMarginEv
                0x00401860       0x78 ./src/Hardware/UTFT.o
                0x00401860                UTFT::clearToMargin()
 .text._ZN4UTFT11writeNativeEh
                0x004018d8      0x24c ./src/Hardware/UTFT.o
                0x004018d8                UTFT::writeNative(unsigned char)
 .text._ZN4UTFT5writeEh
                0x00401b24       0xb0 ./src/Hardware/UTFT.o
                0x00401b24                UTFT::write(unsigned char)
 .text._ZN6UTouchC2Ejjjjj
                0x00401bd4       0x34 ./src/Hardware/UTouch.o
                0x00401bd4                UTouch::UTouch(unsigned int, unsigned int, unsigned int, unsigned int, unsigned int)
                0x00401bd4                UTouch::UTouch(unsigned int, unsigned int, unsigned int, unsigned int, unsigned int)
 .text._ZN6UTouch4initEtt18DisplayOrientation
                0x00401c08       0x68 ./src/Hardware/UTouch.o
                0x00401c08                UTouch::init(unsigned short, unsigned short, DisplayOrientation)
 .text._ZN6UTouch18touch_WriteCommandEh
                0x00401c70       0x3c ./src/Hardware/UTouch.o
                0x00401c70                UTouch::touch_WriteCommand(unsigned char)
 .text._ZN6UTouch14touch_ReadDataEh
                0x00401cac       0x64 ./src/Hardware/UTouch.o
                0x00401cac                UTouch::touch_ReadData(unsigned char)
 .text._ZN6UTouch12getTouchDataEbRt
                0x00401d10       0xb4 ./src/Hardware/UTouch.o
                0x00401d10                UTouch::getTouchData(bool, unsigned short&)
 .text._ZN6UTouch4readERtS0_PtS1_
                0x00401dc4       0xfc ./src/Hardware/UTouch.o
                0x00401dc4                UTouch::read(unsigned short&, unsigned short&, unsigned short*, unsigned short*)
 .text._ZN6UTouch9calibrateEttttt
                0x00401ec0       0x46 ./src/Hardware/UTouch.o
                0x00401ec0                UTouch::calibrate(unsigned short, unsigned short, unsigned short, unsigned short, unsigned short)
 *fill*         0x00401f06        0x2 
 .text._sbrk    0x00401f08       0x2c ./src/ASF/sam/utils/syscalls/gcc/syscalls.o
                0x00401f08                _sbrk
 .text.Dummy_Handler
                0x00401f34        0x2 ./src/ASF/sam/utils/cmsis/sam4s/source/templates/gcc/startup_sam4s.o
                0x00401f34                DACC_Handler
                0x00401f34                DebugMon_Handler
                0x00401f34                HardFault_Handler
                0x00401f34                TC2_Handler
                0x00401f34                SPI_Handler
                0x00401f34                TWI1_Handler
                0x00401f34                PendSV_Handler
                0x00401f34                NMI_Handler
                0x00401f34                ADC_Handler
                0x00401f34                CRCCU_Handler
                0x00401f34                USART0_Handler
                0x00401f34                RTT_Handler
                0x00401f34                RTC_Handler
                0x00401f34                UsageFault_Handler
                0x00401f34                WDT_Handler
                0x00401f34                TC1_Handler
                0x00401f34                HSMCI_Handler
                0x00401f34                UART1_Handler
                0x00401f34                Dummy_Handler
                0x00401f34                TWI0_Handler
                0x00401f34                USART1_Handler
                0x00401f34                SSC_Handler
                0x00401f34                EFC0_Handler
                0x00401f34                ACC_Handler
                0x00401f34                PMC_Handler
                0x00401f34                PWM_Handler
                0x00401f34                MemManage_Handler
                0x00401f34                SUPC_Handler
                0x00401f34                SVC_Handler
                0x00401f34                UDP_Handler
                0x00401f34                BusFault_Handler
                0x00401f34                RSTC_Handler
                0x00401f34                TC0_Handler
 *fill*         0x00401f36        0x2 
 .text.Reset_Handler
                0x00401f38       0x88 ./src/ASF/sam/utils/cmsis/sam4s/source/templates/gcc/startup_sam4s.o
                0x00401f38                Reset_Handler
 .text.SystemInit
                0x00401fc0        0xc ./src/ASF/sam/utils/cmsis/sam4s/source/templates/system_sam4s.o
                0x00401fc0                SystemInit
 .text.SystemCoreClockUpdate
                0x00401fcc       0xcc ./src/ASF/sam/utils/cmsis/sam4s/source/templates/system_sam4s.o
                0x00401fcc                SystemCoreClockUpdate
 .text.system_init_flash
                0x00402098       0x54 ./src/ASF/sam/utils/cmsis/sam4s/source/templates/system_sam4s.o
                0x00402098                system_init_flash
 .text.flash_read_user_signature
                0x004020ec       0x2c ./src/ASF/sam/services/flash_efc/flash_efc.o
                0x004020ec                flash_read_user_signature
 .text.flash_write_user_signature
                0x00402118       0x5c ./src/ASF/sam/services/flash_efc/flash_efc.o
                0x00402118                flash_write_user_signature
 .text.flash_erase_user_signature
                0x00402174       0x18 ./src/ASF/sam/services/flash_efc/flash_efc.o
                0x00402174                flash_erase_user_signature
 .text.wdt_init
                0x0040218c       0x18 ./src/ASF/sam/drivers/wdt/wdt.o
                0x0040218c                wdt_init
 .text.wdt_restart
                0x004021a4       0x14 ./src/ASF/sam/drivers/wdt/wdt.o
                0x004021a4                wdt_restart
 .text.uart_init
                0x004021b8       0x34 ./src/ASF/sam/drivers/uart/uart.o
                0x004021b8                uart_init
 .text.uart_enable_interrupt
                0x004021ec        0x4 ./src/ASF/sam/drivers/uart/uart.o
                0x004021ec                uart_enable_interrupt
 .text.uart_disable_interrupt
                0x004021f0        0x4 ./src/ASF/sam/drivers/uart/uart.o
                0x004021f0                uart_disable_interrupt
 .text.uart_write
                0x004021f4        0xe ./src/ASF/sam/drivers/uart/uart.o
                0x004021f4                uart_write
 *fill*         0x00402202        0x2 
 .text.rstc_start_software_reset
                0x00402204        0xc ./src/ASF/sam/drivers/rstc/rstc.o
                0x00402204                rstc_start_software_reset
 .text.pwm_clocks_generate
                0x00402210       0x4c ./src/ASF/sam/drivers/pwm/pwm.o
 .text.pwm_init
                0x0040225c       0x40 ./src/ASF/sam/drivers/pwm/pwm.o
                0x0040225c                pwm_init
 .text.pwm_channel_init
                0x0040229c       0xd8 ./src/ASF/sam/drivers/pwm/pwm.o
                0x0040229c                pwm_channel_init
 .text.pwm_channel_enable
                0x00402374        0xa ./src/ASF/sam/drivers/pwm/pwm.o
                0x00402374                pwm_channel_enable
 .text.pwm_channel_disable
                0x0040237e        0xa ./src/ASF/sam/drivers/pwm/pwm.o
                0x0040237e                pwm_channel_disable
 .text.pmc_switch_mck_to_pllack
                0x00402388       0x44 ./src/ASF/sam/drivers/pmc/pmc.o
                0x00402388                pmc_switch_mck_to_pllack
 .text.pmc_switch_sclk_to_32kxtal
                0x004023cc       0x20 ./src/ASF/sam/drivers/pmc/pmc.o
                0x004023cc                pmc_switch_sclk_to_32kxtal
 .text.pmc_switch_mainck_to_fastrc
                0x004023ec       0x48 ./src/ASF/sam/drivers/pmc/pmc.o
                0x004023ec                pmc_switch_mainck_to_fastrc
 .text.pmc_switch_mainck_to_xtal
                0x00402434       0x4c ./src/ASF/sam/drivers/pmc/pmc.o
                0x00402434                pmc_switch_mainck_to_xtal
 .text.pmc_osc_is_ready_mainck
                0x00402480       0x10 ./src/ASF/sam/drivers/pmc/pmc.o
                0x00402480                pmc_osc_is_ready_mainck
 .text.pmc_disable_pllack
                0x00402490       0x10 ./src/ASF/sam/drivers/pmc/pmc.o
                0x00402490                pmc_disable_pllack
 .text.pmc_is_locked_pllack
                0x004024a0       0x10 ./src/ASF/sam/drivers/pmc/pmc.o
                0x004024a0                pmc_is_locked_pllack
 .text.pmc_enable_periph_clk
                0x004024b0       0x44 ./src/ASF/sam/drivers/pmc/pmc.o
                0x004024b0                pmc_enable_periph_clk
 .text.pio_set_peripheral
                0x004024f4       0x7c ./src/ASF/sam/drivers/pio/pio.o
                0x004024f4                pio_set_peripheral
 .text.pio_set_input
                0x00402570       0x2c ./src/ASF/sam/drivers/pio/pio.o
                0x00402570                pio_set_input
 .text.pio_set_output
                0x0040259c       0x24 ./src/ASF/sam/drivers/pio/pio.o
                0x0040259c                pio_set_output
 .text.pio_configure
                0x004025c0       0x88 ./src/ASF/sam/drivers/pio/pio.o
                0x004025c0                pio_configure
 .text.pio_enable_output_write
                0x00402648        0x6 ./src/ASF/sam/drivers/pio/pio.o
                0x00402648                pio_enable_output_write
 .text.pio_get_interrupt_status
                0x0040264e        0x4 ./src/ASF/sam/drivers/pio/pio.o
                0x0040264e                pio_get_interrupt_status
 .text.pio_get_interrupt_mask
                0x00402652        0x4 ./src/ASF/sam/drivers/pio/pio.o
                0x00402652                pio_get_interrupt_mask
 *fill*         0x00402656        0x2 
 .text.pio_handler_process
                0x00402658       0x74 ./src/ASF/sam/drivers/pio/pio_handler.o
                0x00402658                pio_handler_process
 .text.PIOA_Handler
                0x004026cc       0x14 ./src/ASF/sam/drivers/pio/pio_handler.o
                0x004026cc                PIOA_Handler
 .text.PIOB_Handler
                0x004026e0       0x14 ./src/ASF/sam/drivers/pio/pio_handler.o
                0x004026e0                PIOB_Handler
 .text.matrix_set_system_io
                0x004026f4        0xc ./src/ASF/sam/drivers/matrix/matrix.o
                0x004026f4                matrix_set_system_io
 .text.efc_perform_command
                0x00402700       0x2c ./src/ASF/sam/drivers/efc/efc.o
                0x00402700                efc_perform_command
 .text.osc_enable
                0x0040272c       0x48 ./src/ASF/common/services/clock/sam4s/sysclk.o
 .text.osc_wait_ready.constprop.5
                0x00402774       0x10 ./src/ASF/common/services/clock/sam4s/sysclk.o
 .text.sysclk_init
                0x00402784       0x60 ./src/ASF/common/services/clock/sam4s/sysclk.o
                0x00402784                sysclk_init
 .text._ZNK12DisplayField8IsButtonEv
                0x004027e4        0x4 ./src/Display.o
                0x004027e4                DisplayField::IsButton() const
 .text._ZNK12DisplayField8GetEventEv
                0x004027e8        0x4 ./src/Display.o
                0x004027e8                DisplayField::GetEvent() const
 .text._ZNK6Window4XposEv
                0x004027ec        0x4 ./src/Display.o
                0x004027ec                Window::Xpos() const
 .text._ZNK6Window4YposEv
                0x004027f0        0x4 ./src/Display.o
                0x004027f0                Window::Ypos() const
 .text._ZNK11PopupWindow4XposEv
                0x004027f4        0x4 ./src/Display.o
                0x004027f4                PopupWindow::Xpos() const
 .text._ZNK11PopupWindow4YposEv
                0x004027f8        0x4 ./src/Display.o
                0x004027f8                PopupWindow::Ypos() const
 .text._ZNK10ButtonBase8GetEventEv
                0x004027fc        0x4 ./src/Display.o
                0x004027fc                ButtonBase::GetEvent() const
 .text._ZNK10ButtonBase9GetSParamEj
                0x00402800        0x4 ./src/Display.o
                0x00402800                ButtonBase::GetSParam(unsigned int) const
 .text._ZNK10ButtonBase9GetIParamEj
                0x00402804        0x4 ./src/Display.o
                0x00402804                ButtonBase::GetIParam(unsigned int) const
 .text._ZN10ButtonBase5PressEbi
                0x00402808        0x2 ./src/Display.o
                0x00402808                ButtonBase::Press(bool, int)
 .text._ZNK12SingleButton8IsButtonEv
                0x0040280a        0x4 ./src/Display.o
                0x0040280a                SingleButton::IsButton() const
 .text._ZNK12SingleButton9GetSParamEj
                0x0040280e        0x4 ./src/Display.o
                0x0040280e                SingleButton::GetSParam(unsigned int) const
 .text._ZNK12SingleButton9GetIParamEj
                0x00402812        0x4 ./src/Display.o
                0x00402812                SingleButton::GetIParam(unsigned int) const
 .text._ZN12SingleButton5PressEbi
                0x00402816       0x12 ./src/Display.o
                0x00402816                SingleButton::Press(bool, int)
 .text._ZNK10IconButton9GetHeightEv
                0x00402828       0x18 ./src/Display.o
                0x00402828                IconButton::GetHeight() const
 .text._ZNK11ProgressBar9GetHeightEv
                0x00402840        0x4 ./src/Display.o
                0x00402840                ProgressBar::GetHeight() const
 .text._ZNK10MainWindow8ContainsEtttt
                0x00402844        0x4 ./src/Display.o
                0x00402844                MainWindow::Contains(unsigned short, unsigned short, unsigned short, unsigned short) const
 .text._ZNK11PopupWindow8ContainsEtttt
                0x00402848       0x34 ./src/Display.o
                0x00402848                PopupWindow::Contains(unsigned short, unsigned short, unsigned short, unsigned short) const
 .text._ZNK13FieldWithText9GetHeightEv
                0x0040287c       0x26 ./src/Display.o
                0x0040287c                FieldWithText::GetHeight() const
 *fill*         0x004028a2        0x2 
 .text._ZNK14ButtonWithText9GetHeightEv
                0x004028a4       0x24 ./src/Display.o
                0x004028a4                ButtonWithText::GetHeight() const
 .text._ZNK9TextField9PrintTextEv
                0x004028c8       0x24 ./src/Display.o
                0x004028c8                TextField::PrintText() const
 .text._ZNK15StaticTextField9PrintTextEv
                0x004028ec       0x18 ./src/Display.o
                0x004028ec                StaticTextField::PrintText() const
 .text._ZNK10TextButton9PrintTextEj
                0x00402904       0x1c ./src/Display.o
                0x00402904                TextButton::PrintText(unsigned int) const
 .text._ZN11ProgressBar7RefreshEbtt
                0x00402920      0x158 ./src/Display.o
                0x00402920                ProgressBar::Refresh(bool, unsigned short, unsigned short)
 .text._ZN13FieldWithText7RefreshEbtt
                0x00402a78      0x198 ./src/Display.o
                0x00402a78                FieldWithText::Refresh(bool, unsigned short, unsigned short)
 .text._ZNK10FloatField9PrintTextEv
                0x00402c10       0x34 ./src/Display.o
                0x00402c10                FloatField::PrintText() const
 .text._ZNK12IntegerField9PrintTextEv
                0x00402c44       0x30 ./src/Display.o
                0x00402c44                IntegerField::PrintText() const
 .text._ZNK13IntegerButton9PrintTextEj
                0x00402c74       0x3c ./src/Display.o
                0x00402c74                IntegerButton::PrintText(unsigned int) const
 .text._ZNK12DisplayField7GetMaxYEv
                0x00402cb0       0x12 ./src/Display.o
                0x00402cb0                DisplayField::GetMaxY() const
 *fill*         0x00402cc2        0x2 
 .text._ZN12DisplayFieldC2Ettt
                0x00402cc4       0x3c ./src/Display.o
                0x00402cc4                DisplayField::DisplayField(unsigned short, unsigned short, unsigned short)
                0x00402cc4                DisplayField::DisplayField(unsigned short, unsigned short, unsigned short)
 .text._ZN12DisplayField11SetTextRowsEPKc
                0x00402d00       0x20 ./src/Display.o
                0x00402d00                DisplayField::SetTextRows(char const*)
 .text._ZN12DisplayField17SetDefaultColoursEttttttPKt
                0x00402d20       0x48 ./src/Display.o
                0x00402d20                DisplayField::SetDefaultColours(unsigned short, unsigned short, unsigned short, unsigned short, unsigned short, unsigned short, unsigned short const*)
 .text._ZN12DisplayField12GetTextWidthEPKct
                0x00402d68       0x30 ./src/Display.o
                0x00402d68                DisplayField::GetTextWidth(char const*, unsigned short)
 .text._ZN12DisplayField4ShowEb
                0x00402d98       0x16 ./src/Display.o
                0x00402d98                DisplayField::Show(bool)
 *fill*         0x00402dae        0x2 
 .text._ZN12DisplayField9FindEventEttPS_
                0x00402db0       0x98 ./src/Display.o
                0x00402db0                DisplayField::FindEvent(unsigned short, unsigned short, DisplayField*)
 .text._ZN12DisplayField10SetColoursEtt
                0x00402e48       0x1a ./src/Display.o
                0x00402e48                DisplayField::SetColours(unsigned short, unsigned short)
 .text._ZN11ButtonPressC2Ev
                0x00402e62        0x8 ./src/Display.o
                0x00402e62                ButtonPress::ButtonPress()
                0x00402e62                ButtonPress::ButtonPress()
 .text._ZN11ButtonPressC2EP10ButtonBasej
                0x00402e6a        0x6 ./src/Display.o
                0x00402e6a                ButtonPress::ButtonPress(ButtonBase*, unsigned int)
                0x00402e6a                ButtonPress::ButtonPress(ButtonBase*, unsigned int)
 .text._ZN11ButtonPress5ClearEv
                0x00402e70        0x8 ./src/Display.o
                0x00402e70                ButtonPress::Clear()
 .text._ZNK11ButtonPress8GetEventEv
                0x00402e78        0xc ./src/Display.o
                0x00402e78                ButtonPress::GetEvent() const
 .text._ZNK11ButtonPress9GetIParamEv
                0x00402e84       0x10 ./src/Display.o
                0x00402e84                ButtonPress::GetIParam() const
 .text._ZNK11ButtonPress9GetSParamEv
                0x00402e94       0x10 ./src/Display.o
                0x00402e94                ButtonPress::GetSParam() const
 .text._ZNK11ButtonPresseqERKS_
                0x00402ea4       0x18 ./src/Display.o
                0x00402ea4                ButtonPress::operator==(ButtonPress const&) const
 .text._ZN6Window8AddFieldEP12DisplayField
                0x00402ebc        0x8 ./src/Display.o
                0x00402ebc                Window::AddField(DisplayField*)
 .text._ZNK6Window15ObscuredByPopupEPK12DisplayField
                0x00402ec4       0x6c ./src/Display.o
                0x00402ec4                Window::ObscuredByPopup(DisplayField const*) const
 .text._ZN11PopupWindow7RefreshEb
                0x00402f30       0xb8 ./src/Display.o
                0x00402f30                PopupWindow::Refresh(bool)
 .text._ZNK6Window7VisibleEPK12DisplayField
                0x00402fe8       0x20 ./src/Display.o
                0x00402fe8                Window::Visible(DisplayField const*) const
 .text._ZN10MainWindow7RefreshEb
                0x00403008       0x4c ./src/Display.o
                0x00403008                MainWindow::Refresh(bool)
 .text._ZN6Window9FindEventEtt
                0x00403054       0x64 ./src/Display.o
                0x00403054                Window::FindEvent(unsigned short, unsigned short)
 .text._ZN6Window21FindEventOutsidePopupEtt
                0x004030b8       0x48 ./src/Display.o
                0x004030b8                Window::FindEventOutsidePopup(unsigned short, unsigned short)
 .text._ZN6Window8SetPopupEP11PopupWindowttb
                0x00403100       0x54 ./src/Display.o
                0x00403100                Window::SetPopup(PopupWindow*, unsigned short, unsigned short, bool)
 .text._ZN6Window10ClearPopupEbP11PopupWindow
                0x00403154       0xdc ./src/Display.o
                0x00403154                Window::ClearPopup(bool, PopupWindow*)
 .text._ZN6Window6RedrawEP12DisplayField
                0x00403230       0xcc ./src/Display.o
                0x00403230                Window::Redraw(DisplayField*)
 .text._ZN6Window4ShowEP12DisplayFieldb
                0x004032fc       0xc0 ./src/Display.o
                0x004032fc                Window::Show(DisplayField*, bool)
 .text._ZN6Window5PressE11ButtonPressb
                0x004033bc       0x30 ./src/Display.o
                0x004033bc                Window::Press(ButtonPress, bool)
 .text._ZN10MainWindowC2Ev
                0x004033ec       0x14 ./src/Display.o
                0x004033ec                MainWindow::MainWindow()
                0x004033ec                MainWindow::MainWindow()
 .text._ZN10MainWindow4InitEt
                0x00403400        0x4 ./src/Display.o
                0x00403400                MainWindow::Init(unsigned short)
 .text._ZN10MainWindow14ClearAllPopupsEv
                0x00403404       0x1c ./src/Display.o
                0x00403404                MainWindow::ClearAllPopups()
 .text._ZN11PopupWindowC2Etttt
                0x00403420       0x20 ./src/Display.o
                0x00403420                PopupWindow::PopupWindow(unsigned short, unsigned short, unsigned short, unsigned short)
                0x00403420                PopupWindow::PopupWindow(unsigned short, unsigned short, unsigned short, unsigned short)
 .text._ZN10ButtonBaseC2Ettt
                0x00403440       0x48 ./src/Display.o
                0x00403440                ButtonBase::ButtonBase(unsigned short, unsigned short, unsigned short)
                0x00403440                ButtonBase::ButtonBase(unsigned short, unsigned short, unsigned short)
 .text._ZNK10ButtonBase11DrawOutlineEttb
                0x00403488       0xa4 ./src/Display.o
                0x00403488                ButtonBase::DrawOutline(unsigned short, unsigned short, bool) const
 .text._ZN12SingleButtonC2Ettt
                0x0040352c       0x1c ./src/Display.o
                0x0040352c                SingleButton::SingleButton(unsigned short, unsigned short, unsigned short)
                0x0040352c                SingleButton::SingleButton(unsigned short, unsigned short, unsigned short)
 .text._ZNK12SingleButton11DrawOutlineEtt
                0x00403548       0x10 ./src/Display.o
                0x00403548                SingleButton::DrawOutline(unsigned short, unsigned short) const
 .text._ZN14ButtonWithText7RefreshEbtt
                0x00403558       0xe4 ./src/Display.o
                0x00403558                ButtonWithText::Refresh(bool, unsigned short, unsigned short)
 .text._ZN10IconButton7RefreshEbtt
                0x0040363c       0x8c ./src/Display.o
                0x0040363c                IconButton::Refresh(bool, unsigned short, unsigned short)
 .text._ZN10CharButtonC2Etttch
                0x004036c8       0x24 ./src/Display.o
                0x004036c8                CharButton::CharButton(unsigned short, unsigned short, unsigned short, char, unsigned char)
                0x004036c8                CharButton::CharButton(unsigned short, unsigned short, unsigned short, char, unsigned char)
 .text._ZN10TextButtonC2EtttPKchi
                0x004036ec       0x34 ./src/Display.o
                0x004036ec                TextButton::TextButton(unsigned short, unsigned short, unsigned short, char const*, unsigned char, int)
                0x004036ec                TextButton::TextButton(unsigned short, unsigned short, unsigned short, char const*, unsigned char, int)
 .text._ZN10TextButtonC2EtttPKchS1_
                0x00403720       0x28 ./src/Display.o
                0x00403720                TextButton::TextButton(unsigned short, unsigned short, unsigned short, char const*, unsigned char, char const*)
                0x00403720                TextButton::TextButton(unsigned short, unsigned short, unsigned short, char const*, unsigned char, char const*)
 .text._ZN10IconButtonC2EtttPKhhi
                0x00403748       0x28 ./src/Display.o
                0x00403748                IconButton::IconButton(unsigned short, unsigned short, unsigned short, unsigned char const*, unsigned char, int)
                0x00403748                IconButton::IconButton(unsigned short, unsigned short, unsigned short, unsigned char const*, unsigned char, int)
 .text._ZN10IconButtonC2EtttPKhhPKc
                0x00403770       0x28 ./src/Display.o
                0x00403770                IconButton::IconButton(unsigned short, unsigned short, unsigned short, unsigned char const*, unsigned char, char const*)
                0x00403770                IconButton::IconButton(unsigned short, unsigned short, unsigned short, unsigned char const*, unsigned char, char const*)
 .text._ZNK10CharButton9PrintTextEj
                0x00403798       0x1c ./src/Display.o
                0x00403798                CharButton::PrintText(unsigned int) const
 .text._ZN11FileManagerL17StringGreaterThanEPKcS1_
                0x004037b4       0x14 ./src/FileManager.o
 .text._ZNK11FileManager7FileSet10IsInSubdirEv
                0x004037c8       0x62 ./src/FileManager.o
                0x004037c8                FileManager::FileSet::IsInSubdir() const
 *fill*         0x0040382a        0x2 
 .text._ZN11FileManager7FileSet15FileListUpdatedEv
                0x0040382c      0x150 ./src/FileManager.o
                0x0040382c                FileManager::FileSet::FileListUpdated()
 .text._ZN11FileManager7FileSet6ScrollEi
                0x0040397c       0x18 ./src/FileManager.o
                0x0040397c                FileManager::FileSet::Scroll(int)
 .text._ZN11FileManager7FileSet10SetPendingEv
                0x00403994       0x3c ./src/FileManager.o
                0x00403994                FileManager::FileSet::SetPending()
 .text._ZN11FileManager7FileSet7DisplayEv
                0x004039d0       0x30 ./src/FileManager.o
                0x004039d0                FileManager::FileSet::Display()
 .text._ZN11FileManager7FileSet16RequestParentDirEv
                0x00403a00       0x6c ./src/FileManager.o
                0x00403a00                FileManager::FileSet::RequestParentDir()
 .text._ZN11FileManager15BeginNewMessageEv
                0x00403a6c       0x24 ./src/FileManager.o
                0x00403a6c                FileManager::BeginNewMessage()
 .text._ZN11FileManager19BeginReceivingFilesEv
                0x00403a90       0x54 ./src/FileManager.o
                0x00403a90                FileManager::BeginReceivingFiles()
 .text._ZN11FileManager11ReceiveFileEPKc
                0x00403ae4       0x7c ./src/FileManager.o
                0x00403ae4                FileManager::ReceiveFile(char const*)
 .text._ZN11FileManager16ReceiveErrorCodeEi
                0x00403b60       0x18 ./src/FileManager.o
                0x00403b60                FileManager::ReceiveErrorCode(int)
 .text._ZN11FileManager16DisplayFilesListEv
                0x00403b78       0x14 ./src/FileManager.o
                0x00403b78                FileManager::DisplayFilesList()
 .text._ZN11FileManager17DisplayMacrosListEv
                0x00403b8c       0x14 ./src/FileManager.o
                0x00403b8c                FileManager::DisplayMacrosList()
 .text._ZN11FileManager6ScrollEi
                0x00403ba0       0x18 ./src/FileManager.o
                0x00403ba0                FileManager::Scroll(int)
 .text._ZN11FileManager21RequestFilesParentDirEv
                0x00403bb8       0x14 ./src/FileManager.o
                0x00403bb8                FileManager::RequestFilesParentDir()
 .text._ZN11FileManager22RequestMacrosParentDirEv
                0x00403bcc       0x14 ./src/FileManager.o
                0x00403bcc                FileManager::RequestMacrosParentDir()
 .text._ZN11FileManager11GetFilesDirEv
                0x00403be0        0x8 ./src/FileManager.o
                0x00403be0                FileManager::GetFilesDir()
 .text._ZN11FileManager12GetMacrosDirEv
                0x00403be8        0x8 ./src/FileManager.o
                0x00403be8                FileManager::GetMacrosDir()
 .text._ZN11FileManager16RefreshFilesListEv
                0x00403bf0       0x14 ./src/FileManager.o
                0x00403bf0                FileManager::RefreshFilesList()
 .text._ZN11FileManager13ProcessTimersEv
                0x00403c04       0x1c ./src/FileManager.o
                0x00403c04                FileManager::ProcessTimers()
 .text._ZN11FileManager13SetNumVolumesEj
                0x00403c20       0x10 ./src/FileManager.o
                0x00403c20                FileManager::SetNumVolumes(unsigned int)
 .text._ZN6StringILj100EE7catFromEPKc
                0x00403c30       0x1e ./src/FileManager.o
                0x00403c30                String<100u>::catFrom(char const*)
 *fill*         0x00403c4e        0x2 
 .text._ZN11FileManager7FileSet6ReloadEiRK6StringILj100EEi
                0x00403c50       0x4c ./src/FileManager.o
                0x00403c50                FileManager::FileSet::Reload(int, String<100u> const&, int)
 .text._ZN11FileManager18EndReceivedMessageEb
                0x00403c9c       0xcc ./src/FileManager.o
                0x00403c9c                FileManager::EndReceivedMessage(bool)
 .text._ZN11FileManager20ReceiveDirectoryNameEPKc
                0x00403d68       0x1c ./src/FileManager.o
                0x00403d68                FileManager::ReceiveDirectoryName(char const*)
 .text._ZN11FileManager7FileSet13SetupRootPathEv
                0x00403d84       0x38 ./src/FileManager.o
                0x00403d84                FileManager::FileSet::SetupRootPath()
 .text._ZN11FileManager23FirmwareFeaturesChangedEv
                0x00403dbc       0x14 ./src/FileManager.o
                0x00403dbc                FileManager::FirmwareFeaturesChanged()
 .text._ZN11FileManager7FileSet13RequestSubdirEPKc
                0x00403dd0       0x70 ./src/FileManager.o
                0x00403dd0                FileManager::FileSet::RequestSubdir(char const*)
 .text._ZN11FileManager18RequestFilesSubdirEPKc
                0x00403e40       0x14 ./src/FileManager.o
                0x00403e40                FileManager::RequestFilesSubdir(char const*)
 .text._ZN11FileManager19RequestMacrosSubdirEPKc
                0x00403e54       0x14 ./src/FileManager.o
                0x00403e54                FileManager::RequestMacrosSubdir(char const*)
 .text._ZN11FileManager7FileSetC2E5EventPKcb
                0x00403e68       0x58 ./src/FileManager.o
                0x00403e68                FileManager::FileSet::FileSet(Event, char const*, bool)
                0x00403e68                FileManager::FileSet::FileSet(Event, char const*, bool)
 .text._ZN6StringILj100EE6printfEPKcz
                0x00403ec0       0x38 ./src/FileManager.o
                0x00403ec0                String<100u>::printf(char const*, ...)
 .text._ZN11FileManager7FileSet10SelectCardEj
                0x00403ef8       0x98 ./src/FileManager.o
                0x00403ef8                FileManager::FileSet::SelectCard(unsigned int)
 .text._ZN11FileManager7FileSet8NextCardEv
                0x00403f90       0x34 ./src/FileManager.o
                0x00403f90                FileManager::FileSet::NextCard()
 .text._ZN11FileManager8NextCardEv
                0x00403fc4       0x14 ./src/FileManager.o
                0x00403fc4                FileManager::NextCard()
 .text.startup._GLOBAL__sub_I__ZN11FileManager9filesRootE
                0x00403fd8       0x68 ./src/FileManager.o
 .text._ZN10MessageLog14UpdateMessagesEb
                0x00404040      0x120 ./src/MessageLog.o
                0x00404040                MessageLog::UpdateMessages(bool)
 .text._ZN10MessageLog4InitEv
                0x00404160       0x28 ./src/MessageLog.o
                0x00404160                MessageLog::Init()
 .text._ZN10MessageLog17DisplayNewMessageEv
                0x00404188       0x24 ./src/MessageLog.o
                0x00404188                MessageLog::DisplayNewMessage()
 .text._ZN10MessageLog15BeginNewMessageEv
                0x004041ac       0x14 ./src/MessageLog.o
                0x004041ac                MessageLog::BeginNewMessage()
 .text._ZN10MessageLog14FindSplitPointEPKcjt
                0x004041c0       0x9c ./src/MessageLog.o
                0x004041c0                MessageLog::FindSplitPoint(char const*, unsigned int, unsigned short)
 .text._ZN10MessageLog13AppendMessageEPKc
                0x0040425c       0xd8 ./src/MessageLog.o
                0x0040425c                MessageLog::AppendMessage(char const*)
 .text._ZNK9FlashData7IsValidEv
                0x00404334       0x3c ./src/PanelDue.o
                0x00404334                FlashData::IsValid() const
 .text._ZN9FlashDataeqERKS_
                0x00404370       0x50 ./src/PanelDue.o
                0x00404370                FlashData::operator==(FlashData const&)
 .text._ZN9FlashData11SetDefaultsEv
                0x004043c0       0x38 ./src/PanelDue.o
                0x004043c0                FlashData::SetDefaults()
 .text._ZN9FlashData4LoadEv
                0x004043f8       0x14 ./src/PanelDue.o
                0x004043f8                FlashData::Load()
 .text._ZNK9FlashData4SaveEv
                0x0040440c       0x1c ./src/PanelDue.o
                0x0040440c                FlashData::Save() const
 .text._Z19GetFirmwareFeaturesv
                0x00404428        0xc ./src/PanelDue.o
                0x00404428                GetFirmwareFeatures()
 .text._Z14CondStripDrivePKc
                0x00404434       0x20 ./src/PanelDue.o
                0x00404434                CondStripDrive(char const*)
 .text._Z5Delaym
                0x00404454       0x18 ./src/PanelDue.o
                0x00404454                Delay(unsigned long)
 .text._Z15PrintInProgressv
                0x0040446c       0x24 ./src/PanelDue.o
                0x0040446c                PrintInProgress()
 .text._Z7bsearchPK21ReceiveDataTableEntryjPKc
                0x00404490       0x60 ./src/PanelDue.o
                0x00404490                bsearch(ReceiveDataTableEntry const*, unsigned int, char const*)
 .text._Z8OkToSendv
                0x004044f0       0x1c ./src/PanelDue.o
                0x004044f0                OkToSend()
 .text._Z9GetStatusv
                0x0040450c        0xc ./src/PanelDue.o
                0x0040450c                GetStatus()
 .text._Z7InitLcd18DisplayOrientationmm
                0x00404518       0x68 ./src/PanelDue.o
                0x00404518                InitLcd(DisplayOrientation, unsigned long, unsigned long)
 .text._Z14DelayTouchLongv
                0x00404580       0x20 ./src/PanelDue.o
                0x00404580                DelayTouchLong()
 .text._Z17ShortenTouchDelayv
                0x004045a0        0xc ./src/PanelDue.o
                0x004045a0                ShortenTouchDelay()
 .text._Z9TouchBeepv
                0x004045ac       0x1c ./src/PanelDue.o
                0x004045ac                TouchBeep()
 .text._Z9ErrorBeepv
                0x004045c8       0x28 ./src/PanelDue.o
                0x004045c8                ErrorBeep()
 .text._Z12DoTouchCalibttttbRt
                0x004045f0       0xb4 ./src/PanelDue.o
                0x004045f0                DoTouchCalib(unsigned short, unsigned short, unsigned short, unsigned short, bool, unsigned short&)
 .text._Z22IsSaveAndRestartNeededv
                0x004046a4       0x24 ./src/PanelDue.o
                0x004046a4                IsSaveAndRestartNeeded()
 .text._Z12IsSaveNeededv
                0x004046c8       0x20 ./src/PanelDue.o
                0x004046c8                IsSaveNeeded()
 .text._Z13MirrorDisplayv
                0x004046e8       0x24 ./src/PanelDue.o
                0x004046e8                MirrorDisplay()
 .text._Z13InvertDisplayv
                0x0040470c       0x24 ./src/PanelDue.o
                0x0040470c                InvertDisplay()
 .text._Z11SetBaudRatem
                0x00404730       0x14 ./src/PanelDue.o
                0x00404730                SetBaudRate(unsigned long)
 .text._Z13SetBrightnessi
                0x00404744       0x24 ./src/PanelDue.o
                0x00404744                SetBrightness(int)
 .text._Z9SetVolumem
                0x00404768        0xc ./src/PanelDue.o
                0x00404768                SetVolume(unsigned long)
 .text._Z15SetColourSchemem
                0x00404774        0xc ./src/PanelDue.o
                0x00404774                SetColourScheme(unsigned long)
 .text._Z11SetLanguagem
                0x00404780        0xc ./src/PanelDue.o
                0x00404780                SetLanguage(unsigned long)
 .text._Z11GetBaudRatev
                0x0040478c        0xc ./src/PanelDue.o
                0x0040478c                GetBaudRate()
 .text._Z9GetVolumev
                0x00404798        0xc ./src/PanelDue.o
                0x00404798                GetVolume()
 .text._Z13GetBrightnessv
                0x004047a4        0xc ./src/PanelDue.o
                0x004047a4                GetBrightness()
 .text._Z12FactoryResetv
                0x004047b0       0x68 ./src/PanelDue.o
                0x004047b0                FactoryReset()
 .text._Z12SaveSettingsv
                0x00404818       0x34 ./src/PanelDue.o
                0x00404818                SaveSettings()
 .text._Z9SetStatusc
                0x0040484c       0xa8 ./src/PanelDue.o
                0x0040484c                SetStatus(char)
 .text._Z9Reconnectv
                0x004048f4       0x34 ./src/PanelDue.o
                0x004048f4                Reconnect()
 .text._Z10GetIntegerPKcRi
                0x00404928       0x94 ./src/PanelDue.o
                0x00404928                GetInteger(char const*, int&)
 .text._Z18GetUnsignedIntegerPKcRj
                0x004049bc       0x2c ./src/PanelDue.o
                0x004049bc                GetUnsignedInteger(char const*, unsigned int&)
 .text._Z8GetFloatPKcRf
                0x004049e8       0x3c ./src/PanelDue.o
                0x004049e8                GetFloat(char const*, float&)
 .text._Z20StartReceivedMessagev
                0x00404a24       0x24 ./src/PanelDue.o
                0x00404a24                StartReceivedMessage()
 .text._Z18EndReceivedMessagev
                0x00404a48       0x44 ./src/PanelDue.o
                0x00404a48                EndReceivedMessage()
 .text._Z20ProcessReceivedValuePKcS0_i
                0x00404a8c      0x5b4 ./src/PanelDue.o
                0x00404a8c                ProcessReceivedValue(char const*, char const*, int)
 .text._Z18ProcessArrayLengthPKci
                0x00405040       0x20 ./src/PanelDue.o
                0x00405040                ProcessArrayLength(char const*, int)
 .text._Z15UpdateDebugInfov
                0x00405060       0x20 ./src/PanelDue.o
                0x00405060                UpdateDebugInfo()
 .text._Z11SendRequestPKcb
                0x00405080       0x3c ./src/PanelDue.o
                0x00405080                SendRequest(char const*, bool)
 .text.__cxa_pure_virtual
                0x004050bc        0x2 ./src/PanelDue.o
                0x004050bc                __cxa_pure_virtual
 *fill*         0x004050be        0x2 
 .text.startup._GLOBAL__sub_I_lcd
                0x004050c0       0x80 ./src/PanelDue.o
 .text._Z14CalibrateTouchv
                0x00405140      0x118 ./src/PanelDue.o
                0x00405140                CalibrateTouch()
 .text.startup.main
                0x00405258      0x318 ./src/PanelDue.o
                0x00405258                main
 .text._ZN5Print5printEPKc
                0x00405570       0x26 ./src/Print.o
                0x00405570                Print::print(char const*)
 *fill*         0x00405596        0x2 
 .text._ZN5Print11printNumberEmj
                0x00405598       0x40 ./src/Print.o
                0x00405598                Print::printNumber(unsigned long, unsigned int)
 .text._ZN5Print5printElj
                0x004055d8       0x44 ./src/Print.o
                0x004055d8                Print::print(long, unsigned int)
 .text._ZN5Print10printFloatEfj
                0x0040561c      0x190 ./src/Print.o
                0x0040561c                Print::printFloat(float, unsigned int)
 .text._ZN12RequestTimerC2EmPKcS1_
                0x004057ac        0xe ./src/RequestTimer.o
                0x004057ac                RequestTimer::RequestTimer(unsigned long, char const*, char const*)
                0x004057ac                RequestTimer::RequestTimer(unsigned long, char const*, char const*)
 *fill*         0x004057ba        0x2 
 .text._ZN12RequestTimer7ProcessEv
                0x004057bc       0x60 ./src/RequestTimer.o
                0x004057bc                RequestTimer::Process()
 .text._ZN2UIL13StopAdjustingEv
                0x0040581c       0x2c ./src/UserInterface.o
 .text._ZN2UIL21CurrentButtonReleasedEv
                0x00405848       0x2c ./src/UserInterface.o
 .text._ZN2UIL9AdjustingE11ButtonPress
                0x00405874       0x38 ./src/UserInterface.o
 .text._ZN15StaticTextFieldC2Ettt13TextAlignmentPKcb
                0x004058ac       0x50 ./src/UserInterface.o
                0x004058ac                StaticTextField::StaticTextField(unsigned short, unsigned short, unsigned short, TextAlignment, char const*, bool)
                0x004058ac                StaticTextField::StaticTextField(unsigned short, unsigned short, unsigned short, TextAlignment, char const*, bool)
 .text._ZN15StaticTextField8SetValueEPKc
                0x004058fc       0x18 ./src/UserInterface.o
                0x004058fc                StaticTextField::SetValue(char const*)
 .text._Z17CreatePopupWindowttttttPKct
                0x00405914       0xc8 ./src/UserInterface.o
                0x00405914                CreatePopupWindow(unsigned short, unsigned short, unsigned short, unsigned short, unsigned short, unsigned short, char const*, unsigned short)
 .text._Z13AddTextButtontjjPKc5EventS0_
                0x004059dc       0x60 ./src/UserInterface.o
                0x004059dc                AddTextButton(unsigned short, unsigned int, unsigned int, char const*, Event, char const*)
 .text._Z16AddIntegerButtontjjPKcS0_5Event
                0x00405a3c       0x6c ./src/UserInterface.o
                0x00405a3c                AddIntegerButton(unsigned short, unsigned int, unsigned int, char const*, char const*, Event)
 .text._Z13AddIconButtontjjPKh5EventPKc
                0x00405aa8       0x60 ./src/UserInterface.o
                0x00405aa8                AddIconButton(unsigned short, unsigned int, unsigned int, unsigned char const*, Event, char const*)
 .text._Z21CreateStringButtonRowP6WindowttttjPKPKcS4_5Eventi
                0x00405b08       0xb8 ./src/UserInterface.o
                0x00405b08                CreateStringButtonRow(Window*, unsigned short, unsigned short, unsigned short, unsigned short, unsigned int, char const* const*, char const* const*, Event, int)
 .text._Z19CreateIconButtonRowP6WindowttttjPKPKhPKPKc5Event
                0x00405bc0       0x70 ./src/UserInterface.o
                0x00405bc0                CreateIconButtonRow(Window*, unsigned short, unsigned short, unsigned short, unsigned short, unsigned int, unsigned char const* const*, char const* const*, Event)
 .text._Z17CreateIntPopupBarRK12ColourSchemetjPKPKcPKi5EventS8_
                0x00405c30       0xc4 ./src/UserInterface.o
                0x00405c30                CreateIntPopupBar(ColourScheme const&, unsigned short, unsigned int, char const* const*, int const*, Event, Event)
 .text._Z11StripPrefixPKc
                0x00405cf4       0x70 ./src/UserInterface.o
                0x00405cf4                StripPrefix(char const*)
 .text._Z16ChangeBrightnessb
                0x00405d64       0x2c ./src/UserInterface.o
                0x00405d64                ChangeBrightness(bool)
 .text._Z11UpdateFieldP13IntegerButtoni
                0x00405d90       0x20 ./src/UserInterface.o
                0x00405d90                UpdateField(IntegerButton*, int)
 .text._Z15PopupAreYouSure5EventPKcS1_
                0x00405db0       0x4c ./src/UserInterface.o
                0x00405db0                PopupAreYouSure(Event, char const*, char const*)
 .text._Z12PopupRestartv
                0x00405dfc       0x1c ./src/UserInterface.o
                0x00405dfc                PopupRestart()
 .text._Z24CreateIntegerAdjustPopupRK12ColourScheme
                0x00405e18       0x34 ./src/UserInterface.o
                0x00405e18                CreateIntegerAdjustPopup(ColourScheme const&)
 .text._Z18CreateExtrudePopupRK12ColourScheme
                0x00405e4c      0x198 ./src/UserInterface.o
                0x00405e4c                CreateExtrudePopup(ColourScheme const&)
 .text._Z19CreateFileListPopupRK12ColourScheme
                0x00405fe4      0x2e8 ./src/UserInterface.o
                0x00405fe4                CreateFileListPopup(ColourScheme const&)
 .text._Z21CreateFileActionPopupRK12ColourScheme
                0x004062cc      0x350 ./src/UserInterface.o
                0x004062cc                CreateFileActionPopup(ColourScheme const&)
 .text._Z21CreateAreYouSurePopupRK12ColourScheme
                0x0040661c      0x124 ./src/UserInterface.o
                0x0040661c                CreateAreYouSurePopup(ColourScheme const&)
 .text._Z19CreateBaudRatePopupRK12ColourScheme
                0x00406740       0x30 ./src/UserInterface.o
                0x00406740                CreateBaudRatePopup(ColourScheme const&)
 .text._Z17CreateVolumePopupRK12ColourScheme
                0x00406770       0x2c ./src/UserInterface.o
                0x00406770                CreateVolumePopup(ColourScheme const&)
 .text._Z18CreateColoursPopupRK12ColourScheme
                0x0040679c       0x40 ./src/UserInterface.o
                0x0040679c                CreateColoursPopup(ColourScheme const&)
 .text._Z19CreateLanguagePopupRK12ColourScheme
                0x004067dc       0x98 ./src/UserInterface.o
                0x004067dc                CreateLanguagePopup(ColourScheme const&)
 .text._Z19CreateKeyboardPopupm12ColourScheme
                0x00406874      0x268 ./src/UserInterface.o
                0x00406874                CreateKeyboardPopup(unsigned long, ColourScheme)
 .text._Z18CreateMessagePopupRK12ColourScheme
                0x00406adc       0x8c ./src/UserInterface.o
                0x00406adc                CreateMessagePopup(ColourScheme const&)
 .text._Z19CreateBabystepPopupRK12ColourScheme
                0x00406b68      0x114 ./src/UserInterface.o
                0x00406b68                CreateBabystepPopup(ColourScheme const&)
 .text._Z21CreateTemperatureGridRK12ColourScheme
                0x00406c7c      0x278 ./src/UserInterface.o
                0x00406c7c                CreateTemperatureGrid(ColourScheme const&)
 .text._Z22CreateControlTabFieldsRK12ColourScheme
                0x00406ef4      0x2cc ./src/UserInterface.o
                0x00406ef4                CreateControlTabFields(ColourScheme const&)
 .text._Z23CreatePrintingTabFieldsRK12ColourScheme
                0x004071c0      0x3b4 ./src/UserInterface.o
                0x004071c0                CreatePrintingTabFields(ColourScheme const&)
 .text._Z22CreateMessageTabFieldsRK12ColourScheme
                0x00407574      0x11c ./src/UserInterface.o
                0x00407574                CreateMessageTabFields(ColourScheme const&)
 .text._Z20CreateSetupTabFieldsmRK12ColourScheme
                0x00407690      0x364 ./src/UserInterface.o
                0x00407690                CreateSetupTabFields(unsigned long, ColourScheme const&)
 .text._Z18CreateCommonFieldsRK12ColourScheme
                0x004079f4       0xa0 ./src/UserInterface.o
                0x004079f4                CreateCommonFields(ColourScheme const&)
 .text._Z15CreateMainPagesmRK12ColourScheme
                0x00407a94      0x108 ./src/UserInterface.o
                0x00407a94                CreateMainPages(unsigned long, ColourScheme const&)
 .text._ZN2UI15GetNumLanguagesEv
                0x00407b9c        0x4 ./src/UserInterface.o
                0x00407b9c                UI::GetNumLanguages()
 .text._ZN2UI21CheckSettingsAreSavedEv
                0x00407ba0       0x5c ./src/UserInterface.o
                0x00407ba0                UI::CheckSettingsAreSaved()
 .text._ZN2UI15ShowFilesButtonEv
                0x00407bfc       0x58 ./src/UserInterface.o
                0x00407bfc                UI::ShowFilesButton()
 .text._ZN2UI15ShowPauseButtonEv
                0x00407c54       0x58 ./src/UserInterface.o
                0x00407c54                UI::ShowPauseButton()
 .text._ZN2UI26ShowResumeAndCancelButtonsEv
                0x00407cac       0x58 ./src/UserInterface.o
                0x00407cac                UI::ShowResumeAndCancelButtons()
 .text._ZN2UI8ShowAxisEjb
                0x00407d04       0x3c ./src/UserInterface.o
                0x00407d04                UI::ShowAxis(unsigned int, bool)
 .text._Z15CreateMovePopupRK12ColourScheme
                0x00407d40      0x118 ./src/UserInterface.o
                0x00407d40                CreateMovePopup(ColourScheme const&)
 .text._ZN2UI12CreateFieldsEmRK12ColourScheme
                0x00407e58      0x138 ./src/UserInterface.o
                0x00407e58                UI::CreateFields(unsigned long, ColourScheme const&)
 .text._ZN2UI18UpdateAxisPositionEjf
                0x00407f90       0x1c ./src/UserInterface.o
                0x00407f90                UI::UpdateAxisPosition(unsigned int, float)
 .text._ZN2UI24UpdateCurrentTemperatureEjf
                0x00407fac       0x18 ./src/UserInterface.o
                0x00407fac                UI::UpdateCurrentTemperature(unsigned int, float)
 .text._ZN2UI10ShowHeaterEjb
                0x00407fc4       0x58 ./src/UserInterface.o
                0x00407fc4                UI::ShowHeater(unsigned int, bool)
 .text._ZN2UI18UpdateHeaterStatusEji
                0x0040801c       0x5c ./src/UserInterface.o
                0x0040801c                UI::UpdateHeaterStatus(unsigned int, int)
 .text._ZN2UI12ShowKeyboardEv
                0x00408078       0x30 ./src/UserInterface.o
                0x00408078                UI::ShowKeyboard()
 .text._ZN2UI14PopupCancelledEv
                0x004080a8       0x20 ./src/UserInterface.o
                0x004080a8                UI::PopupCancelled()
 .text._ZN2UI9DoPollingEv
                0x004080c8       0x18 ./src/UserInterface.o
                0x004080c8                UI::DoPolling()
 .text._ZN2UI4SpinEv
                0x004080e0       0x24 ./src/UserInterface.o
                0x004080e0                UI::Spin()
 .text._ZN2UI20UpdatePrintingFieldsEv
                0x00408104       0x84 ./src/UserInterface.o
                0x00408104                UI::UpdatePrintingFields()
 .text._ZN2UI23SetPrintProgressPercentEj
                0x00408188       0x14 ./src/UserInterface.o
                0x00408188                UI::SetPrintProgressPercent(unsigned int)
 .text._ZN2UI14UpdateGeometryEjb
                0x0040819c       0x48 ./src/UserInterface.o
                0x0040819c                UI::UpdateGeometry(unsigned int, bool)
 .text._ZN2UI17UpdateHomedStatusEib
                0x004081e4       0x44 ./src/UserInterface.o
                0x004081e4                UI::UpdateHomedStatus(int, bool)
 .text._ZN2UI12UpdateZProbeEPKc
                0x00408228       0x40 ./src/UserInterface.o
                0x00408228                UI::UpdateZProbe(char const*)
 .text._ZN2UI17UpdateMachineNameEPKc
                0x00408268       0x40 ./src/UserInterface.o
                0x00408268                UI::UpdateMachineName(char const*)
 .text._ZN2UI16UpdateFanPercentEi
                0x004082a8       0x18 ./src/UserInterface.o
                0x004082a8                UI::UpdateFanPercent(int)
 .text._ZN2UI23UpdateActiveTemperatureEji
                0x004082c0       0x18 ./src/UserInterface.o
                0x004082c0                UI::UpdateActiveTemperature(unsigned int, int)
 .text._ZN2UI24UpdateStandbyTemperatureEji
                0x004082d8       0x18 ./src/UserInterface.o
                0x004082d8                UI::UpdateStandbyTemperature(unsigned int, int)
 .text._ZN2UI21UpdateExtrusionFactorEji
                0x004082f0       0x18 ./src/UserInterface.o
                0x004082f0                UI::UpdateExtrusionFactor(unsigned int, int)
 .text._ZN2UI18UpdateSpeedPercentEi
                0x00408308       0x18 ./src/UserInterface.o
                0x00408308                UI::UpdateSpeedPercent(int)
 .text._ZN2UI12ProcessAlertEPKc
                0x00408320       0x68 ./src/UserInterface.o
                0x00408320                UI::ProcessAlert(char const*)
 .text._ZN2UI12FileSelectedEPKc
                0x00408388       0x7c ./src/UserInterface.o
                0x00408388                UI::FileSelected(char const*)
 .text._ZN2UI22UpdateFileObjectHeightEf
                0x00408404       0x14 ./src/UserInterface.o
                0x00408404                UI::UpdateFileObjectHeight(float)
 .text._ZN2UI21UpdateFileLayerHeightEf
                0x00408418       0x14 ./src/UserInterface.o
                0x00408418                UI::UpdateFileLayerHeight(float)
 .text._ZN2UI14UpdateFileSizeEi
                0x0040842c       0x14 ./src/UserInterface.o
                0x0040842c                UI::UpdateFileSize(int)
 .text._ZN2UI18UpdateFileFilamentEi
                0x00408440       0x14 ./src/UserInterface.o
                0x00408440                UI::UpdateFileFilament(int)
 .text._ZN2UI20IsDisplayingFileInfoEv
                0x00408454       0x10 ./src/UserInterface.o
                0x00408454                UI::IsDisplayingFileInfo()
 .text._ZN2UI23FirmwareFeaturesChangedEm
                0x00408464       0x2c ./src/UserInterface.o
                0x00408464                UI::FirmwareFeaturesChanged(unsigned long)
 .text._ZN2UI20OnButtonPressTimeoutEv
                0x00408490       0x18 ./src/UserInterface.o
                0x00408490                UI::OnButtonPressTimeout()
 .text._ZN2UI20UpdateFilesListTitleEijb
                0x004084a8       0x84 ./src/UserInterface.o
                0x004084a8                UI::UpdateFilesListTitle(int, unsigned int, bool)
 .text._ZN2UI14FileListLoadedEi
                0x0040852c       0x30 ./src/UserInterface.o
                0x0040852c                UI::FileListLoaded(int)
 .text._ZN2UI20EnableFileNavButtonsEbbb
                0x0040855c       0x40 ./src/UserInterface.o
                0x0040855c                UI::EnableFileNavButtons(bool, bool, bool)
 .text._ZN2UI19GetNumScrolledFilesEv
                0x0040859c        0x4 ./src/UserInterface.o
                0x0040859c                UI::GetNumScrolledFiles()
 .text._ZN2UI11SetNumToolsEj
                0x004085a0       0x30 ./src/UserInterface.o
                0x004085a0                UI::SetNumTools(unsigned int)
 .text._ZN2UI17SetBabystepOffsetEf
                0x004085d0       0x14 ./src/UserInterface.o
                0x004085d0                UI::SetBabystepOffset(float)
 .text._ZN6StringILj50EE7catFromEPKc
                0x004085e4       0x1e ./src/UserInterface.o
                0x004085e4                String<50u>::catFrom(char const*)
 *fill*         0x00408602        0x2 
 .text._ZN2UI25UpdateFileGeneratedByTextEPKc
                0x00408604       0x2c ./src/UserInterface.o
                0x00408604                UI::UpdateFileGeneratedByText(char const*)
 .text._ZN6StringILj50EE4catfEPKcz
                0x00408630       0x40 ./src/UserInterface.o
                0x00408630                String<50u>::catf(char const*, ...)
 .text._ZN2UIL14AppendTimeLeftEi
                0x00408670       0x68 ./src/UserInterface.o
 .text._ZN2UI15UpdateTimesLeftEjj
                0x004086d8       0x74 ./src/UserInterface.o
                0x004086d8                UI::UpdateTimesLeft(unsigned int, unsigned int)
 .text._ZN6StringILj40EE4copyEPKc
                0x0040874c       0x24 ./src/UserInterface.o
                0x0040874c                String<40u>::copy(char const*)
 .text._ZN2UI23PrintingFilenameChangedEPKc
                0x00408770       0x54 ./src/UserInterface.o
                0x00408770                UI::PrintingFilenameChanged(char const*)
 .text.startup._GLOBAL__sub_I_fwVersionField
                0x004087c4       0x84 ./src/UserInterface.o
 .text._ZN2UI10ChangePageEP10ButtonBase
                0x00408848       0xf4 ./src/UserInterface.o
                0x00408848                UI::ChangePage(ButtonBase*)
 .text._ZN2UI12ChangeStatusE13PrinterStatusS0_
                0x0040893c       0xa8 ./src/UserInterface.o
                0x0040893c                UI::ChangeStatus(PrinterStatus, PrinterStatus)
 .text._ZN2UI12PrintStartedEv
                0x004089e4       0x14 ./src/UserInterface.o
                0x004089e4                UI::PrintStarted()
 .text._ZN2UI15ShowDefaultPageEv
                0x004089f8       0x14 ./src/UserInterface.o
                0x004089f8                UI::ShowDefaultPage()
 .text._ZN2UI12ProcessTouchE11ButtonPress
                0x00408a0c      0x9b8 ./src/UserInterface.o
                0x00408a0c                UI::ProcessTouch(ButtonPress)
 .text._ZN2UI24ProcessTouchOutsidePopupE11ButtonPress
                0x004093c4      0x13c ./src/UserInterface.o
                0x004093c4                UI::ProcessTouchOutsidePopup(ButtonPress)
 .text          0x00409500      0x370 e:/arduino-1.5.8/hardware/tools/gcc-arm-none-eabi-4.8.3-2014q1/bin/../lib/gcc/arm-none-eabi/4.8.3/armv7e-m\libgcc.a(_arm_addsubdf3.o)
                0x00409500                __aeabi_drsub
                0x00409508                __aeabi_dsub
                0x00409508                __subdf3
                0x0040950c                __aeabi_dadd
                0x0040950c                __adddf3
                0x00409784                __floatunsidf
                0x00409784                __aeabi_ui2d
                0x004097a4                __floatsidf
                0x004097a4                __aeabi_i2d
                0x004097c8                __aeabi_f2d
                0x004097c8                __extendsfdf2
                0x00409804                __floatundidf
                0x00409804                __aeabi_ul2d
                0x00409814                __floatdidf
                0x00409814                __aeabi_l2d
 .text          0x00409870      0x424 e:/arduino-1.5.8/hardware/tools/gcc-arm-none-eabi-4.8.3-2014q1/bin/../lib/gcc/arm-none-eabi/4.8.3/armv7e-m\libgcc.a(_arm_muldivdf3.o)
                0x00409870                __aeabi_dmul
                0x00409870                __muldf3
                0x00409ac4                __divdf3
                0x00409ac4                __aeabi_ddiv
 .text          0x00409c94       0x50 e:/arduino-1.5.8/hardware/tools/gcc-arm-none-eabi-4.8.3-2014q1/bin/../lib/gcc/arm-none-eabi/4.8.3/armv7e-m\libgcc.a(_arm_fixdfsi.o)
                0x00409c94                __aeabi_d2iz
                0x00409c94                __fixdfsi
 .text          0x00409ce4       0x40 e:/arduino-1.5.8/hardware/tools/gcc-arm-none-eabi-4.8.3-2014q1/bin/../lib/gcc/arm-none-eabi/4.8.3/armv7e-m\libgcc.a(_arm_fixunsdfsi.o)
                0x00409ce4                __aeabi_d2uiz
                0x00409ce4                __fixunsdfsi
 .text          0x00409d24       0xa0 e:/arduino-1.5.8/hardware/tools/gcc-arm-none-eabi-4.8.3-2014q1/bin/../lib/gcc/arm-none-eabi/4.8.3/armv7e-m\libgcc.a(_arm_truncdfsf2.o)
                0x00409d24                __truncdfsf2
                0x00409d24                __aeabi_d2f
 .text          0x00409dc4      0x21c e:/arduino-1.5.8/hardware/tools/gcc-arm-none-eabi-4.8.3-2014q1/bin/../lib/gcc/arm-none-eabi/4.8.3/armv7e-m\libgcc.a(_arm_addsubsf3.o)
                0x00409dc4                __aeabi_frsub
                0x00409dcc                __subsf3
                0x00409dcc                __aeabi_fsub
                0x00409dd0                __aeabi_fadd
                0x00409dd0                __addsf3
                0x00409f30                __aeabi_ui2f
                0x00409f30                __floatunsisf
                0x00409f38                __aeabi_i2f
                0x00409f38                __floatsisf
                0x00409f54                __aeabi_ul2f
                0x00409f54                __floatundisf
                0x00409f64                __aeabi_l2f
                0x00409f64                __floatdisf
 .text          0x00409fe0      0x2a0 e:/arduino-1.5.8/hardware/tools/gcc-arm-none-eabi-4.8.3-2014q1/bin/../lib/gcc/arm-none-eabi/4.8.3/armv7e-m\libgcc.a(_arm_muldivsf3.o)
                0x00409fe0                __mulsf3
                0x00409fe0                __aeabi_fmul
                0x0040a148                __aeabi_fdiv
                0x0040a148                __divsf3
 .text          0x0040a280       0xec e:/arduino-1.5.8/hardware/tools/gcc-arm-none-eabi-4.8.3-2014q1/bin/../lib/gcc/arm-none-eabi/4.8.3/armv7e-m\libgcc.a(_arm_cmpsf2.o)
                0x0040a280                __gesf2
                0x0040a280                __gtsf2
                0x0040a288                __lesf2
                0x0040a288                __ltsf2
                0x0040a290                __nesf2
                0x0040a290                __eqsf2
                0x0040a290                __cmpsf2
                0x0040a2f0                __aeabi_cfrcmple
                0x0040a2f8                __aeabi_cfcmpeq
                0x0040a2f8                __aeabi_cfcmple
                0x0040a308                __aeabi_fcmpeq
                0x0040a31c                __aeabi_fcmplt
                0x0040a330                __aeabi_fcmple
                0x0040a344                __aeabi_fcmpge
                0x0040a358                __aeabi_fcmpgt
 .text          0x0040a36c       0x2c e:/arduino-1.5.8/hardware/tools/gcc-arm-none-eabi-4.8.3-2014q1/bin/../lib/gcc/arm-none-eabi/4.8.3/armv7e-m\libgcc.a(_arm_unordsf2.o)
                0x0040a36c                __unordsf2
                0x0040a36c                __aeabi_fcmpun
 .text          0x0040a398       0x4c e:/arduino-1.5.8/hardware/tools/gcc-arm-none-eabi-4.8.3-2014q1/bin/../lib/gcc/arm-none-eabi/4.8.3/armv7e-m\libgcc.a(_arm_fixsfsi.o)
                0x0040a398                __aeabi_f2iz
                0x0040a398                __fixsfsi
 .text          0x0040a3e4       0x40 e:/arduino-1.5.8/hardware/tools/gcc-arm-none-eabi-4.8.3-2014q1/bin/../lib/gcc/arm-none-eabi/4.8.3/armv7e-m\libgcc.a(_arm_fixunssfsi.o)
                0x0040a3e4                __fixunssfsi
                0x0040a3e4                __aeabi_f2uiz
 .text.__libc_init_array
                0x0040a424       0x4c e:/arduino-1.5.8/hardware/tools/gcc-arm-none-eabi-4.8.3-2014q1/bin/../lib/gcc/arm-none-eabi/4.8.3/../../../../arm-none-eabi/lib/armv7e-m\libc_s.a(lib_a-init.o)
                0x0040a424                __libc_init_array
 .text.memcmp   0x0040a470       0x1e e:/arduino-1.5.8/hardware/tools/gcc-arm-none-eabi-4.8.3-2014q1/bin/../lib/gcc/arm-none-eabi/4.8.3/../../../../arm-none-eabi/lib/armv7e-m\libc_s.a(lib_a-memcmp.o)
                0x0040a470                memcmp
 .text.memcpy   0x0040a48e       0x12 e:/arduino-1.5.8/hardware/tools/gcc-arm-none-eabi-4.8.3-2014q1/bin/../lib/gcc/arm-none-eabi/4.8.3/../../../../arm-none-eabi/lib/armv7e-m\libc_s.a(lib_a-memcpy-stub.o)
                0x0040a48e                memcpy
 .text.memset   0x0040a4a0       0x10 e:/arduino-1.5.8/hardware/tools/gcc-arm-none-eabi-4.8.3-2014q1/bin/../lib/gcc/arm-none-eabi/4.8.3/../../../../arm-none-eabi/lib/armv7e-m\libc_s.a(lib_a-memset.o)
                0x0040a4a0                memset
 .text.snprintf
                0x0040a4b0       0x64 e:/arduino-1.5.8/hardware/tools/gcc-arm-none-eabi-4.8.3-2014q1/bin/../lib/gcc/arm-none-eabi/4.8.3/../../../../arm-none-eabi/lib/armv7e-m\libc_s.a(lib_a-snprintf.o)
                0x0040a4b0                sniprintf
                0x0040a4b0                snprintf
 .text.strcasecmp
                0x0040a514       0x3c e:/arduino-1.5.8/hardware/tools/gcc-arm-none-eabi-4.8.3-2014q1/bin/../lib/gcc/arm-none-eabi/4.8.3/../../../../arm-none-eabi/lib/armv7e-m\libc_s.a(lib_a-strcasecmp.o)
                0x0040a514                strcasecmp
 .text.strchr   0x0040a550       0x1a e:/arduino-1.5.8/hardware/tools/gcc-arm-none-eabi-4.8.3-2014q1/bin/../lib/gcc/arm-none-eabi/4.8.3/../../../../arm-none-eabi/lib/armv7e-m\libc_s.a(lib_a-strchr.o)
                0x0040a550                strchr
 .text          0x0040a56a       0x14 e:/arduino-1.5.8/hardware/tools/gcc-arm-none-eabi-4.8.3-2014q1/bin/../lib/gcc/arm-none-eabi/4.8.3/../../../../arm-none-eabi/lib/armv7e-m\libc_s.a(lib_a-strcmp.o)
                0x0040a56a                strcmp
 .text.strlen   0x0040a57e       0x10 e:/arduino-1.5.8/hardware/tools/gcc-arm-none-eabi-4.8.3-2014q1/bin/../lib/gcc/arm-none-eabi/4.8.3/../../../../arm-none-eabi/lib/armv7e-m\libc_s.a(lib_a-strlen.o)
                0x0040a57e                strlen
 .text.strncmp  0x0040a58e       0x2e e:/arduino-1.5.8/hardware/tools/gcc-arm-none-eabi-4.8.3-2014q1/bin/../lib/gcc/arm-none-eabi/4.8.3/../../../../arm-none-eabi/lib/armv7e-m\libc_s.a(lib_a-strncmp.o)
                0x0040a58e                strncmp
 .text.match    0x0040a5bc       0x28 e:/arduino-1.5.8/hardware/tools/gcc-arm-none-eabi-4.8.3-2014q1/bin/../lib/gcc/arm-none-eabi/4.8.3/../../../../arm-none-eabi/lib/armv7e-m\libc_s.a(lib_a-strtod.o)
 .text.sulp     0x0040a5e4       0x3e e:/arduino-1.5.8/hardware/tools/gcc-arm-none-eabi-4.8.3-2014q1/bin/../lib/gcc/arm-none-eabi/4.8.3/../../../../arm-none-eabi/lib/armv7e-m\libc_s.a(lib_a-strtod.o)
 *fill*         0x0040a622        0x6 
 .text._strtod_r
                0x0040a628      0xc38 e:/arduino-1.5.8/hardware/tools/gcc-arm-none-eabi-4.8.3-2014q1/bin/../lib/gcc/arm-none-eabi/4.8.3/../../../../arm-none-eabi/lib/armv7e-m\libc_s.a(lib_a-strtod.o)
                0x0040a628                _strtod_r
 .text.strtof   0x0040b260       0x30 e:/arduino-1.5.8/hardware/tools/gcc-arm-none-eabi-4.8.3-2014q1/bin/../lib/gcc/arm-none-eabi/4.8.3/../../../../arm-none-eabi/lib/armv7e-m\libc_s.a(lib_a-strtod.o)
                0x0040b260                strtof
 .text._strtol_r
                0x0040b290      0x104 e:/arduino-1.5.8/hardware/tools/gcc-arm-none-eabi-4.8.3-2014q1/bin/../lib/gcc/arm-none-eabi/4.8.3/../../../../arm-none-eabi/lib/armv7e-m\libc_s.a(lib_a-strtol.o)
                0x0040b290                _strtol_r
 .text.strtol   0x0040b394       0x1c e:/arduino-1.5.8/hardware/tools/gcc-arm-none-eabi-4.8.3-2014q1/bin/../lib/gcc/arm-none-eabi/4.8.3/../../../../arm-none-eabi/lib/armv7e-m\libc_s.a(lib_a-strtol.o)
                0x0040b394                strtol
 .text._strtoul_r
                0x0040b3b0       0xf0 e:/arduino-1.5.8/hardware/tools/gcc-arm-none-eabi-4.8.3-2014q1/bin/../lib/gcc/arm-none-eabi/4.8.3/../../../../arm-none-eabi/lib/armv7e-m\libc_s.a(lib_a-strtoul.o)
                0x0040b3b0                _strtoul_r
 .text.strtoul  0x0040b4a0       0x1c e:/arduino-1.5.8/hardware/tools/gcc-arm-none-eabi-4.8.3-2014q1/bin/../lib/gcc/arm-none-eabi/4.8.3/../../../../arm-none-eabi/lib/armv7e-m\libc_s.a(lib_a-strtoul.o)
                0x0040b4a0                strtoul
 .text.__ssputs_r
                0x0040b4bc       0xb8 e:/arduino-1.5.8/hardware/tools/gcc-arm-none-eabi-4.8.3-2014q1/bin/../lib/gcc/arm-none-eabi/4.8.3/../../../../arm-none-eabi/lib/armv7e-m\libc_s.a(lib_a-svfprintf.o)
                0x0040b4bc                __ssputs_r
 .text._svfprintf_r
                0x0040b574      0x1dc e:/arduino-1.5.8/hardware/tools/gcc-arm-none-eabi-4.8.3-2014q1/bin/../lib/gcc/arm-none-eabi/4.8.3/../../../../arm-none-eabi/lib/armv7e-m\libc_s.a(lib_a-svfprintf.o)
                0x0040b574                _svfiprintf_r
                0x0040b574                _svfprintf_r
 .text._printf_common
                0x0040b750       0xe4 e:/arduino-1.5.8/hardware/tools/gcc-arm-none-eabi-4.8.3-2014q1/bin/../lib/gcc/arm-none-eabi/4.8.3/../../../../arm-none-eabi/lib/armv7e-m\libc_s.a(lib_a-vfprintf_i.o)
                0x0040b750                _printf_common
 .text._printf_i
                0x0040b834      0x228 e:/arduino-1.5.8/hardware/tools/gcc-arm-none-eabi-4.8.3-2014q1/bin/../lib/gcc/arm-none-eabi/4.8.3/../../../../arm-none-eabi/lib/armv7e-m\libc_s.a(lib_a-vfprintf_i.o)
                0x0040b834                _printf_i
 .text._vsnprintf_r
                0x0040ba5c       0x52 e:/arduino-1.5.8/hardware/tools/gcc-arm-none-eabi-4.8.3-2014q1/bin/../lib/gcc/arm-none-eabi/4.8.3/../../../../arm-none-eabi/lib/armv7e-m\libc_s.a(lib_a-vsnprintf.o)
                0x0040ba5c                _vsniprintf_r
                0x0040ba5c                _vsnprintf_r
 *fill*         0x0040baae        0x2 
 .text.vsnprintf
                0x0040bab0       0x20 e:/arduino-1.5.8/hardware/tools/gcc-arm-none-eabi-4.8.3-2014q1/bin/../lib/gcc/arm-none-eabi/4.8.3/../../../../arm-none-eabi/lib/armv7e-m\libc_s.a(lib_a-vsnprintf.o)
                0x0040bab0                vsniprintf
                0x0040bab0                vsnprintf
 .text.rshift   0x0040bad0       0x6a e:/arduino-1.5.8/hardware/tools/gcc-arm-none-eabi-4.8.3-2014q1/bin/../lib/gcc/arm-none-eabi/4.8.3/../../../../arm-none-eabi/lib/armv7e-m\libc_s.a(lib_a-gdtoa-gethex.o)
 .text.__hexdig_fun
                0x0040bb3a       0x2a e:/arduino-1.5.8/hardware/tools/gcc-arm-none-eabi-4.8.3-2014q1/bin/../lib/gcc/arm-none-eabi/4.8.3/../../../../arm-none-eabi/lib/armv7e-m\libc_s.a(lib_a-gdtoa-gethex.o)
                0x0040bb3a                __hexdig_fun
 .text.__gethex
                0x0040bb64      0x45e e:/arduino-1.5.8/hardware/tools/gcc-arm-none-eabi-4.8.3-2014q1/bin/../lib/gcc/arm-none-eabi/4.8.3/../../../../arm-none-eabi/lib/armv7e-m\libc_s.a(lib_a-gdtoa-gethex.o)
                0x0040bb64                __gethex
 .text.L_shift  0x0040bfc2       0x26 e:/arduino-1.5.8/hardware/tools/gcc-arm-none-eabi-4.8.3-2014q1/bin/../lib/gcc/arm-none-eabi/4.8.3/../../../../arm-none-eabi/lib/armv7e-m\libc_s.a(lib_a-gdtoa-hexnan.o)
 .text.__hexnan
                0x0040bfe8      0x120 e:/arduino-1.5.8/hardware/tools/gcc-arm-none-eabi-4.8.3-2014q1/bin/../lib/gcc/arm-none-eabi/4.8.3/../../../../arm-none-eabi/lib/armv7e-m\libc_s.a(lib_a-gdtoa-hexnan.o)
                0x0040bfe8                __hexnan
 .text._localeconv_r
                0x0040c108        0x8 e:/arduino-1.5.8/hardware/tools/gcc-arm-none-eabi-4.8.3-2014q1/bin/../lib/gcc/arm-none-eabi/4.8.3/../../../../arm-none-eabi/lib/armv7e-m\libc_s.a(lib_a-locale.o)
                0x0040c108                _localeconv_r
 .text.memchr   0x0040c110       0x1e e:/arduino-1.5.8/hardware/tools/gcc-arm-none-eabi-4.8.3-2014q1/bin/../lib/gcc/arm-none-eabi/4.8.3/../../../../arm-none-eabi/lib/armv7e-m\libc_s.a(lib_a-memchr-stub.o)
                0x0040c110                memchr
 .text.memmove  0x0040c12e       0x36 e:/arduino-1.5.8/hardware/tools/gcc-arm-none-eabi-4.8.3-2014q1/bin/../lib/gcc/arm-none-eabi/4.8.3/../../../../arm-none-eabi/lib/armv7e-m\libc_s.a(lib_a-memmove.o)
                0x0040c12e                memmove
 .text._Balloc  0x0040c164       0x6a e:/arduino-1.5.8/hardware/tools/gcc-arm-none-eabi-4.8.3-2014q1/bin/../lib/gcc/arm-none-eabi/4.8.3/../../../../arm-none-eabi/lib/armv7e-m\libc_s.a(lib_a-mprec.o)
                0x0040c164                _Balloc
 .text._Bfree   0x0040c1ce       0x2e e:/arduino-1.5.8/hardware/tools/gcc-arm-none-eabi-4.8.3-2014q1/bin/../lib/gcc/arm-none-eabi/4.8.3/../../../../arm-none-eabi/lib/armv7e-m\libc_s.a(lib_a-mprec.o)
                0x0040c1ce                _Bfree
 .text.__multadd
                0x0040c1fc       0x74 e:/arduino-1.5.8/hardware/tools/gcc-arm-none-eabi-4.8.3-2014q1/bin/../lib/gcc/arm-none-eabi/4.8.3/../../../../arm-none-eabi/lib/armv7e-m\libc_s.a(lib_a-mprec.o)
                0x0040c1fc                __multadd
 .text.__s2b    0x0040c270       0x84 e:/arduino-1.5.8/hardware/tools/gcc-arm-none-eabi-4.8.3-2014q1/bin/../lib/gcc/arm-none-eabi/4.8.3/../../../../arm-none-eabi/lib/armv7e-m\libc_s.a(lib_a-mprec.o)
                0x0040c270                __s2b
 .text.__hi0bits
                0x0040c2f4       0x40 e:/arduino-1.5.8/hardware/tools/gcc-arm-none-eabi-4.8.3-2014q1/bin/../lib/gcc/arm-none-eabi/4.8.3/../../../../arm-none-eabi/lib/armv7e-m\libc_s.a(lib_a-mprec.o)
                0x0040c2f4                __hi0bits
 .text.__lo0bits
                0x0040c334       0x5a e:/arduino-1.5.8/hardware/tools/gcc-arm-none-eabi-4.8.3-2014q1/bin/../lib/gcc/arm-none-eabi/4.8.3/../../../../arm-none-eabi/lib/armv7e-m\libc_s.a(lib_a-mprec.o)
                0x0040c334                __lo0bits
 .text.__i2b    0x0040c38e       0x12 e:/arduino-1.5.8/hardware/tools/gcc-arm-none-eabi-4.8.3-2014q1/bin/../lib/gcc/arm-none-eabi/4.8.3/../../../../arm-none-eabi/lib/armv7e-m\libc_s.a(lib_a-mprec.o)
                0x0040c38e                __i2b
 .text.__multiply
                0x0040c3a0      0x130 e:/arduino-1.5.8/hardware/tools/gcc-arm-none-eabi-4.8.3-2014q1/bin/../lib/gcc/arm-none-eabi/4.8.3/../../../../arm-none-eabi/lib/armv7e-m\libc_s.a(lib_a-mprec.o)
                0x0040c3a0                __multiply
 .text.__pow5mult
                0x0040c4d0       0x9c e:/arduino-1.5.8/hardware/tools/gcc-arm-none-eabi-4.8.3-2014q1/bin/../lib/gcc/arm-none-eabi/4.8.3/../../../../arm-none-eabi/lib/armv7e-m\libc_s.a(lib_a-mprec.o)
                0x0040c4d0                __pow5mult
 .text.__lshift
                0x0040c56c       0xa6 e:/arduino-1.5.8/hardware/tools/gcc-arm-none-eabi-4.8.3-2014q1/bin/../lib/gcc/arm-none-eabi/4.8.3/../../../../arm-none-eabi/lib/armv7e-m\libc_s.a(lib_a-mprec.o)
                0x0040c56c                __lshift
 .text.__mcmp   0x0040c612       0x3a e:/arduino-1.5.8/hardware/tools/gcc-arm-none-eabi-4.8.3-2014q1/bin/../lib/gcc/arm-none-eabi/4.8.3/../../../../arm-none-eabi/lib/armv7e-m\libc_s.a(lib_a-mprec.o)
                0x0040c612                __mcmp
 .text.__mdiff  0x0040c64c       0xbc e:/arduino-1.5.8/hardware/tools/gcc-arm-none-eabi-4.8.3-2014q1/bin/../lib/gcc/arm-none-eabi/4.8.3/../../../../arm-none-eabi/lib/armv7e-m\libc_s.a(lib_a-mprec.o)
                0x0040c64c                __mdiff
 .text.__ulp    0x0040c708       0x44 e:/arduino-1.5.8/hardware/tools/gcc-arm-none-eabi-4.8.3-2014q1/bin/../lib/gcc/arm-none-eabi/4.8.3/../../../../arm-none-eabi/lib/armv7e-m\libc_s.a(lib_a-mprec.o)
                0x0040c708                __ulp
 .text.__b2d    0x0040c74c       0xa6 e:/arduino-1.5.8/hardware/tools/gcc-arm-none-eabi-4.8.3-2014q1/bin/../lib/gcc/arm-none-eabi/4.8.3/../../../../arm-none-eabi/lib/armv7e-m\libc_s.a(lib_a-mprec.o)
                0x0040c74c                __b2d
 .text.__d2b    0x0040c7f2       0xa4 e:/arduino-1.5.8/hardware/tools/gcc-arm-none-eabi-4.8.3-2014q1/bin/../lib/gcc/arm-none-eabi/4.8.3/../../../../arm-none-eabi/lib/armv7e-m\libc_s.a(lib_a-mprec.o)
                0x0040c7f2                __d2b
 .text.__ratio  0x0040c896       0x4a e:/arduino-1.5.8/hardware/tools/gcc-arm-none-eabi-4.8.3-2014q1/bin/../lib/gcc/arm-none-eabi/4.8.3/../../../../arm-none-eabi/lib/armv7e-m\libc_s.a(lib_a-mprec.o)
                0x0040c896                __ratio
 .text.__copybits
                0x0040c8e0       0x32 e:/arduino-1.5.8/hardware/tools/gcc-arm-none-eabi-4.8.3-2014q1/bin/../lib/gcc/arm-none-eabi/4.8.3/../../../../arm-none-eabi/lib/armv7e-m\libc_s.a(lib_a-mprec.o)
                0x0040c8e0                __copybits
 .text.__any_on
                0x0040c912       0x48 e:/arduino-1.5.8/hardware/tools/gcc-arm-none-eabi-4.8.3-2014q1/bin/../lib/gcc/arm-none-eabi/4.8.3/../../../../arm-none-eabi/lib/armv7e-m\libc_s.a(lib_a-mprec.o)
                0x0040c912                __any_on
 .text._calloc_r
                0x0040c95a       0x1c e:/arduino-1.5.8/hardware/tools/gcc-arm-none-eabi-4.8.3-2014q1/bin/../lib/gcc/arm-none-eabi/4.8.3/../../../../arm-none-eabi/lib/armv7e-m\libc_s.a(lib_a-nano-callocr.o)
                0x0040c95a                _calloc_r
 *fill*         0x0040c976        0x2 
 .text._free_r  0x0040c978       0x88 e:/arduino-1.5.8/hardware/tools/gcc-arm-none-eabi-4.8.3-2014q1/bin/../lib/gcc/arm-none-eabi/4.8.3/../../../../arm-none-eabi/lib/armv7e-m\libc_s.a(lib_a-nano-freer.o)
                0x0040c978                _free_r
 .text._malloc_r
                0x0040ca00       0xa8 e:/arduino-1.5.8/hardware/tools/gcc-arm-none-eabi-4.8.3-2014q1/bin/../lib/gcc/arm-none-eabi/4.8.3/../../../../arm-none-eabi/lib/armv7e-m\libc_s.a(lib_a-nano-mallocr.o)
                0x0040ca00                _malloc_r
 .text._realloc_r
                0x0040caa8       0x4c e:/arduino-1.5.8/hardware/tools/gcc-arm-none-eabi-4.8.3-2014q1/bin/../lib/gcc/arm-none-eabi/4.8.3/../../../../arm-none-eabi/lib/armv7e-m\libc_s.a(lib_a-nano-reallocr.o)
                0x0040caa8                _realloc_r
 .text.__fpclassifyd
                0x0040caf4       0x44 e:/arduino-1.5.8/hardware/tools/gcc-arm-none-eabi-4.8.3-2014q1/bin/../lib/gcc/arm-none-eabi/4.8.3/../../../../arm-none-eabi/lib/armv7e-m\libc_s.a(lib_a-s_fpclassify.o)
                0x0040caf4                __fpclassifyd
 .text._sbrk_r  0x0040cb38       0x20 e:/arduino-1.5.8/hardware/tools/gcc-arm-none-eabi-4.8.3-2014q1/bin/../lib/gcc/arm-none-eabi/4.8.3/../../../../arm-none-eabi/lib/armv7e-m\libc_s.a(lib_a-sbrkr.o)
                0x0040cb38                _sbrk_r
 .text.nanf     0x0040cb58        0x8 e:/arduino-1.5.8/hardware/tools/gcc-arm-none-eabi-4.8.3-2014q1/bin/../lib/gcc/arm-none-eabi/4.8.3/../../../../arm-none-eabi/lib/armv7e-m\libc_s.a(lib_a-sf_nan.o)
                0x0040cb58                nanf
 .text.malloc   0x0040cb60       0x10 e:/arduino-1.5.8/hardware/tools/gcc-arm-none-eabi-4.8.3-2014q1/bin/../lib/gcc/arm-none-eabi/4.8.3/../../../../arm-none-eabi/lib/armv7e-m\libc_s.a(lib_a-malloc.o)
                0x0040cb60                malloc
 .text._malloc_usable_size_r
                0x0040cb70       0x12 e:/arduino-1.5.8/hardware/tools/gcc-arm-none-eabi-4.8.3-2014q1/bin/../lib/gcc/arm-none-eabi/4.8.3/../../../../arm-none-eabi/lib/armv7e-m\libc_s.a(lib_a-nano-msizer.o)
                0x0040cb70                _malloc_usable_size_r
 *fill*         0x0040cb82        0x2 
 .text          0x0040cb84      0x110 e:/arduino-1.5.8/hardware/tools/gcc-arm-none-eabi-4.8.3-2014q1/bin/../lib/gcc/arm-none-eabi/4.8.3/armv7e-m\libgcc.a(_arm_cmpdf2.o)
                0x0040cb84                __gtdf2
                0x0040cb84                __gedf2
                0x0040cb8c                __ltdf2
                0x0040cb8c                __ledf2
                0x0040cb94                __nedf2
                0x0040cb94                __eqdf2
                0x0040cb94                __cmpdf2
                0x0040cc10                __aeabi_cdrcmple
                0x0040cc20                __aeabi_cdcmpeq
                0x0040cc20                __aeabi_cdcmple
                0x0040cc30                __aeabi_dcmpeq
                0x0040cc44                __aeabi_dcmplt
                0x0040cc58                __aeabi_dcmple
                0x0040cc6c                __aeabi_dcmpge
                0x0040cc80                __aeabi_dcmpgt
 *(.glue_7t)
 .glue_7t       0x00000000        0x0 linker stubs
 *(.glue_7)
 .glue_7        0x00000000        0x0 linker stubs
 *(.rodata .rodata* .gnu.linkonce.r.*)
 .rodata.IconPaletteDark
                0x0040cc94       0x20 ./src/Icons/HomeIcons.o
                0x0040cc94                IconPaletteDark
 .rodata.IconPaletteLight
                0x0040ccb4       0x20 ./src/Icons/HomeIcons.o
                0x0040ccb4                IconPaletteLight
 .rodata.IconHomeAll
                0x0040ccd4      0x109 ./src/Icons/HomeIcons.o
                0x0040ccd4                IconHomeAll
 .rodata.IconHomeZ
                0x0040cddd      0x109 ./src/Icons/HomeIcons.o
                0x0040cddd                IconHomeZ
 .rodata.IconHomeU
                0x0040cee6      0x109 ./src/Icons/HomeIcons.o
                0x0040cee6                IconHomeU
 .rodata.IconHomeX
                0x0040cfef      0x109 ./src/Icons/HomeIcons.o
                0x0040cfef                IconHomeX
 .rodata.IconHomeY
                0x0040d0f8      0x109 ./src/Icons/HomeIcons.o
                0x0040d0f8                IconHomeY
 .rodata.IconBedComp
                0x0040d201      0x109 ./src/Icons/HomeIcons.o
                0x0040d201                IconBedComp
 .rodata.IconDown
                0x0040d30a       0xb5 ./src/Icons/KeyIcons.o
                0x0040d30a                IconDown
 .rodata.IconEnter